=== arm=off round=roundA strategy=both jobs=8 ===
commit: c51d9a5e
uptime before:  00:34:22 up 22 days,  6:20, 10 users,  load average: 15.41, 25.99, 26.03
2026-09-07T00:34:22-04:00
[1m[33mwarning[39m[0m[1m:[0m [1m`VIRTUAL_ENV=/home/dannyb/sources/factorio-lab-to-blueprint/.venv` does not match the project environment path `.venv` and will be ignored; use `--active` to target the active environment instead[0m
6 cells of stress, 8 at a time, 16 CP-SAT workers each, cap 3600s
  . [  1/6]     2s freeform  trivial  iron-ingot/no-proliferator power=1 budget=30s        CLEAN      0.5s
  . [  2/6]     2s freeform  trivial  iron-ingot/output-products power=1 budget=30s        CLEAN      1.3s
  . [  3/6]     3s freeform  trivial  iron-ingot/all-products power=1 budget=30s           CLEAN      1.6s
  . [  4/6]    11s sequence-pair trivial  iron-ingot/no-proliferator power=1 budget=30s        CLEAN      9.9s
  . [  5/6]    23s sequence-pair trivial  iron-ingot/output-products power=1 budget=30s        CLEAN     21.7s  <-- 22s
  . [  6/6]    24s sequence-pair trivial  iron-ingot/all-products power=1 budget=30s           CLEAN     22.6s  <-- 23s

=== freeform: 3/3 clean -- CLEAN   (refused 0, invalid 0, crashed 0, not run 0)

=== sequence-pair: 3/3 clean -- CLEAN   (refused 0, invalid 0, crashed 0, not run 0)
    slowest: 23s sequence-pair iron-ingot/all-products power=1 budget=30s, 22s sequence-pair iron-ingot/output-products power=1 budget=30s

24s wall, 6/6 cells
  [iron-ingot exit 0]  00:34:48 up 22 days,  6:20, 10 users,  load average: 15.89, 25.26, 25.79
[1m[33mwarning[39m[0m[1m:[0m [1m`VIRTUAL_ENV=/home/dannyb/sources/factorio-lab-to-blueprint/.venv` does not match the project environment path `.venv` and will be ignored; use `--active` to target the active environment instead[0m
6 cells of stress, 8 at a time, 16 CP-SAT workers each, cap 3600s
  . [  1/6]     2s freeform  trivial  magnetic-coil/no-proliferator power=1 budget=30s     CLEAN      1.0s
  . [  2/6]     3s freeform  trivial  magnetic-coil/output-products power=1 budget=30s     CLEAN      2.2s
  . [  3/6]     5s freeform  trivial  magnetic-coil/all-products power=1 budget=30s        CLEAN      3.8s
  . [  4/6]    23s sequence-pair trivial  magnetic-coil/no-proliferator power=1 budget=30s     CLEAN     21.4s  <-- 21s
  . [  5/6]    32s sequence-pair trivial  magnetic-coil/all-products power=1 budget=30s        CLEAN     30.8s  <-- 31s
  . [  6/6]    32s sequence-pair trivial  magnetic-coil/output-products power=1 budget=30s     CLEAN     30.8s  <-- 31s

=== freeform: 3/3 clean -- CLEAN   (refused 0, invalid 0, crashed 0, not run 0)

=== sequence-pair: 3/3 clean -- CLEAN   (refused 0, invalid 0, crashed 0, not run 0)
    slowest: 31s sequence-pair magnetic-coil/output-products power=1 budget=30s, 31s sequence-pair magnetic-coil/all-products power=1 budget=30s, 21s sequence-pair magnetic-coil/no-proliferator power=1 budget=30s

32s wall, 6/6 cells
2 cells completed after their own requested search deadline; the largest completion tail was 0.8s. Emission, detailed routing already in flight, and validation finish atomically.
  [magnetic-coil exit 0]  00:35:22 up 22 days,  6:21, 10 users,  load average: 20.11, 25.06, 25.69
[1m[33mwarning[39m[0m[1m:[0m [1m`VIRTUAL_ENV=/home/dannyb/sources/factorio-lab-to-blueprint/.venv` does not match the project environment path `.venv` and will be ignored; use `--active` to target the active environment instead[0m
6 cells of stress, 8 at a time, 16 CP-SAT workers each, cap 3600s
  . [  1/6]     2s freeform  small    graphene/no-proliferator power=1 budget=30s          CLEAN      1.3s
  . [  2/6]     3s freeform  small    graphene/output-products power=1 budget=30s          CLEAN      2.1s
  . [  3/6]     4s freeform  small    graphene/all-products power=1 budget=30s             CLEAN      2.7s
  . [  4/6]    29s sequence-pair small    graphene/no-proliferator power=1 budget=30s          CLEAN     27.6s  <-- 28s
  . [  5/6]    32s sequence-pair small    graphene/output-products power=1 budget=30s          CLEAN     30.9s  <-- 31s
  . [  6/6]    32s sequence-pair small    graphene/all-products power=1 budget=30s             CLEAN     30.9s  <-- 31s

=== freeform: 3/3 clean -- CLEAN   (refused 0, invalid 0, crashed 0, not run 0)

=== sequence-pair: 3/3 clean -- CLEAN   (refused 0, invalid 0, crashed 0, not run 0)
    slowest: 31s sequence-pair graphene/all-products power=1 budget=30s, 31s sequence-pair graphene/output-products power=1 budget=30s, 28s sequence-pair graphene/no-proliferator power=1 budget=30s

32s wall, 6/6 cells
2 cells completed after their own requested search deadline; the largest completion tail was 0.9s. Emission, detailed routing already in flight, and validation finish atomically.
  [graphene exit 0]  00:35:55 up 22 days,  6:21, 10 users,  load average: 19.50, 24.46, 25.47
[1m[33mwarning[39m[0m[1m:[0m [1m`VIRTUAL_ENV=/home/dannyb/sources/factorio-lab-to-blueprint/.venv` does not match the project environment path `.venv` and will be ignored; use `--active` to target the active environment instead[0m
6 cells of stress, 8 at a time, 16 CP-SAT workers each, cap 3600s
  . [  1/6]     4s freeform  small    electromagnetic-matrix/no-proliferator power=1 budget=30s CLEAN      2.8s
  . [  2/6]     5s freeform  small    electromagnetic-matrix/output-products power=1 budget=30s CLEAN      4.4s
  . [  3/6]    17s freeform  small    electromagnetic-matrix/all-products power=1 budget=30s CLEAN     15.7s  <-- 16s
  . [  4/6]    30s sequence-pair small    electromagnetic-matrix/all-products power=1 budget=30s CLEAN     29.4s  <-- 29s
  . [  5/6]    32s sequence-pair small    electromagnetic-matrix/output-products power=1 budget=30s CLEAN     30.6s  <-- 31s
  . [  6/6]    32s sequence-pair small    electromagnetic-matrix/no-proliferator power=1 budget=30s CLEAN     31.3s  <-- 31s

=== freeform: 3/3 clean -- CLEAN   (refused 0, invalid 0, crashed 0, not run 0)
    slowest: 16s freeform electromagnetic-matrix/all-products power=1 budget=30s

=== sequence-pair: 3/3 clean -- CLEAN   (refused 0, invalid 0, crashed 0, not run 0)
    slowest: 31s sequence-pair electromagnetic-matrix/no-proliferator power=1 budget=30s, 31s sequence-pair electromagnetic-matrix/output-products power=1 budget=30s, 29s sequence-pair electromagnetic-matrix/all-products power=1 budget=30s

32s wall, 6/6 cells
2 cells completed after their own requested search deadline; the largest completion tail was 1.3s. Emission, detailed routing already in flight, and validation finish atomically.
  [electromagnetic-matrix exit 0]  00:36:29 up 22 days,  6:22, 10 users,  load average: 21.47, 24.35, 25.39
[1m[33mwarning[39m[0m[1m:[0m [1m`VIRTUAL_ENV=/home/dannyb/sources/factorio-lab-to-blueprint/.venv` does not match the project environment path `.venv` and will be ignored; use `--active` to target the active environment instead[0m
6 cells of stress, 8 at a time, 16 CP-SAT workers each, cap 3600s
  . [  1/6]     4s freeform  small    plastic/no-proliferator power=1 budget=30s           CLEAN      2.5s
  . [  2/6]     7s freeform  small    plastic/output-products power=1 budget=30s           CLEAN      5.9s
  . [  3/6]    10s freeform  small    plastic/all-products power=1 budget=30s              CLEAN      9.1s
  . [  4/6]    31s sequence-pair small    plastic/all-products power=1 budget=30s              CLEAN     29.6s  <-- 30s
  . [  5/6]    31s sequence-pair small    plastic/output-products power=1 budget=30s           CLEAN     30.3s  <-- 30s
  . [  6/6]    33s sequence-pair small    plastic/no-proliferator power=1 budget=30s           CLEAN     31.5s  <-- 32s

=== freeform: 3/3 clean -- CLEAN   (refused 0, invalid 0, crashed 0, not run 0)

=== sequence-pair: 3/3 clean -- CLEAN   (refused 0, invalid 0, crashed 0, not run 0)
    slowest: 32s sequence-pair plastic/no-proliferator power=1 budget=30s, 30s sequence-pair plastic/output-products power=1 budget=30s, 30s sequence-pair plastic/all-products power=1 budget=30s

33s wall, 6/6 cells
2 cells completed after their own requested search deadline; the largest completion tail was 1.5s. Emission, detailed routing already in flight, and validation finish atomically.
  [plastic exit 0]  00:37:03 up 22 days,  6:23, 10 users,  load average: 22.72, 24.38, 25.36
[1m[33mwarning[39m[0m[1m:[0m [1m`VIRTUAL_ENV=/home/dannyb/sources/factorio-lab-to-blueprint/.venv` does not match the project environment path `.venv` and will be ignored; use `--active` to target the active environment instead[0m
6 cells of stress, 8 at a time, 16 CP-SAT workers each, cap 3600s
  . [  1/6]     7s freeform  mid      processor/no-proliferator power=1 budget=30s         CLEAN      6.1s
  . [  2/6]    12s freeform  mid      processor/output-products power=1 budget=30s         CLEAN     10.3s  <-- 10s
  . [  3/6]    13s freeform  mid      processor/all-products power=1 budget=30s            CLEAN     11.4s  <-- 11s
  . [  4/6]    30s sequence-pair mid      processor/all-products power=1 budget=30s            CLEAN     28.5s  <-- 29s
  . [  5/6]    31s sequence-pair mid      processor/output-products power=1 budget=30s         CLEAN     30.1s  <-- 30s
  . [  6/6]    33s sequence-pair mid      processor/no-proliferator power=1 budget=30s         CLEAN     31.4s  <-- 31s

=== freeform: 3/3 clean -- CLEAN   (refused 0, invalid 0, crashed 0, not run 0)
    slowest: 11s freeform processor/all-products power=1 budget=30s, 10s freeform processor/output-products power=1 budget=30s

=== sequence-pair: 3/3 clean -- CLEAN   (refused 0, invalid 0, crashed 0, not run 0)
    slowest: 31s sequence-pair processor/no-proliferator power=1 budget=30s, 30s sequence-pair processor/output-products power=1 budget=30s, 29s sequence-pair processor/all-products power=1 budget=30s

33s wall, 6/6 cells
2 cells completed after their own requested search deadline; the largest completion tail was 1.4s. Emission, detailed routing already in flight, and validation finish atomically.
  [processor exit 0]  00:37:37 up 22 days,  6:23, 10 users,  load average: 32.65, 26.56, 26.05
[1m[33mwarning[39m[0m[1m:[0m [1m`VIRTUAL_ENV=/home/dannyb/sources/factorio-lab-to-blueprint/.venv` does not match the project environment path `.venv` and will be ignored; use `--active` to target the active environment instead[0m
6 cells of stress, 8 at a time, 16 CP-SAT workers each, cap 3600s
  . [  1/6]     3s freeform  mid      energy-matrix/no-proliferator power=1 budget=30s     CLEAN      1.7s
  . [  2/6]     4s freeform  mid      energy-matrix/output-products power=1 budget=30s     CLEAN      2.5s
  . [  3/6]     4s freeform  mid      energy-matrix/all-products power=1 budget=30s        CLEAN      2.7s
  . [  4/6]    33s sequence-pair mid      energy-matrix/all-products power=1 budget=30s        CLEAN     31.3s  <-- 31s
  . [  5/6]    33s sequence-pair mid      energy-matrix/output-products power=1 budget=30s     CLEAN     31.3s  <-- 31s
  . [  6/6]    33s sequence-pair mid      energy-matrix/no-proliferator power=1 budget=30s     CLEAN     31.8s  <-- 32s

=== freeform: 3/3 clean -- CLEAN   (refused 0, invalid 0, crashed 0, not run 0)

=== sequence-pair: 3/3 clean -- CLEAN   (refused 0, invalid 0, crashed 0, not run 0)
    slowest: 32s sequence-pair energy-matrix/no-proliferator power=1 budget=30s, 31s sequence-pair energy-matrix/output-products power=1 budget=30s, 31s sequence-pair energy-matrix/all-products power=1 budget=30s

33s wall, 6/6 cells
3 cells completed after their own requested search deadline; the largest completion tail was 1.8s. Emission, detailed routing already in flight, and validation finish atomically.
  [energy-matrix exit 0]  00:38:12 up 22 days,  6:24, 10 users,  load average: 49.94, 31.13, 27.58
[1m[33mwarning[39m[0m[1m:[0m [1m`VIRTUAL_ENV=/home/dannyb/sources/factorio-lab-to-blueprint/.venv` does not match the project environment path `.venv` and will be ignored; use `--active` to target the active environment instead[0m
6 cells of stress, 8 at a time, 16 CP-SAT workers each, cap 3600s
  . [  1/6]    29s freeform  mid      super-magnetic-ring/output-products power=1 budget=30s CLEAN     27.2s  <-- 27s
  . [  2/6]    30s freeform  mid      super-magnetic-ring/no-proliferator power=1 budget=30s CLEAN     29.0s  <-- 29s
  . [  3/6]    30s sequence-pair mid      super-magnetic-ring/no-proliferator power=1 budget=30s CLEAN     29.0s  <-- 29s
  . [  4/6]    31s freeform  mid      super-magnetic-ring/all-products power=1 budget=30s  CLEAN     29.2s  <-- 29s
  . [  5/6]    31s sequence-pair mid      super-magnetic-ring/output-products power=1 budget=30s CLEAN     29.9s  <-- 30s
  . [  6/6]    32s sequence-pair mid      super-magnetic-ring/all-products power=1 budget=30s  CLEAN     30.4s  <-- 30s

=== freeform: 3/3 clean -- CLEAN   (refused 0, invalid 0, crashed 0, not run 0)
    slowest: 29s freeform super-magnetic-ring/all-products power=1 budget=30s, 29s freeform super-magnetic-ring/no-proliferator power=1 budget=30s, 27s freeform super-magnetic-ring/output-products power=1 budget=30s

=== sequence-pair: 3/3 clean -- CLEAN   (refused 0, invalid 0, crashed 0, not run 0)
    slowest: 30s sequence-pair super-magnetic-ring/all-products power=1 budget=30s, 30s sequence-pair super-magnetic-ring/output-products power=1 budget=30s, 29s sequence-pair super-magnetic-ring/no-proliferator power=1 budget=30s

32s wall, 6/6 cells
1 cells completed after their own requested search deadline; the largest completion tail was 0.4s. Emission, detailed routing already in flight, and validation finish atomically.
  [super-magnetic-ring exit 0]  00:38:46 up 22 days,  6:24, 10 users,  load average: 54.66, 34.41, 28.80
[1m[33mwarning[39m[0m[1m:[0m [1m`VIRTUAL_ENV=/home/dannyb/sources/factorio-lab-to-blueprint/.venv` does not match the project environment path `.venv` and will be ignored; use `--active` to target the active environment instead[0m
6 cells of stress, 8 at a time, 16 CP-SAT workers each, cap 3600s
  . [  1/6]     6s freeform  large    casimir-crystal/no-proliferator power=1 budget=30s   CLEAN      4.9s
  . [  2/6]    11s freeform  large    casimir-crystal/output-products power=1 budget=30s   CLEAN     10.1s  <-- 10s
  . [  3/6]    13s freeform  large    casimir-crystal/all-products power=1 budget=30s      CLEAN     11.8s  <-- 12s
  . [  4/6]    31s sequence-pair large    casimir-crystal/all-products power=1 budget=30s      CLEAN     29.9s  <-- 30s
  . [  5/6]    31s sequence-pair large    casimir-crystal/output-products power=1 budget=30s   CLEAN     30.3s  <-- 30s
  . [  6/6]    32s sequence-pair large    casimir-crystal/no-proliferator power=1 budget=30s   CLEAN     31.1s  <-- 31s

=== freeform: 3/3 clean -- CLEAN   (refused 0, invalid 0, crashed 0, not run 0)
    slowest: 12s freeform casimir-crystal/all-products power=1 budget=30s, 10s freeform casimir-crystal/output-products power=1 budget=30s

=== sequence-pair: 3/3 clean -- CLEAN   (refused 0, invalid 0, crashed 0, not run 0)
    slowest: 31s sequence-pair casimir-crystal/no-proliferator power=1 budget=30s, 30s sequence-pair casimir-crystal/output-products power=1 budget=30s, 30s sequence-pair casimir-crystal/all-products power=1 budget=30s

32s wall, 6/6 cells
2 cells completed after their own requested search deadline; the largest completion tail was 1.1s. Emission, detailed routing already in flight, and validation finish atomically.
  [casimir-crystal exit 0]  00:39:20 up 22 days,  6:25, 10 users,  load average: 49.05, 35.05, 29.20
[1m[33mwarning[39m[0m[1m:[0m [1m`VIRTUAL_ENV=/home/dannyb/sources/factorio-lab-to-blueprint/.venv` does not match the project environment path `.venv` and will be ignored; use `--active` to target the active environment instead[0m
6 cells of stress, 8 at a time, 16 CP-SAT workers each, cap 3600s
  . [  1/6]    14s freeform  large    information-matrix/no-proliferator power=1 budget=30s CLEAN     12.8s  <-- 13s
  . [  2/6]    28s freeform  large    information-matrix/output-products power=1 budget=30s CLEAN     27.3s  <-- 27s
  . [  3/6]    29s sequence-pair large    information-matrix/all-products power=1 budget=30s   CLEAN     27.9s  <-- 28s
  . [  4/6]    29s sequence-pair large    information-matrix/output-products power=1 budget=30s CLEAN     28.1s  <-- 28s
  . [  5/6]    30s sequence-pair large    information-matrix/no-proliferator power=1 budget=30s CLEAN     29.1s  <-- 29s
  . [  6/6]    31s freeform  large    information-matrix/all-products power=1 budget=30s   CLEAN     29.6s  <-- 30s

=== freeform: 3/3 clean -- CLEAN   (refused 0, invalid 0, crashed 0, not run 0)
    slowest: 30s freeform information-matrix/all-products power=1 budget=30s, 27s freeform information-matrix/output-products power=1 budget=30s, 13s freeform information-matrix/no-proliferator power=1 budget=30s

=== sequence-pair: 3/3 clean -- CLEAN   (refused 0, invalid 0, crashed 0, not run 0)
    slowest: 29s sequence-pair information-matrix/no-proliferator power=1 budget=30s, 28s sequence-pair information-matrix/output-products power=1 budget=30s, 28s sequence-pair information-matrix/all-products power=1 budget=30s

31s wall, 6/6 cells
  [information-matrix exit 0]  00:39:52 up 22 days,  6:25, 10 users,  load average: 40.36, 34.45, 29.22
[1m[33mwarning[39m[0m[1m:[0m [1m`VIRTUAL_ENV=/home/dannyb/sources/factorio-lab-to-blueprint/.venv` does not match the project environment path `.venv` and will be ignored; use `--active` to target the active environment instead[0m
6 cells of stress, 8 at a time, 16 CP-SAT workers each, cap 3600s
  . [  1/6]    13s freeform  stress   quantum-chip/no-proliferator power=1 budget=30s      CLEAN     11.5s  <-- 11s
  . [  2/6]    18s freeform  stress   quantum-chip/output-products power=1 budget=30s      CLEAN     17.4s  <-- 17s
  . [  3/6]    28s sequence-pair stress   quantum-chip/all-products power=1 budget=30s         CLEAN     27.0s  <-- 27s
  . [  4/6]    29s freeform  stress   quantum-chip/all-products power=1 budget=30s         CLEAN     28.0s  <-- 28s
  . [  5/6]    31s sequence-pair stress   quantum-chip/no-proliferator power=1 budget=30s      CLEAN     29.6s  <-- 30s
  . [  6/6]    31s sequence-pair stress   quantum-chip/output-products power=1 budget=30s      CLEAN     29.7s  <-- 30s

=== freeform: 3/3 clean -- CLEAN   (refused 0, invalid 0, crashed 0, not run 0)
    slowest: 28s freeform quantum-chip/all-products power=1 budget=30s, 17s freeform quantum-chip/output-products power=1 budget=30s, 11s freeform quantum-chip/no-proliferator power=1 budget=30s

=== sequence-pair: 3/3 clean -- CLEAN   (refused 0, invalid 0, crashed 0, not run 0)
    slowest: 30s sequence-pair quantum-chip/output-products power=1 budget=30s, 30s sequence-pair quantum-chip/no-proliferator power=1 budget=30s, 27s sequence-pair quantum-chip/all-products power=1 budget=30s

31s wall, 6/6 cells
  [quantum-chip exit 0]  00:40:25 up 22 days,  6:26, 10 users,  load average: 37.38, 34.27, 29.33
[1m[33mwarning[39m[0m[1m:[0m [1m`VIRTUAL_ENV=/home/dannyb/sources/factorio-lab-to-blueprint/.venv` does not match the project environment path `.venv` and will be ignored; use `--active` to target the active environment instead[0m
6 cells of stress, 8 at a time, 16 CP-SAT workers each, cap 3600s
  . [  1/6]    27s freeform  stress   universe-matrix/all-products power=1 budget=30s      CLEAN     26.1s  <-- 26s
  . [  2/6]    32s sequence-pair stress   universe-matrix/no-proliferator power=1 budget=30s   CLEAN     30.8s  <-- 31s
  X [  3/6]    32s sequence-pair stress   universe-matrix/all-products power=1 budget=30s      REFUSED   30.9s  <-- 31s
  . [  4/6]    33s sequence-pair stress   universe-matrix/output-products power=1 budget=30s   CLEAN     31.7s  <-- 32s
  . [  5/6]    34s freeform  stress   universe-matrix/output-products power=1 budget=30s   CLEAN     32.3s  <-- 32s
  . [  6/6]    35s freeform  stress   universe-matrix/no-proliferator power=1 budget=30s   CLEAN     33.5s  <-- 33s

=== freeform: 3/3 clean -- CLEAN   (refused 0, invalid 0, crashed 0, not run 0)
    slowest: 33s freeform universe-matrix/no-proliferator power=1 budget=30s, 32s freeform universe-matrix/output-products power=1 budget=30s, 26s freeform universe-matrix/all-products power=1 budget=30s

=== sequence-pair: 2/3 clean -- NOT CLEAN   (refused 1, invalid 0, crashed 0, not run 0)
    by check: {'<refused>': 1}
    REFUSED  universe-matrix/all-products power=1 budget=30s  all 4 sequence islands refused: island 0: deadline exhausted before finding an exact layout; island 1: deadline exhausted before finding an exact layout; island 2: deadline exhausted before finding an exact layout; island 3: deadline exhausted before finding an exact layout
    slowest: 32s sequence-pair universe-matrix/output-products power=1 budget=30s, 31s sequence-pair universe-matrix/all-products power=1 budget=30s, 31s sequence-pair universe-matrix/no-proliferator power=1 budget=30s

35s wall, 6/6 cells
5 cells completed after their own requested search deadline; the largest completion tail was 3.5s. Emission, detailed routing already in flight, and validation finish atomically.

NOT CLEAN. An INVALID cell is worse than a REFUSED one: refusing emits nothing, while an invalid blueprint pastes and then does not run. Fix the invalid ones first.
  [universe-matrix exit 1]  00:41:02 up 22 days,  6:27, 10 users,  load average: 41.65, 35.67, 30.00
ARM off DONE 2026-09-07T00:41:02-04:00
ARM off REPORTED DONE 2026-09-07T00:43:24-04:00
