=== arm=packed-hpwl round=roundA strategy=freeform jobs=8 ===
commit: a78274ca
cpu pressure before (runnable, 5s mean): 6.2
2026-09-07T02:12:35-04:00
[1m[33mwarning[39m[0m[1m:[0m [1m`VIRTUAL_ENV=/home/dannyb/sources/factorio-lab-to-blueprint/.venv` does not match the project environment path `.venv` and will be ignored; use `--active` to target the active environment instead[0m
3 cells of stress, 8 at a time, 16 CP-SAT workers each, cap 3600s
  . [  1/3]     2s freeform  trivial  iron-ingot/no-proliferator power=1 budget=30s        CLEAN      0.5s
  . [  2/3]     3s freeform  trivial  iron-ingot/output-products power=1 budget=30s        CLEAN      1.5s
  . [  3/3]     3s freeform  trivial  iron-ingot/all-products power=1 budget=30s           CLEAN      1.5s

=== freeform: 3/3 clean -- CLEAN   (refused 0, invalid 0, crashed 0, not run 0)

3s wall, 3/3 cells
  [iron-ingot exit 0] cpu=27.2
[1m[33mwarning[39m[0m[1m:[0m [1m`VIRTUAL_ENV=/home/dannyb/sources/factorio-lab-to-blueprint/.venv` does not match the project environment path `.venv` and will be ignored; use `--active` to target the active environment instead[0m
3 cells of stress, 8 at a time, 16 CP-SAT workers each, cap 3600s
  . [  1/3]     2s freeform  trivial  magnetic-coil/no-proliferator power=1 budget=30s     CLEAN      1.1s
  . [  2/3]     7s freeform  trivial  magnetic-coil/output-products power=1 budget=30s     CLEAN      6.0s
  . [  3/3]    10s freeform  trivial  magnetic-coil/all-products power=1 budget=30s        CLEAN      8.4s

=== freeform: 3/3 clean -- CLEAN   (refused 0, invalid 0, crashed 0, not run 0)

10s wall, 3/3 cells
  [magnetic-coil exit 0] cpu=32.8
[1m[33mwarning[39m[0m[1m:[0m [1m`VIRTUAL_ENV=/home/dannyb/sources/factorio-lab-to-blueprint/.venv` does not match the project environment path `.venv` and will be ignored; use `--active` to target the active environment instead[0m
3 cells of stress, 8 at a time, 16 CP-SAT workers each, cap 3600s
  . [  1/3]     3s freeform  small    graphene/no-proliferator power=1 budget=30s          CLEAN      1.4s
  . [  2/3]     7s freeform  small    graphene/output-products power=1 budget=30s          CLEAN      5.6s
  . [  3/3]     7s freeform  small    graphene/all-products power=1 budget=30s             CLEAN      6.0s

=== freeform: 3/3 clean -- CLEAN   (refused 0, invalid 0, crashed 0, not run 0)

7s wall, 3/3 cells
  [graphene exit 0] cpu=3.6
[1m[33mwarning[39m[0m[1m:[0m [1m`VIRTUAL_ENV=/home/dannyb/sources/factorio-lab-to-blueprint/.venv` does not match the project environment path `.venv` and will be ignored; use `--active` to target the active environment instead[0m
3 cells of stress, 8 at a time, 16 CP-SAT workers each, cap 3600s
  . [  1/3]     3s freeform  small    electromagnetic-matrix/no-proliferator power=1 budget=30s CLEAN      1.9s
  . [  2/3]    11s freeform  small    electromagnetic-matrix/output-products power=1 budget=30s CLEAN      9.6s
  . [  3/3]    20s freeform  small    electromagnetic-matrix/all-products power=1 budget=30s CLEAN     18.5s  <-- 18s

=== freeform: 3/3 clean -- CLEAN   (refused 0, invalid 0, crashed 0, not run 0)
    slowest: 18s freeform electromagnetic-matrix/all-products power=1 budget=30s

20s wall, 3/3 cells
  [electromagnetic-matrix exit 0] cpu=19.8
[1m[33mwarning[39m[0m[1m:[0m [1m`VIRTUAL_ENV=/home/dannyb/sources/factorio-lab-to-blueprint/.venv` does not match the project environment path `.venv` and will be ignored; use `--active` to target the active environment instead[0m
3 cells of stress, 8 at a time, 16 CP-SAT workers each, cap 3600s
  . [  1/3]     4s freeform  small    plastic/no-proliferator power=1 budget=30s           CLEAN      3.0s
  . [  2/3]     9s freeform  small    plastic/output-products power=1 budget=30s           CLEAN      7.1s
  . [  3/3]    14s freeform  small    plastic/all-products power=1 budget=30s              CLEAN     12.6s  <-- 13s

=== freeform: 3/3 clean -- CLEAN   (refused 0, invalid 0, crashed 0, not run 0)
    slowest: 13s freeform plastic/all-products power=1 budget=30s

14s wall, 3/3 cells
  [plastic exit 0] cpu=61.0
[1m[33mwarning[39m[0m[1m:[0m [1m`VIRTUAL_ENV=/home/dannyb/sources/factorio-lab-to-blueprint/.venv` does not match the project environment path `.venv` and will be ignored; use `--active` to target the active environment instead[0m
3 cells of stress, 8 at a time, 16 CP-SAT workers each, cap 3600s
  . [  1/3]     8s freeform  mid      processor/no-proliferator power=1 budget=30s         CLEAN      6.2s
  . [  2/3]    11s freeform  mid      processor/output-products power=1 budget=30s         CLEAN     10.0s  <-- 10s
  . [  3/3]    22s freeform  mid      processor/all-products power=1 budget=30s            CLEAN     20.2s  <-- 20s

=== freeform: 3/3 clean -- CLEAN   (refused 0, invalid 0, crashed 0, not run 0)
    slowest: 20s freeform processor/all-products power=1 budget=30s, 10s freeform processor/output-products power=1 budget=30s

22s wall, 3/3 cells
  [processor exit 0] cpu=26.6
[1m[33mwarning[39m[0m[1m:[0m [1m`VIRTUAL_ENV=/home/dannyb/sources/factorio-lab-to-blueprint/.venv` does not match the project environment path `.venv` and will be ignored; use `--active` to target the active environment instead[0m
3 cells of stress, 8 at a time, 16 CP-SAT workers each, cap 3600s
  . [  1/3]     3s freeform  mid      energy-matrix/no-proliferator power=1 budget=30s     CLEAN      1.6s
  . [  2/3]     6s freeform  mid      energy-matrix/output-products power=1 budget=30s     CLEAN      4.9s
  . [  3/3]    11s freeform  mid      energy-matrix/all-products power=1 budget=30s        CLEAN      9.4s

=== freeform: 3/3 clean -- CLEAN   (refused 0, invalid 0, crashed 0, not run 0)

11s wall, 3/3 cells
  [energy-matrix exit 0] cpu=35.8
[1m[33mwarning[39m[0m[1m:[0m [1m`VIRTUAL_ENV=/home/dannyb/sources/factorio-lab-to-blueprint/.venv` does not match the project environment path `.venv` and will be ignored; use `--active` to target the active environment instead[0m
3 cells of stress, 8 at a time, 16 CP-SAT workers each, cap 3600s
  . [  1/3]    19s freeform  mid      super-magnetic-ring/output-products power=1 budget=30s CLEAN     18.3s  <-- 18s
  . [  2/3]    25s freeform  mid      super-magnetic-ring/all-products power=1 budget=30s  CLEAN     23.7s  <-- 24s
  . [  3/3]    30s freeform  mid      super-magnetic-ring/no-proliferator power=1 budget=30s CLEAN     29.3s  <-- 29s

=== freeform: 3/3 clean -- CLEAN   (refused 0, invalid 0, crashed 0, not run 0)
    slowest: 29s freeform super-magnetic-ring/no-proliferator power=1 budget=30s, 24s freeform super-magnetic-ring/all-products power=1 budget=30s, 18s freeform super-magnetic-ring/output-products power=1 budget=30s

30s wall, 3/3 cells
  [super-magnetic-ring exit 0] cpu=51.0
[1m[33mwarning[39m[0m[1m:[0m [1m`VIRTUAL_ENV=/home/dannyb/sources/factorio-lab-to-blueprint/.venv` does not match the project environment path `.venv` and will be ignored; use `--active` to target the active environment instead[0m
3 cells of stress, 8 at a time, 16 CP-SAT workers each, cap 3600s
  . [  1/3]     6s freeform  large    casimir-crystal/no-proliferator power=1 budget=30s   CLEAN      4.8s
  . [  2/3]    16s freeform  large    casimir-crystal/output-products power=1 budget=30s   CLEAN     15.0s  <-- 15s
  . [  3/3]    31s freeform  large    casimir-crystal/all-products power=1 budget=30s      CLEAN     29.6s  <-- 30s

=== freeform: 3/3 clean -- CLEAN   (refused 0, invalid 0, crashed 0, not run 0)
    slowest: 30s freeform casimir-crystal/all-products power=1 budget=30s, 15s freeform casimir-crystal/output-products power=1 budget=30s

31s wall, 3/3 cells
  [casimir-crystal exit 0] cpu=51.2
[1m[33mwarning[39m[0m[1m:[0m [1m`VIRTUAL_ENV=/home/dannyb/sources/factorio-lab-to-blueprint/.venv` does not match the project environment path `.venv` and will be ignored; use `--active` to target the active environment instead[0m
3 cells of stress, 8 at a time, 16 CP-SAT workers each, cap 3600s
  . [  1/3]    17s freeform  large    information-matrix/no-proliferator power=1 budget=30s CLEAN     16.1s  <-- 16s
  . [  2/3]    24s freeform  large    information-matrix/output-products power=1 budget=30s CLEAN     22.8s  <-- 23s
  . [  3/3]    27s freeform  large    information-matrix/all-products power=1 budget=30s   CLEAN     26.2s  <-- 26s

=== freeform: 3/3 clean -- CLEAN   (refused 0, invalid 0, crashed 0, not run 0)
    slowest: 26s freeform information-matrix/all-products power=1 budget=30s, 23s freeform information-matrix/output-products power=1 budget=30s, 16s freeform information-matrix/no-proliferator power=1 budget=30s

27s wall, 3/3 cells
  [information-matrix exit 0] cpu=13.4
[1m[33mwarning[39m[0m[1m:[0m [1m`VIRTUAL_ENV=/home/dannyb/sources/factorio-lab-to-blueprint/.venv` does not match the project environment path `.venv` and will be ignored; use `--active` to target the active environment instead[0m
3 cells of stress, 8 at a time, 16 CP-SAT workers each, cap 3600s
  . [  1/3]    10s freeform  stress   quantum-chip/no-proliferator power=1 budget=30s      CLEAN      9.0s
  . [  2/3]    17s freeform  stress   quantum-chip/output-products power=1 budget=30s      CLEAN     15.8s  <-- 16s
  . [  3/3]    24s freeform  stress   quantum-chip/all-products power=1 budget=30s         CLEAN     22.6s  <-- 23s

=== freeform: 3/3 clean -- CLEAN   (refused 0, invalid 0, crashed 0, not run 0)
    slowest: 23s freeform quantum-chip/all-products power=1 budget=30s, 16s freeform quantum-chip/output-products power=1 budget=30s

24s wall, 3/3 cells
  [quantum-chip exit 0] cpu=4.4
[1m[33mwarning[39m[0m[1m:[0m [1m`VIRTUAL_ENV=/home/dannyb/sources/factorio-lab-to-blueprint/.venv` does not match the project environment path `.venv` and will be ignored; use `--active` to target the active environment instead[0m
3 cells of stress, 8 at a time, 16 CP-SAT workers each, cap 3600s
  X [  1/3]     3s freeform  stress   universe-matrix/all-products power=1 budget=30s      REFUSED    1.5s
  X [  2/3]    24s freeform  stress   universe-matrix/output-products power=1 budget=30s   REFUSED   22.8s  <-- 23s
  . [  3/3]    31s freeform  stress   universe-matrix/no-proliferator power=1 budget=30s   CLEAN     29.7s  <-- 30s

=== freeform: 1/3 clean -- NOT CLEAN   (refused 2, invalid 0, crashed 0, not run 0)
    by check: {'<refused>': 2}
    REFUSED  universe-matrix/all-products power=1 budget=30s  no pack of 115 strips was ever produced at any candidate height; all 5 pack solves ended UNKNOWN rather than INFEASIBLE, inside the 0.02-unit deterministic work bound a pack of 115 strips is given, so the SOLVE gave up before the packing was shown impossible, and 29.1s of the 30s ceiling went unspent; the sweep stopped after 5 draws that produced no new packing
    REFUSED  universe-matrix/output-products power=1 budget=30s  no packing of 49 strips could be wired at any candidate height; every pack the sweep produced left nets unrouted. That is a PACKER defect -- it is producing packs its own router cannot wire -- and it is reported rather than papered over with a looser packing
    slowest: 30s freeform universe-matrix/no-proliferator power=1 budget=30s, 23s freeform universe-matrix/output-products power=1 budget=30s

31s wall, 3/3 cells

NOT CLEAN. An INVALID cell is worse than a REFUSED one: refusing emits nothing, while an invalid blueprint pastes and then does not run. Fix the invalid ones first.
  [universe-matrix exit 1] cpu=9.8
ARM packed-hpwl roundA DONE 2026-09-07T02:17:47-04:00
ARM packed-hpwl roundA REPORTED DONE 2026-09-07T02:18:46-04:00
=== arm=packed-hpwl round=roundA strategy=freeform jobs=8 ===
commit: a78274ca
cpu pressure before (runnable, 5s mean): 2.0
2026-09-07T02:24:37-04:00
skip iron-ingot (already recorded)
skip magnetic-coil (already recorded)
skip graphene (already recorded)
skip electromagnetic-matrix (already recorded)
skip plastic (already recorded)
skip processor (already recorded)
skip energy-matrix (already recorded)
skip super-magnetic-ring (already recorded)
skip casimir-crystal (already recorded)
skip information-matrix (already recorded)
skip quantum-chip (already recorded)
skip universe-matrix (already recorded)
ARM packed-hpwl roundA DONE 2026-09-07T02:24:37-04:00
ARM packed-hpwl roundA REPORTED DONE 2026-09-07T02:25:34-04:00
