=== arm=placed round=roundA strategy=both jobs=8 ===
commit: c51d9a5e
uptime before:  00:51:53 up 22 days,  6:37, 10 users,  load average: 54.11, 43.34, 38.08
2026-09-07T00:51:53-04:00
[1m[33mwarning[39m[0m[1m:[0m [1m`VIRTUAL_ENV=/home/dannyb/sources/factorio-lab-to-blueprint/.venv` does not match the project environment path `.venv` and will be ignored; use `--active` to target the active environment instead[0m
6 cells of stress, 8 at a time, 16 CP-SAT workers each, cap 3600s
  . [  1/6]     2s freeform  trivial  iron-ingot/no-proliferator power=1 budget=30s        CLEAN      0.4s
  . [  2/6]     3s freeform  trivial  iron-ingot/all-products power=1 budget=30s           CLEAN      1.2s
  . [  3/6]     3s freeform  trivial  iron-ingot/output-products power=1 budget=30s        CLEAN      1.4s
  . [  4/6]    13s sequence-pair trivial  iron-ingot/no-proliferator power=1 budget=30s        CLEAN     12.0s  <-- 12s
  . [  5/6]    26s sequence-pair trivial  iron-ingot/output-products power=1 budget=30s        CLEAN     24.8s  <-- 25s
  . [  6/6]    27s sequence-pair trivial  iron-ingot/all-products power=1 budget=30s           CLEAN     25.3s  <-- 25s

=== freeform: 3/3 clean -- CLEAN   (refused 0, invalid 0, crashed 0, not run 0)

=== sequence-pair: 3/3 clean -- CLEAN   (refused 0, invalid 0, crashed 0, not run 0)
    slowest: 25s sequence-pair iron-ingot/all-products power=1 budget=30s, 25s sequence-pair iron-ingot/output-products power=1 budget=30s, 12s sequence-pair iron-ingot/no-proliferator power=1 budget=30s

27s wall, 6/6 cells
  [iron-ingot exit 0]  00:52:22 up 22 days,  6:38, 10 users,  load average: 58.84, 45.73, 39.05
[1m[33mwarning[39m[0m[1m:[0m [1m`VIRTUAL_ENV=/home/dannyb/sources/factorio-lab-to-blueprint/.venv` does not match the project environment path `.venv` and will be ignored; use `--active` to target the active environment instead[0m
6 cells of stress, 8 at a time, 16 CP-SAT workers each, cap 3600s
  . [  1/6]     2s freeform  trivial  magnetic-coil/no-proliferator power=1 budget=30s     CLEAN      1.1s
  . [  2/6]     4s freeform  trivial  magnetic-coil/output-products power=1 budget=30s     CLEAN      2.5s
  . [  3/6]     5s freeform  trivial  magnetic-coil/all-products power=1 budget=30s        CLEAN      3.8s
  . [  4/6]    25s sequence-pair trivial  magnetic-coil/no-proliferator power=1 budget=30s     CLEAN     23.9s  <-- 24s
  . [  5/6]    32s sequence-pair trivial  magnetic-coil/all-products power=1 budget=30s        CLEAN     30.5s  <-- 30s
  . [  6/6]    32s sequence-pair trivial  magnetic-coil/output-products power=1 budget=30s     CLEAN     30.9s  <-- 31s

=== freeform: 3/3 clean -- CLEAN   (refused 0, invalid 0, crashed 0, not run 0)

=== sequence-pair: 3/3 clean -- CLEAN   (refused 0, invalid 0, crashed 0, not run 0)
    slowest: 31s sequence-pair magnetic-coil/output-products power=1 budget=30s, 30s sequence-pair magnetic-coil/all-products power=1 budget=30s, 24s sequence-pair magnetic-coil/no-proliferator power=1 budget=30s

32s wall, 6/6 cells
2 cells completed after their own requested search deadline; the largest completion tail was 0.9s. Emission, detailed routing already in flight, and validation finish atomically.
  [magnetic-coil exit 0]  00:52:56 up 22 days,  6:39, 10 users,  load average: 62.40, 47.71, 39.92
[1m[33mwarning[39m[0m[1m:[0m [1m`VIRTUAL_ENV=/home/dannyb/sources/factorio-lab-to-blueprint/.venv` does not match the project environment path `.venv` and will be ignored; use `--active` to target the active environment instead[0m
6 cells of stress, 8 at a time, 16 CP-SAT workers each, cap 3600s
  . [  1/6]     3s freeform  small    graphene/no-proliferator power=1 budget=30s          CLEAN      1.7s
  . [  2/6]     4s freeform  small    graphene/output-products power=1 budget=30s          CLEAN      3.2s
  . [  3/6]     5s freeform  small    graphene/all-products power=1 budget=30s             CLEAN      3.3s
  . [  4/6]    30s sequence-pair small    graphene/no-proliferator power=1 budget=30s          CLEAN     28.7s  <-- 29s
  . [  5/6]    32s sequence-pair small    graphene/all-products power=1 budget=30s             CLEAN     30.4s  <-- 30s
  . [  6/6]    32s sequence-pair small    graphene/output-products power=1 budget=30s          CLEAN     30.9s  <-- 31s

=== freeform: 3/3 clean -- CLEAN   (refused 0, invalid 0, crashed 0, not run 0)

=== sequence-pair: 3/3 clean -- CLEAN   (refused 0, invalid 0, crashed 0, not run 0)
    slowest: 31s sequence-pair graphene/output-products power=1 budget=30s, 30s sequence-pair graphene/all-products power=1 budget=30s, 29s sequence-pair graphene/no-proliferator power=1 budget=30s

32s wall, 6/6 cells
2 cells completed after their own requested search deadline; the largest completion tail was 0.9s. Emission, detailed routing already in flight, and validation finish atomically.
  [graphene exit 0]  00:53:30 up 22 days,  6:39, 10 users,  load average: 52.48, 46.99, 39.97
[1m[33mwarning[39m[0m[1m:[0m [1m`VIRTUAL_ENV=/home/dannyb/sources/factorio-lab-to-blueprint/.venv` does not match the project environment path `.venv` and will be ignored; use `--active` to target the active environment instead[0m
6 cells of stress, 8 at a time, 16 CP-SAT workers each, cap 3600s
  . [  1/6]     3s freeform  small    electromagnetic-matrix/no-proliferator power=1 budget=30s CLEAN      2.2s
  . [  2/6]     5s freeform  small    electromagnetic-matrix/output-products power=1 budget=30s CLEAN      3.9s
  . [  3/6]    15s freeform  small    electromagnetic-matrix/all-products power=1 budget=30s CLEAN     14.0s  <-- 14s
  . [  4/6]    31s sequence-pair small    electromagnetic-matrix/all-products power=1 budget=30s CLEAN     30.1s  <-- 30s
  . [  5/6]    31s sequence-pair small    electromagnetic-matrix/output-products power=1 budget=30s CLEAN     30.3s  <-- 30s
  . [  6/6]    32s sequence-pair small    electromagnetic-matrix/no-proliferator power=1 budget=30s CLEAN     31.2s  <-- 31s

=== freeform: 3/3 clean -- CLEAN   (refused 0, invalid 0, crashed 0, not run 0)
    slowest: 14s freeform electromagnetic-matrix/all-products power=1 budget=30s

=== sequence-pair: 3/3 clean -- CLEAN   (refused 0, invalid 0, crashed 0, not run 0)
    slowest: 31s sequence-pair electromagnetic-matrix/no-proliferator power=1 budget=30s, 30s sequence-pair electromagnetic-matrix/output-products power=1 budget=30s, 30s sequence-pair electromagnetic-matrix/all-products power=1 budget=30s

32s wall, 6/6 cells
3 cells completed after their own requested search deadline; the largest completion tail was 1.2s. Emission, detailed routing already in flight, and validation finish atomically.
  [electromagnetic-matrix exit 0]  00:54:03 up 22 days,  6:40, 10 users,  load average: 52.62, 47.10, 40.24
[1m[33mwarning[39m[0m[1m:[0m [1m`VIRTUAL_ENV=/home/dannyb/sources/factorio-lab-to-blueprint/.venv` does not match the project environment path `.venv` and will be ignored; use `--active` to target the active environment instead[0m
6 cells of stress, 8 at a time, 16 CP-SAT workers each, cap 3600s
  . [  1/6]     3s freeform  small    plastic/no-proliferator power=1 budget=30s           CLEAN      2.4s
  . [  2/6]     6s freeform  small    plastic/output-products power=1 budget=30s           CLEAN      4.9s
  . [  3/6]     9s freeform  small    plastic/all-products power=1 budget=30s              CLEAN      8.3s
  . [  4/6]    31s sequence-pair small    plastic/all-products power=1 budget=30s              CLEAN     29.6s  <-- 30s
  . [  5/6]    31s sequence-pair small    plastic/output-products power=1 budget=30s           CLEAN     30.1s  <-- 30s
  . [  6/6]    32s sequence-pair small    plastic/no-proliferator power=1 budget=30s           CLEAN     31.1s  <-- 31s

=== freeform: 3/3 clean -- CLEAN   (refused 0, invalid 0, crashed 0, not run 0)

=== sequence-pair: 3/3 clean -- CLEAN   (refused 0, invalid 0, crashed 0, not run 0)
    slowest: 31s sequence-pair plastic/no-proliferator power=1 budget=30s, 30s sequence-pair plastic/output-products power=1 budget=30s, 30s sequence-pair plastic/all-products power=1 budget=30s

32s wall, 6/6 cells
2 cells completed after their own requested search deadline; the largest completion tail was 1.1s. Emission, detailed routing already in flight, and validation finish atomically.
  [plastic exit 0]  00:54:37 up 22 days,  6:40, 10 users,  load average: 41.61, 45.07, 39.82
[1m[33mwarning[39m[0m[1m:[0m [1m`VIRTUAL_ENV=/home/dannyb/sources/factorio-lab-to-blueprint/.venv` does not match the project environment path `.venv` and will be ignored; use `--active` to target the active environment instead[0m
6 cells of stress, 8 at a time, 16 CP-SAT workers each, cap 3600s
  . [  1/6]     6s freeform  mid      processor/no-proliferator power=1 budget=30s         CLEAN      5.2s
  . [  2/6]    10s freeform  mid      processor/output-products power=1 budget=30s         CLEAN      9.0s
  . [  3/6]    14s freeform  mid      processor/all-products power=1 budget=30s            CLEAN     12.5s  <-- 13s
  . [  4/6]    31s sequence-pair mid      processor/all-products power=1 budget=30s            CLEAN     29.8s  <-- 30s
  . [  5/6]    31s sequence-pair mid      processor/output-products power=1 budget=30s         CLEAN     29.8s  <-- 30s
  . [  6/6]    32s sequence-pair mid      processor/no-proliferator power=1 budget=30s         CLEAN     30.9s  <-- 31s

=== freeform: 3/3 clean -- CLEAN   (refused 0, invalid 0, crashed 0, not run 0)
    slowest: 13s freeform processor/all-products power=1 budget=30s

=== sequence-pair: 3/3 clean -- CLEAN   (refused 0, invalid 0, crashed 0, not run 0)
    slowest: 31s sequence-pair processor/no-proliferator power=1 budget=30s, 30s sequence-pair processor/output-products power=1 budget=30s, 30s sequence-pair processor/all-products power=1 budget=30s

32s wall, 6/6 cells
1 cells completed after their own requested search deadline; the largest completion tail was 0.9s. Emission, detailed routing already in flight, and validation finish atomically.
  [processor exit 0]  00:55:11 up 22 days,  6:41, 10 users,  load average: 39.07, 44.20, 39.70
[1m[33mwarning[39m[0m[1m:[0m [1m`VIRTUAL_ENV=/home/dannyb/sources/factorio-lab-to-blueprint/.venv` does not match the project environment path `.venv` and will be ignored; use `--active` to target the active environment instead[0m
6 cells of stress, 8 at a time, 16 CP-SAT workers each, cap 3600s
  . [  1/6]     3s freeform  mid      energy-matrix/no-proliferator power=1 budget=30s     CLEAN      1.7s
  . [  2/6]     4s freeform  mid      energy-matrix/output-products power=1 budget=30s     CLEAN      2.8s
  . [  3/6]     4s freeform  mid      energy-matrix/all-products power=1 budget=30s        CLEAN      3.2s
  . [  4/6]    32s sequence-pair mid      energy-matrix/output-products power=1 budget=30s     CLEAN     31.0s  <-- 31s
  . [  5/6]    32s sequence-pair mid      energy-matrix/all-products power=1 budget=30s        CLEAN     31.1s  <-- 31s
  . [  6/6]    33s sequence-pair mid      energy-matrix/no-proliferator power=1 budget=30s     CLEAN     31.4s  <-- 31s

=== freeform: 3/3 clean -- CLEAN   (refused 0, invalid 0, crashed 0, not run 0)

=== sequence-pair: 3/3 clean -- CLEAN   (refused 0, invalid 0, crashed 0, not run 0)
    slowest: 31s sequence-pair energy-matrix/no-proliferator power=1 budget=30s, 31s sequence-pair energy-matrix/all-products power=1 budget=30s, 31s sequence-pair energy-matrix/output-products power=1 budget=30s

33s wall, 6/6 cells
3 cells completed after their own requested search deadline; the largest completion tail was 1.4s. Emission, detailed routing already in flight, and validation finish atomically.
  [energy-matrix exit 0]  00:55:45 up 22 days,  6:41, 10 users,  load average: 31.99, 41.83, 39.07
[1m[33mwarning[39m[0m[1m:[0m [1m`VIRTUAL_ENV=/home/dannyb/sources/factorio-lab-to-blueprint/.venv` does not match the project environment path `.venv` and will be ignored; use `--active` to target the active environment instead[0m
6 cells of stress, 8 at a time, 16 CP-SAT workers each, cap 3600s
  . [  1/6]    27s freeform  mid      super-magnetic-ring/all-products power=1 budget=30s  CLEAN     25.4s  <-- 25s
  . [  2/6]    30s freeform  mid      super-magnetic-ring/no-proliferator power=1 budget=30s CLEAN     28.7s  <-- 29s
  . [  3/6]    30s sequence-pair mid      super-magnetic-ring/output-products power=1 budget=30s CLEAN     28.9s  <-- 29s
  . [  4/6]    31s freeform  mid      super-magnetic-ring/output-products power=1 budget=30s CLEAN     29.4s  <-- 29s
  . [  5/6]    31s sequence-pair mid      super-magnetic-ring/no-proliferator power=1 budget=30s CLEAN     29.8s  <-- 30s
  . [  6/6]    31s sequence-pair mid      super-magnetic-ring/all-products power=1 budget=30s  CLEAN     30.0s  <-- 30s

=== freeform: 3/3 clean -- CLEAN   (refused 0, invalid 0, crashed 0, not run 0)
    slowest: 29s freeform super-magnetic-ring/output-products power=1 budget=30s, 29s freeform super-magnetic-ring/no-proliferator power=1 budget=30s, 25s freeform super-magnetic-ring/all-products power=1 budget=30s

=== sequence-pair: 3/3 clean -- CLEAN   (refused 0, invalid 0, crashed 0, not run 0)
    slowest: 30s sequence-pair super-magnetic-ring/all-products power=1 budget=30s, 30s sequence-pair super-magnetic-ring/no-proliferator power=1 budget=30s, 29s sequence-pair super-magnetic-ring/output-products power=1 budget=30s

31s wall, 6/6 cells
  [super-magnetic-ring exit 0]  00:56:18 up 22 days,  6:42, 10 users,  load average: 49.18, 45.06, 40.25
[1m[33mwarning[39m[0m[1m:[0m [1m`VIRTUAL_ENV=/home/dannyb/sources/factorio-lab-to-blueprint/.venv` does not match the project environment path `.venv` and will be ignored; use `--active` to target the active environment instead[0m
6 cells of stress, 8 at a time, 16 CP-SAT workers each, cap 3600s
  . [  1/6]     5s freeform  large    casimir-crystal/no-proliferator power=1 budget=30s   CLEAN      4.5s
  . [  2/6]    13s freeform  large    casimir-crystal/output-products power=1 budget=30s   CLEAN     12.5s  <-- 13s
  . [  3/6]    15s freeform  large    casimir-crystal/all-products power=1 budget=30s      CLEAN     14.4s  <-- 14s
  . [  4/6]    30s sequence-pair large    casimir-crystal/all-products power=1 budget=30s      CLEAN     29.1s  <-- 29s
  . [  5/6]    31s sequence-pair large    casimir-crystal/output-products power=1 budget=30s   CLEAN     30.2s  <-- 30s
  . [  6/6]    32s sequence-pair large    casimir-crystal/no-proliferator power=1 budget=30s   CLEAN     31.2s  <-- 31s

=== freeform: 3/3 clean -- CLEAN   (refused 0, invalid 0, crashed 0, not run 0)
    slowest: 14s freeform casimir-crystal/all-products power=1 budget=30s, 13s freeform casimir-crystal/output-products power=1 budget=30s

=== sequence-pair: 3/3 clean -- CLEAN   (refused 0, invalid 0, crashed 0, not run 0)
    slowest: 31s sequence-pair casimir-crystal/no-proliferator power=1 budget=30s, 30s sequence-pair casimir-crystal/output-products power=1 budget=30s, 29s sequence-pair casimir-crystal/all-products power=1 budget=30s

32s wall, 6/6 cells
2 cells completed after their own requested search deadline; the largest completion tail was 1.2s. Emission, detailed routing already in flight, and validation finish atomically.
  [casimir-crystal exit 0]  00:56:52 up 22 days,  6:42, 10 users,  load average: 42.27, 43.55, 39.91
[1m[33mwarning[39m[0m[1m:[0m [1m`VIRTUAL_ENV=/home/dannyb/sources/factorio-lab-to-blueprint/.venv` does not match the project environment path `.venv` and will be ignored; use `--active` to target the active environment instead[0m
6 cells of stress, 8 at a time, 16 CP-SAT workers each, cap 3600s
  . [  1/6]    14s freeform  large    information-matrix/no-proliferator power=1 budget=30s CLEAN     13.2s  <-- 13s
  . [  2/6]    28s sequence-pair large    information-matrix/all-products power=1 budget=30s   CLEAN     27.2s  <-- 27s
  . [  3/6]    28s freeform  large    information-matrix/output-products power=1 budget=30s CLEAN     27.2s  <-- 27s
  . [  4/6]    28s freeform  large    information-matrix/all-products power=1 budget=30s   CLEAN     27.4s  <-- 27s
  . [  5/6]    30s sequence-pair large    information-matrix/output-products power=1 budget=30s CLEAN     28.8s  <-- 29s
  . [  6/6]    31s sequence-pair large    information-matrix/no-proliferator power=1 budget=30s CLEAN     29.6s  <-- 30s

=== freeform: 3/3 clean -- CLEAN   (refused 0, invalid 0, crashed 0, not run 0)
    slowest: 27s freeform information-matrix/all-products power=1 budget=30s, 27s freeform information-matrix/output-products power=1 budget=30s, 13s freeform information-matrix/no-proliferator power=1 budget=30s

=== sequence-pair: 3/3 clean -- CLEAN   (refused 0, invalid 0, crashed 0, not run 0)
    slowest: 30s sequence-pair information-matrix/no-proliferator power=1 budget=30s, 29s sequence-pair information-matrix/output-products power=1 budget=30s, 27s sequence-pair information-matrix/all-products power=1 budget=30s

31s wall, 6/6 cells
  [information-matrix exit 0]  00:57:24 up 22 days,  6:43, 10 users,  load average: 40.61, 42.91, 39.81
[1m[33mwarning[39m[0m[1m:[0m [1m`VIRTUAL_ENV=/home/dannyb/sources/factorio-lab-to-blueprint/.venv` does not match the project environment path `.venv` and will be ignored; use `--active` to target the active environment instead[0m
6 cells of stress, 8 at a time, 16 CP-SAT workers each, cap 3600s
  . [  1/6]    11s freeform  stress   quantum-chip/no-proliferator power=1 budget=30s      CLEAN      9.9s
  . [  2/6]    23s freeform  stress   quantum-chip/output-products power=1 budget=30s      CLEAN     22.3s  <-- 22s
  . [  3/6]    28s sequence-pair stress   quantum-chip/all-products power=1 budget=30s         CLEAN     26.6s  <-- 27s
  . [  4/6]    28s freeform  stress   quantum-chip/all-products power=1 budget=30s         CLEAN     27.3s  <-- 27s
  . [  5/6]    30s sequence-pair stress   quantum-chip/no-proliferator power=1 budget=30s      CLEAN     29.5s  <-- 29s
  . [  6/6]    30s sequence-pair stress   quantum-chip/output-products power=1 budget=30s      CLEAN     29.5s  <-- 29s

=== freeform: 3/3 clean -- CLEAN   (refused 0, invalid 0, crashed 0, not run 0)
    slowest: 27s freeform quantum-chip/all-products power=1 budget=30s, 22s freeform quantum-chip/output-products power=1 budget=30s

=== sequence-pair: 3/3 clean -- CLEAN   (refused 0, invalid 0, crashed 0, not run 0)
    slowest: 29s sequence-pair quantum-chip/output-products power=1 budget=30s, 29s sequence-pair quantum-chip/no-proliferator power=1 budget=30s, 27s sequence-pair quantum-chip/all-products power=1 budget=30s

30s wall, 6/6 cells
  [quantum-chip exit 0]  00:57:56 up 22 days,  6:44, 10 users,  load average: 30.80, 40.17, 39.00
[1m[33mwarning[39m[0m[1m:[0m [1m`VIRTUAL_ENV=/home/dannyb/sources/factorio-lab-to-blueprint/.venv` does not match the project environment path `.venv` and will be ignored; use `--active` to target the active environment instead[0m
6 cells of stress, 8 at a time, 16 CP-SAT workers each, cap 3600s
  . [  1/6]    27s freeform  stress   universe-matrix/all-products power=1 budget=30s      CLEAN     26.0s  <-- 26s
  . [  2/6]    28s freeform  stress   universe-matrix/output-products power=1 budget=30s   CLEAN     26.8s  <-- 27s
  . [  3/6]    28s sequence-pair stress   universe-matrix/no-proliferator power=1 budget=30s   CLEAN     27.1s  <-- 27s
  . [  4/6]    32s freeform  stress   universe-matrix/no-proliferator power=1 budget=30s   CLEAN     31.0s  <-- 31s
  . [  5/6]    34s sequence-pair stress   universe-matrix/output-products power=1 budget=30s   CLEAN     32.4s  <-- 32s
  . [  6/6]    36s sequence-pair stress   universe-matrix/all-products power=1 budget=30s      CLEAN     34.5s  <-- 34s

=== freeform: 3/3 clean -- CLEAN   (refused 0, invalid 0, crashed 0, not run 0)
    slowest: 31s freeform universe-matrix/no-proliferator power=1 budget=30s, 27s freeform universe-matrix/output-products power=1 budget=30s, 26s freeform universe-matrix/all-products power=1 budget=30s

=== sequence-pair: 3/3 clean -- CLEAN   (refused 0, invalid 0, crashed 0, not run 0)
    slowest: 34s sequence-pair universe-matrix/all-products power=1 budget=30s, 32s sequence-pair universe-matrix/output-products power=1 budget=30s, 27s sequence-pair universe-matrix/no-proliferator power=1 budget=30s

36s wall, 6/6 cells
3 cells completed after their own requested search deadline; the largest completion tail was 4.5s. Emission, detailed routing already in flight, and validation finish atomically.
  [universe-matrix exit 0]  00:58:33 up 22 days,  6:44, 10 users,  load average: 24.84, 37.70, 38.22
ARM placed DONE 2026-09-07T00:58:33-04:00
ARM placed REPORTED DONE 2026-09-07T01:00:58-04:00
