=== arm=seat round=roundA strategy=both jobs=8 ===
commit: c51d9a5e
uptime before:  00:43:24 up 22 days,  6:29, 10 users,  load average: 74.77, 47.95, 35.17
2026-09-07T00:43:24-04:00
[1m[33mwarning[39m[0m[1m:[0m [1m`VIRTUAL_ENV=/home/dannyb/sources/factorio-lab-to-blueprint/.venv` does not match the project environment path `.venv` and will be ignored; use `--active` to target the active environment instead[0m
6 cells of stress, 8 at a time, 16 CP-SAT workers each, cap 3600s
  X [  1/6]     2s freeform  trivial  iron-ingot/all-products power=1 budget=30s           REFUSED    0.3s
  X [  2/6]     2s freeform  trivial  iron-ingot/output-products power=1 budget=30s        REFUSED    0.4s
  . [  3/6]     2s freeform  trivial  iron-ingot/no-proliferator power=1 budget=30s        CLEAN      0.5s
  . [  4/6]    13s sequence-pair trivial  iron-ingot/no-proliferator power=1 budget=30s        CLEAN     11.5s  <-- 11s
  . [  5/6]    14s sequence-pair trivial  iron-ingot/output-products power=1 budget=30s        CLEAN     12.8s  <-- 13s
  . [  6/6]    14s sequence-pair trivial  iron-ingot/all-products power=1 budget=30s           CLEAN     13.2s  <-- 13s

=== freeform: 1/3 clean -- NOT CLEAN   (refused 2, invalid 0, crashed 0, not run 0)
    by check: {'<refused>': 2}
    REFUSED  iron-ingot/all-products power=1 budget=30s  every packing that wired was rejected by our own validator (prolif.sprayed_cargo_reaches_machines); a placement that fails validation is refused rather than returned, because an invalid blueprint pastes and then does not run
    REFUSED  iron-ingot/output-products power=1 budget=30s  every packing that wired was rejected by our own validator (prolif.sprayed_cargo_reaches_machines); a placement that fails validation is refused rather than returned, because an invalid blueprint pastes and then does not run

=== sequence-pair: 3/3 clean -- CLEAN   (refused 0, invalid 0, crashed 0, not run 0)
    slowest: 13s sequence-pair iron-ingot/all-products power=1 budget=30s, 13s sequence-pair iron-ingot/output-products power=1 budget=30s, 11s sequence-pair iron-ingot/no-proliferator power=1 budget=30s

14s wall, 6/6 cells

NOT CLEAN. An INVALID cell is worse than a REFUSED one: refusing emits nothing, while an invalid blueprint pastes and then does not run. Fix the invalid ones first.
  [iron-ingot exit 1]  00:43:41 up 22 days,  6:29, 10 users,  load average: 68.40, 48.26, 35.55
[1m[33mwarning[39m[0m[1m:[0m [1m`VIRTUAL_ENV=/home/dannyb/sources/factorio-lab-to-blueprint/.venv` does not match the project environment path `.venv` and will be ignored; use `--active` to target the active environment instead[0m
6 cells of stress, 8 at a time, 16 CP-SAT workers each, cap 3600s
  X [  1/6]     2s freeform  trivial  magnetic-coil/all-products power=1 budget=30s        REFUSED    1.1s
  . [  2/6]     3s freeform  trivial  magnetic-coil/no-proliferator power=1 budget=30s     CLEAN      1.4s
  . [  3/6]     3s freeform  trivial  magnetic-coil/output-products power=1 budget=30s     CLEAN      1.9s
  . [  4/6]    25s sequence-pair trivial  magnetic-coil/no-proliferator power=1 budget=30s     CLEAN     24.0s  <-- 24s
  . [  5/6]    29s sequence-pair trivial  magnetic-coil/output-products power=1 budget=30s     CLEAN     28.3s  <-- 28s
  . [  6/6]    32s sequence-pair trivial  magnetic-coil/all-products power=1 budget=30s        CLEAN     30.9s  <-- 31s

=== freeform: 2/3 clean -- NOT CLEAN   (refused 1, invalid 0, crashed 0, not run 0)
    by check: {'<refused>': 1}
    REFUSED  magnetic-coil/all-products power=1 budget=30s  every packing that wired was rejected by our own validator (prolif.sprayed_cargo_reaches_machines); a placement that fails validation is refused rather than returned, because an invalid blueprint pastes and then does not run

=== sequence-pair: 3/3 clean -- CLEAN   (refused 0, invalid 0, crashed 0, not run 0)
    slowest: 31s sequence-pair magnetic-coil/all-products power=1 budget=30s, 28s sequence-pair magnetic-coil/output-products power=1 budget=30s, 24s sequence-pair magnetic-coil/no-proliferator power=1 budget=30s

32s wall, 6/6 cells
1 cells completed after their own requested search deadline; the largest completion tail was 0.9s. Emission, detailed routing already in flight, and validation finish atomically.

NOT CLEAN. An INVALID cell is worse than a REFUSED one: refusing emits nothing, while an invalid blueprint pastes and then does not run. Fix the invalid ones first.
  [magnetic-coil exit 1]  00:44:14 up 22 days,  6:30, 10 users,  load average: 68.51, 50.22, 36.60
[1m[33mwarning[39m[0m[1m:[0m [1m`VIRTUAL_ENV=/home/dannyb/sources/factorio-lab-to-blueprint/.venv` does not match the project environment path `.venv` and will be ignored; use `--active` to target the active environment instead[0m
6 cells of stress, 8 at a time, 16 CP-SAT workers each, cap 3600s
  X [  1/6]     2s freeform  small    graphene/all-products power=1 budget=30s             REFUSED    1.0s
  X [  2/6]     2s freeform  small    graphene/output-products power=1 budget=30s          REFUSED    1.2s
  . [  3/6]     3s freeform  small    graphene/no-proliferator power=1 budget=30s          CLEAN      1.4s
  . [  4/6]    25s sequence-pair small    graphene/all-products power=1 budget=30s             CLEAN     23.6s  <-- 24s
  . [  5/6]    27s sequence-pair small    graphene/output-products power=1 budget=30s          CLEAN     26.0s  <-- 26s
  . [  6/6]    30s sequence-pair small    graphene/no-proliferator power=1 budget=30s          CLEAN     28.6s  <-- 29s

=== freeform: 1/3 clean -- NOT CLEAN   (refused 2, invalid 0, crashed 0, not run 0)
    by check: {'<refused>': 2}
    REFUSED  graphene/all-products power=1 budget=30s  every packing that wired was rejected by our own validator (prolif.sprayed_cargo_reaches_machines); a placement that fails validation is refused rather than returned, because an invalid blueprint pastes and then does not run
    REFUSED  graphene/output-products power=1 budget=30s  every packing that wired was rejected by our own validator (prolif.sprayed_cargo_reaches_machines); a placement that fails validation is refused rather than returned, because an invalid blueprint pastes and then does not run

=== sequence-pair: 3/3 clean -- CLEAN   (refused 0, invalid 0, crashed 0, not run 0)
    slowest: 29s sequence-pair graphene/no-proliferator power=1 budget=30s, 26s sequence-pair graphene/output-products power=1 budget=30s, 24s sequence-pair graphene/all-products power=1 budget=30s

30s wall, 6/6 cells

NOT CLEAN. An INVALID cell is worse than a REFUSED one: refusing emits nothing, while an invalid blueprint pastes and then does not run. Fix the invalid ones first.
  [graphene exit 1]  00:44:46 up 22 days,  6:30, 10 users,  load average: 55.70, 49.16, 36.76
[1m[33mwarning[39m[0m[1m:[0m [1m`VIRTUAL_ENV=/home/dannyb/sources/factorio-lab-to-blueprint/.venv` does not match the project environment path `.venv` and will be ignored; use `--active` to target the active environment instead[0m
6 cells of stress, 8 at a time, 16 CP-SAT workers each, cap 3600s
  . [  1/6]     4s freeform  small    electromagnetic-matrix/no-proliferator power=1 budget=30s CLEAN      2.3s
  X [  2/6]     4s freeform  small    electromagnetic-matrix/output-products power=1 budget=30s REFUSED    2.4s
  X [  3/6]     5s freeform  small    electromagnetic-matrix/all-products power=1 budget=30s REFUSED    3.8s
  . [  4/6]    32s sequence-pair small    electromagnetic-matrix/all-products power=1 budget=30s CLEAN     30.6s  <-- 31s
  . [  5/6]    32s sequence-pair small    electromagnetic-matrix/output-products power=1 budget=30s CLEAN     30.8s  <-- 31s
  . [  6/6]    33s sequence-pair small    electromagnetic-matrix/no-proliferator power=1 budget=30s CLEAN     31.2s  <-- 31s

=== freeform: 1/3 clean -- NOT CLEAN   (refused 2, invalid 0, crashed 0, not run 0)
    by check: {'<refused>': 2}
    REFUSED  electromagnetic-matrix/output-products power=1 budget=30s  every packing that wired was rejected by our own validator (prolif.sprayed_cargo_reaches_machines); a placement that fails validation is refused rather than returned, because an invalid blueprint pastes and then does not run
    REFUSED  electromagnetic-matrix/all-products power=1 budget=30s  every packing that wired was rejected by our own validator (geom.collide, prolif.sprayed_cargo_reaches_machines; findings: band 160 geom.collide (16, 147): build colliders intersect); a placement that fails validation is refused rather than returned, because an invalid blueprint pastes and then does not run

=== sequence-pair: 3/3 clean -- CLEAN   (refused 0, invalid 0, crashed 0, not run 0)
    slowest: 31s sequence-pair electromagnetic-matrix/no-proliferator power=1 budget=30s, 31s sequence-pair electromagnetic-matrix/output-products power=1 budget=30s, 31s sequence-pair electromagnetic-matrix/all-products power=1 budget=30s

33s wall, 6/6 cells
3 cells completed after their own requested search deadline; the largest completion tail was 1.2s. Emission, detailed routing already in flight, and validation finish atomically.

NOT CLEAN. An INVALID cell is worse than a REFUSED one: refusing emits nothing, while an invalid blueprint pastes and then does not run. Fix the invalid ones first.
  [electromagnetic-matrix exit 1]  00:45:20 up 22 days,  6:31, 10 users,  load average: 50.02, 48.42, 36.91
[1m[33mwarning[39m[0m[1m:[0m [1m`VIRTUAL_ENV=/home/dannyb/sources/factorio-lab-to-blueprint/.venv` does not match the project environment path `.venv` and will be ignored; use `--active` to target the active environment instead[0m
6 cells of stress, 8 at a time, 16 CP-SAT workers each, cap 3600s
  X [  1/6]     2s freeform  small    plastic/all-products power=1 budget=30s              REFUSED    1.3s
  X [  2/6]     3s freeform  small    plastic/output-products power=1 budget=30s           REFUSED    1.7s
  . [  3/6]     4s freeform  small    plastic/no-proliferator power=1 budget=30s           CLEAN      2.5s
  . [  4/6]    29s sequence-pair small    plastic/all-products power=1 budget=30s              CLEAN     27.5s  <-- 27s
  . [  5/6]    32s sequence-pair small    plastic/output-products power=1 budget=30s           CLEAN     30.9s  <-- 31s
  . [  6/6]    32s sequence-pair small    plastic/no-proliferator power=1 budget=30s           CLEAN     31.4s  <-- 31s

=== freeform: 1/3 clean -- NOT CLEAN   (refused 2, invalid 0, crashed 0, not run 0)
    by check: {'<refused>': 2}
    REFUSED  plastic/all-products power=1 budget=30s  every packing that wired was rejected by our own validator (prolif.sprayed_cargo_reaches_machines); a placement that fails validation is refused rather than returned, because an invalid blueprint pastes and then does not run
    REFUSED  plastic/output-products power=1 budget=30s  every packing that wired was rejected by our own validator (prolif.sprayed_cargo_reaches_machines); a placement that fails validation is refused rather than returned, because an invalid blueprint pastes and then does not run

=== sequence-pair: 3/3 clean -- CLEAN   (refused 0, invalid 0, crashed 0, not run 0)
    slowest: 31s sequence-pair plastic/no-proliferator power=1 budget=30s, 31s sequence-pair plastic/output-products power=1 budget=30s, 27s sequence-pair plastic/all-products power=1 budget=30s

32s wall, 6/6 cells
2 cells completed after their own requested search deadline; the largest completion tail was 1.4s. Emission, detailed routing already in flight, and validation finish atomically.

NOT CLEAN. An INVALID cell is worse than a REFUSED one: refusing emits nothing, while an invalid blueprint pastes and then does not run. Fix the invalid ones first.
  [plastic exit 1]  00:45:55 up 22 days,  6:31, 10 users,  load average: 56.49, 49.85, 37.79
[1m[33mwarning[39m[0m[1m:[0m [1m`VIRTUAL_ENV=/home/dannyb/sources/factorio-lab-to-blueprint/.venv` does not match the project environment path `.venv` and will be ignored; use `--active` to target the active environment instead[0m
6 cells of stress, 8 at a time, 16 CP-SAT workers each, cap 3600s
  X [  1/6]     4s freeform  mid      processor/all-products power=1 budget=30s            REFUSED    2.9s
  . [  2/6]     7s freeform  mid      processor/no-proliferator power=1 budget=30s         CLEAN      6.0s
  . [  3/6]     9s freeform  mid      processor/output-products power=1 budget=30s         CLEAN      8.1s
  . [  4/6]    32s sequence-pair mid      processor/output-products power=1 budget=30s         CLEAN     30.6s  <-- 31s
  . [  5/6]    32s sequence-pair mid      processor/all-products power=1 budget=30s            CLEAN     31.3s  <-- 31s
  . [  6/6]    33s sequence-pair mid      processor/no-proliferator power=1 budget=30s         CLEAN     31.6s  <-- 32s

=== freeform: 2/3 clean -- NOT CLEAN   (refused 1, invalid 0, crashed 0, not run 0)
    by check: {'<refused>': 1}
    REFUSED  processor/all-products power=1 budget=30s  every packing that wired was rejected by our own validator (geom.collide, prolif.sprayed_cargo_reaches_machines; findings: band 160 geom.collide (16, 219): build colliders intersect); a placement that fails validation is refused rather than returned, because an invalid blueprint pastes and then does not run

=== sequence-pair: 3/3 clean -- CLEAN   (refused 0, invalid 0, crashed 0, not run 0)
    slowest: 32s sequence-pair processor/no-proliferator power=1 budget=30s, 31s sequence-pair processor/all-products power=1 budget=30s, 31s sequence-pair processor/output-products power=1 budget=30s

33s wall, 6/6 cells
3 cells completed after their own requested search deadline; the largest completion tail was 1.6s. Emission, detailed routing already in flight, and validation finish atomically.

NOT CLEAN. An INVALID cell is worse than a REFUSED one: refusing emits nothing, while an invalid blueprint pastes and then does not run. Fix the invalid ones first.
  [processor exit 1]  00:46:29 up 22 days,  6:32, 10 users,  load average: 47.79, 48.40, 37.75
[1m[33mwarning[39m[0m[1m:[0m [1m`VIRTUAL_ENV=/home/dannyb/sources/factorio-lab-to-blueprint/.venv` does not match the project environment path `.venv` and will be ignored; use `--active` to target the active environment instead[0m
6 cells of stress, 8 at a time, 16 CP-SAT workers each, cap 3600s
  X [  1/6]     3s freeform  mid      energy-matrix/all-products power=1 budget=30s        REFUSED    1.2s
  X [  2/6]     3s freeform  mid      energy-matrix/output-products power=1 budget=30s     REFUSED    1.2s
  . [  3/6]     3s freeform  mid      energy-matrix/no-proliferator power=1 budget=30s     CLEAN      1.6s
  . [  4/6]    26s sequence-pair mid      energy-matrix/all-products power=1 budget=30s        CLEAN     24.2s  <-- 24s
  . [  5/6]    29s sequence-pair mid      energy-matrix/output-products power=1 budget=30s     CLEAN     27.5s  <-- 28s
  . [  6/6]    33s sequence-pair mid      energy-matrix/no-proliferator power=1 budget=30s     CLEAN     31.2s  <-- 31s

=== freeform: 1/3 clean -- NOT CLEAN   (refused 2, invalid 0, crashed 0, not run 0)
    by check: {'<refused>': 2}
    REFUSED  energy-matrix/all-products power=1 budget=30s  every packing that wired was rejected by our own validator (prolif.sprayed_cargo_reaches_machines); a placement that fails validation is refused rather than returned, because an invalid blueprint pastes and then does not run
    REFUSED  energy-matrix/output-products power=1 budget=30s  every packing that wired was rejected by our own validator (prolif.sprayed_cargo_reaches_machines); a placement that fails validation is refused rather than returned, because an invalid blueprint pastes and then does not run

=== sequence-pair: 3/3 clean -- CLEAN   (refused 0, invalid 0, crashed 0, not run 0)
    slowest: 31s sequence-pair energy-matrix/no-proliferator power=1 budget=30s, 28s sequence-pair energy-matrix/output-products power=1 budget=30s, 24s sequence-pair energy-matrix/all-products power=1 budget=30s

33s wall, 6/6 cells
1 cells completed after their own requested search deadline; the largest completion tail was 1.2s. Emission, detailed routing already in flight, and validation finish atomically.

NOT CLEAN. An INVALID cell is worse than a REFUSED one: refusing emits nothing, while an invalid blueprint pastes and then does not run. Fix the invalid ones first.
  [energy-matrix exit 1]  00:47:04 up 22 days,  6:33, 10 users,  load average: 38.99, 46.16, 37.40
[1m[33mwarning[39m[0m[1m:[0m [1m`VIRTUAL_ENV=/home/dannyb/sources/factorio-lab-to-blueprint/.venv` does not match the project environment path `.venv` and will be ignored; use `--active` to target the active environment instead[0m
6 cells of stress, 8 at a time, 16 CP-SAT workers each, cap 3600s
  . [  1/6]    29s freeform  mid      super-magnetic-ring/no-proliferator power=1 budget=30s CLEAN     28.0s  <-- 28s
  X [  2/6]    30s freeform  mid      super-magnetic-ring/all-products power=1 budget=30s  REFUSED   28.8s  <-- 29s
  . [  3/6]    31s sequence-pair mid      super-magnetic-ring/no-proliferator power=1 budget=30s CLEAN     29.2s  <-- 29s
  . [  4/6]    31s sequence-pair mid      super-magnetic-ring/all-products power=1 budget=30s  CLEAN     29.4s  <-- 29s
  . [  5/6]    31s sequence-pair mid      super-magnetic-ring/output-products power=1 budget=30s CLEAN     29.9s  <-- 30s
  . [  6/6]    31s freeform  mid      super-magnetic-ring/output-products power=1 budget=30s CLEAN     30.1s  <-- 30s

=== freeform: 2/3 clean -- NOT CLEAN   (refused 1, invalid 0, crashed 0, not run 0)
    by check: {'<refused>': 1}
    REFUSED  super-magnetic-ring/all-products power=1 budget=30s  every packing that wired was rejected by our own validator (prolif.sprayed_cargo_reaches_machines); a placement that fails validation is refused rather than returned, because an invalid blueprint pastes and then does not run
    slowest: 30s freeform super-magnetic-ring/output-products power=1 budget=30s, 29s freeform super-magnetic-ring/all-products power=1 budget=30s, 28s freeform super-magnetic-ring/no-proliferator power=1 budget=30s

=== sequence-pair: 3/3 clean -- CLEAN   (refused 0, invalid 0, crashed 0, not run 0)
    slowest: 30s sequence-pair super-magnetic-ring/output-products power=1 budget=30s, 29s sequence-pair super-magnetic-ring/all-products power=1 budget=30s, 29s sequence-pair super-magnetic-ring/no-proliferator power=1 budget=30s

32s wall, 6/6 cells
1 cells completed after their own requested search deadline; the largest completion tail was 0.1s. Emission, detailed routing already in flight, and validation finish atomically.

NOT CLEAN. An INVALID cell is worse than a REFUSED one: refusing emits nothing, while an invalid blueprint pastes and then does not run. Fix the invalid ones first.
  [super-magnetic-ring exit 1]  00:47:37 up 22 days,  6:33, 10 users,  load average: 44.34, 46.97, 38.01
[1m[33mwarning[39m[0m[1m:[0m [1m`VIRTUAL_ENV=/home/dannyb/sources/factorio-lab-to-blueprint/.venv` does not match the project environment path `.venv` and will be ignored; use `--active` to target the active environment instead[0m
6 cells of stress, 8 at a time, 16 CP-SAT workers each, cap 3600s
  X [  1/6]     3s freeform  large    casimir-crystal/all-products power=1 budget=30s      REFUSED    2.1s
  . [  2/6]     5s freeform  large    casimir-crystal/no-proliferator power=1 budget=30s   CLEAN      4.0s
  . [  3/6]     7s freeform  large    casimir-crystal/output-products power=1 budget=30s   CLEAN      6.2s
  . [  4/6]    32s sequence-pair large    casimir-crystal/output-products power=1 budget=30s   CLEAN     31.1s  <-- 31s
  X [  5/6]    32s sequence-pair large    casimir-crystal/all-products power=1 budget=30s      REFUSED   31.2s  <-- 31s
  . [  6/6]    32s sequence-pair large    casimir-crystal/no-proliferator power=1 budget=30s   CLEAN     31.3s  <-- 31s

=== freeform: 2/3 clean -- NOT CLEAN   (refused 1, invalid 0, crashed 0, not run 0)
    by check: {'<refused>': 1}
    REFUSED  casimir-crystal/all-products power=1 budget=30s  every packing that wired was rejected by our own validator (geom.collide, prolif.sprayed_cargo_reaches_machines; findings: band 160 geom.collide (70, 276): build colliders intersect); a placement that fails validation is refused rather than returned, because an invalid blueprint pastes and then does not run

=== sequence-pair: 2/3 clean -- NOT CLEAN   (refused 1, invalid 0, crashed 0, not run 0)
    by check: {'<refused>': 1}
    REFUSED  casimir-crystal/all-products power=1 budget=30s  all 4 sequence islands refused: island 0: deadline exhausted before finding an exact layout; island 1: deadline exhausted before finding an exact layout; island 2: deadline exhausted before finding an exact layout; island 3: deadline exhausted before finding an exact layout
    slowest: 31s sequence-pair casimir-crystal/no-proliferator power=1 budget=30s, 31s sequence-pair casimir-crystal/all-products power=1 budget=30s, 31s sequence-pair casimir-crystal/output-products power=1 budget=30s

32s wall, 6/6 cells
3 cells completed after their own requested search deadline; the largest completion tail was 1.3s. Emission, detailed routing already in flight, and validation finish atomically.

NOT CLEAN. An INVALID cell is worse than a REFUSED one: refusing emits nothing, while an invalid blueprint pastes and then does not run. Fix the invalid ones first.
  [casimir-crystal exit 1]  00:48:11 up 22 days,  6:34, 10 users,  load average: 34.58, 44.20, 37.41
[1m[33mwarning[39m[0m[1m:[0m [1m`VIRTUAL_ENV=/home/dannyb/sources/factorio-lab-to-blueprint/.venv` does not match the project environment path `.venv` and will be ignored; use `--active` to target the active environment instead[0m
6 cells of stress, 8 at a time, 16 CP-SAT workers each, cap 3600s
  X [  1/6]     5s freeform  large    information-matrix/output-products power=1 budget=30s REFUSED    3.7s
  X [  2/6]     5s freeform  large    information-matrix/all-products power=1 budget=30s   REFUSED    4.3s
  . [  3/6]    17s freeform  large    information-matrix/no-proliferator power=1 budget=30s CLEAN     16.2s  <-- 16s
  . [  4/6]    30s sequence-pair large    information-matrix/no-proliferator power=1 budget=30s CLEAN     29.3s  <-- 29s
  X [  5/6]    32s sequence-pair large    information-matrix/all-products power=1 budget=30s   REFUSED   30.7s  <-- 31s
  . [  6/6]    32s sequence-pair large    information-matrix/output-products power=1 budget=30s CLEAN     31.2s  <-- 31s

=== freeform: 1/3 clean -- NOT CLEAN   (refused 2, invalid 0, crashed 0, not run 0)
    by check: {'<refused>': 2}
    REFUSED  information-matrix/output-products power=1 budget=30s  every packing that wired was rejected by our own validator (prolif.sprayed_cargo_reaches_machines); a placement that fails validation is refused rather than returned, because an invalid blueprint pastes and then does not run
    REFUSED  information-matrix/all-products power=1 budget=30s  every packing that wired was rejected by our own validator (prolif.sprayed_cargo_reaches_machines); a placement that fails validation is refused rather than returned, because an invalid blueprint pastes and then does not run
    slowest: 16s freeform information-matrix/no-proliferator power=1 budget=30s

=== sequence-pair: 2/3 clean -- NOT CLEAN   (refused 1, invalid 0, crashed 0, not run 0)
    by check: {'<refused>': 1}
    REFUSED  information-matrix/all-products power=1 budget=30s  all 4 sequence islands refused: island 0: deadline exhausted before finding an exact layout; island 1: deadline exhausted before finding an exact layout; island 2: deadline exhausted before finding an exact layout; island 3: deadline exhausted before finding an exact layout
    slowest: 31s sequence-pair information-matrix/output-products power=1 budget=30s, 31s sequence-pair information-matrix/all-products power=1 budget=30s, 29s sequence-pair information-matrix/no-proliferator power=1 budget=30s

32s wall, 6/6 cells
2 cells completed after their own requested search deadline; the largest completion tail was 1.2s. Emission, detailed routing already in flight, and validation finish atomically.

NOT CLEAN. An INVALID cell is worse than a REFUSED one: refusing emits nothing, while an invalid blueprint pastes and then does not run. Fix the invalid ones first.
  [information-matrix exit 1]  00:48:46 up 22 days,  6:34, 10 users,  load average: 37.22, 43.73, 37.50
[1m[33mwarning[39m[0m[1m:[0m [1m`VIRTUAL_ENV=/home/dannyb/sources/factorio-lab-to-blueprint/.venv` does not match the project environment path `.venv` and will be ignored; use `--active` to target the active environment instead[0m
6 cells of stress, 8 at a time, 16 CP-SAT workers each, cap 3600s
  X [  1/6]     6s freeform  stress   quantum-chip/all-products power=1 budget=30s         REFUSED    5.3s
  . [  2/6]    12s freeform  stress   quantum-chip/no-proliferator power=1 budget=30s      CLEAN     11.2s  <-- 11s
  . [  3/6]    17s freeform  stress   quantum-chip/output-products power=1 budget=30s      CLEAN     15.3s  <-- 15s
  . [  4/6]    32s sequence-pair stress   quantum-chip/output-products power=1 budget=30s      CLEAN     30.7s  <-- 31s
  . [  5/6]    32s sequence-pair stress   quantum-chip/no-proliferator power=1 budget=30s      CLEAN     30.8s  <-- 31s
  X [  6/6]    32s sequence-pair stress   quantum-chip/all-products power=1 budget=30s         REFUSED   31.1s  <-- 31s

=== freeform: 2/3 clean -- NOT CLEAN   (refused 1, invalid 0, crashed 0, not run 0)
    by check: {'<refused>': 1}
    REFUSED  quantum-chip/all-products power=1 budget=30s  every packing that wired was rejected by our own validator (geom.collide, prolif.sprayed_cargo_reaches_machines; findings: band 160 geom.collide (54, 808): build colliders intersect; band 160 geom.collide (85, 814): build colliders intersect; band 200 geom.collide (85, 814): build colliders intersect; band 200 geom.collide (54, 808): build colliders intersect); a placement that fails validation is refused rather than returned, because an invalid blueprint pastes and then does not run
    slowest: 15s freeform quantum-chip/output-products power=1 budget=30s, 11s freeform quantum-chip/no-proliferator power=1 budget=30s

=== sequence-pair: 2/3 clean -- NOT CLEAN   (refused 1, invalid 0, crashed 0, not run 0)
    by check: {'<refused>': 1}
    REFUSED  quantum-chip/all-products power=1 budget=30s  all 4 sequence islands refused: island 0: deadline exhausted before finding an exact layout; island 1: deadline exhausted before finding an exact layout; island 2: deadline exhausted before finding an exact layout; island 3: deadline exhausted before finding an exact layout
    slowest: 31s sequence-pair quantum-chip/all-products power=1 budget=30s, 31s sequence-pair quantum-chip/no-proliferator power=1 budget=30s, 31s sequence-pair quantum-chip/output-products power=1 budget=30s

32s wall, 6/6 cells
3 cells completed after their own requested search deadline; the largest completion tail was 1.1s. Emission, detailed routing already in flight, and validation finish atomically.

NOT CLEAN. An INVALID cell is worse than a REFUSED one: refusing emits nothing, while an invalid blueprint pastes and then does not run. Fix the invalid ones first.
  [quantum-chip exit 1]  00:49:20 up 22 days,  6:35, 10 users,  load average: 33.27, 42.16, 37.18
[1m[33mwarning[39m[0m[1m:[0m [1m`VIRTUAL_ENV=/home/dannyb/sources/factorio-lab-to-blueprint/.venv` does not match the project environment path `.venv` and will be ignored; use `--active` to target the active environment instead[0m
6 cells of stress, 8 at a time, 16 CP-SAT workers each, cap 3600s
  X [  1/6]     7s freeform  stress   universe-matrix/all-products power=1 budget=30s      REFUSED    6.4s
  X [  2/6]     8s freeform  stress   universe-matrix/output-products power=1 budget=30s   REFUSED    7.2s
  . [  3/6]    28s freeform  stress   universe-matrix/no-proliferator power=1 budget=30s   CLEAN     26.7s  <-- 27s
  . [  4/6]    31s sequence-pair stress   universe-matrix/no-proliferator power=1 budget=30s   CLEAN     30.0s  <-- 30s
  X [  5/6]    32s sequence-pair stress   universe-matrix/all-products power=1 budget=30s      REFUSED   30.6s  <-- 31s
  X [  6/6]    32s sequence-pair stress   universe-matrix/output-products power=1 budget=30s   REFUSED   30.9s  <-- 31s

=== freeform: 1/3 clean -- NOT CLEAN   (refused 2, invalid 0, crashed 0, not run 0)
    by check: {'<refused>': 2}
    REFUSED  universe-matrix/all-products power=1 budget=30s  every packing that wired was rejected by our own validator (prolif.sprayed_cargo_reaches_machines); a placement that fails validation is refused rather than returned, because an invalid blueprint pastes and then does not run
    REFUSED  universe-matrix/output-products power=1 budget=30s  every packing that wired was rejected by our own validator (prolif.sprayed_cargo_reaches_machines); a placement that fails validation is refused rather than returned, because an invalid blueprint pastes and then does not run
    slowest: 27s freeform universe-matrix/no-proliferator power=1 budget=30s

=== sequence-pair: 1/3 clean -- NOT CLEAN   (refused 2, invalid 0, crashed 0, not run 0)
    by check: {'<refused>': 2}
    REFUSED  universe-matrix/all-products power=1 budget=30s  all 4 sequence islands refused: island 0: deadline exhausted before finding an exact layout; island 1: deadline exhausted before finding an exact layout; island 2: deadline exhausted before finding an exact layout; island 3: deadline exhausted before finding an exact layout
    REFUSED  universe-matrix/output-products power=1 budget=30s  all 4 sequence islands refused: island 0: deadline exhausted before finding an exact layout; island 1: deadline exhausted before finding an exact layout; island 2: deadline exhausted before finding an exact layout; island 3: deadline exhausted before finding an exact layout
    slowest: 31s sequence-pair universe-matrix/output-products power=1 budget=30s, 31s sequence-pair universe-matrix/all-products power=1 budget=30s, 30s sequence-pair universe-matrix/no-proliferator power=1 budget=30s

32s wall, 6/6 cells
3 cells completed after their own requested search deadline; the largest completion tail was 0.9s. Emission, detailed routing already in flight, and validation finish atomically.

NOT CLEAN. An INVALID cell is worse than a REFUSED one: refusing emits nothing, while an invalid blueprint pastes and then does not run. Fix the invalid ones first.
  [universe-matrix exit 1]  00:49:54 up 22 days,  6:35, 10 users,  load average: 30.81, 40.49, 36.80
ARM seat DONE 2026-09-07T00:49:54-04:00
ARM seat REPORTED DONE 2026-09-07T00:51:53-04:00
