iron-ingot               off      digest=d1ad51f0a01b72bd 
iron-ingot               seat     digest=d1ad51f0a01b72bd 
iron-ingot               packed   digest=d1ad51f0a01b72bd 
iron-ingot               placed   digest=d1ad51f0a01b72bd 
magnetic-coil            off      digest=d493653de1fbcce7 
magnetic-coil            seat     digest=d493653de1fbcce7 
magnetic-coil            packed   digest=d493653de1fbcce7 
magnetic-coil            placed   digest=d493653de1fbcce7 
graphene                 off      digest=b16103ce87a22345 
graphene                 seat     digest=b16103ce87a22345 
graphene                 packed   digest=b16103ce87a22345 
graphene                 placed   digest=b16103ce87a22345 
electromagnetic-matrix   off      digest=89db8146161580f0 
electromagnetic-matrix   seat     digest=89db8146161580f0 
electromagnetic-matrix   packed   digest=89db8146161580f0 
electromagnetic-matrix   placed   digest=89db8146161580f0 
plastic                  off      digest=a3f88f9a1d5ffe07 
plastic                  seat     digest=a3f88f9a1d5ffe07 
plastic                  packed   digest=a3f88f9a1d5ffe07 
plastic                  placed   digest=a3f88f9a1d5ffe07 
processor                off      digest=1663f850b9218e54 
processor                seat     digest=1663f850b9218e54 
processor                packed   digest=1663f850b9218e54 
processor                placed   digest=1663f850b9218e54 
energy-matrix            off      digest=1780e8a5a168f8c7 
energy-matrix            seat     digest=1780e8a5a168f8c7 
energy-matrix            packed   digest=1780e8a5a168f8c7 
energy-matrix            placed   digest=1780e8a5a168f8c7 
super-magnetic-ring      off      digest=d94b90967321d7ad 
super-magnetic-ring      seat     digest=d94b90967321d7ad 
super-magnetic-ring      packed   digest=d94b90967321d7ad 
super-magnetic-ring      placed   digest=50b64d1fe48cd85a 
casimir-crystal          off      digest=987945f3f2257d44 
casimir-crystal          seat     digest=987945f3f2257d44 
casimir-crystal          packed   digest=987945f3f2257d44 
casimir-crystal          placed   digest=987945f3f2257d44 
information-matrix       off      digest=af512d47192f8d0e 
information-matrix       seat     digest=af512d47192f8d0e 
information-matrix       packed   digest=af512d47192f8d0e 
information-matrix       placed   digest=af512d47192f8d0e 
quantum-chip             off      digest=a2682bd4919fea9c 
quantum-chip             seat     digest=a2682bd4919fea9c 
quantum-chip             packed   digest=a2682bd4919fea9c 
quantum-chip             placed   digest=a2682bd4919fea9c 
universe-matrix          off      digest=71b35077c1f5b6c2 
universe-matrix          seat     digest=71b35077c1f5b6c2 
universe-matrix          packed   digest=71b35077c1f5b6c2 
universe-matrix          placed   digest=71b35077c1f5b6c2 
CONTROLS DONE

# RETEST of the one disagreement, three times per arm at --workers 1:
super-magnetic-ring       off      retry1 digest=d94b90967321d7ad 
super-magnetic-ring       seat     retry1 digest=d94b90967321d7ad 
super-magnetic-ring       packed   retry1 digest=d94b90967321d7ad 
super-magnetic-ring       placed   retry1 digest=d94b90967321d7ad 
super-magnetic-ring       off      retry2 digest=d94b90967321d7ad 
super-magnetic-ring       seat     retry2 digest=d94b90967321d7ad 
super-magnetic-ring       packed   retry2 digest=d94b90967321d7ad 
super-magnetic-ring       placed   retry2 digest=d94b90967321d7ad 
super-magnetic-ring       off      retry3 digest=d94b90967321d7ad 
super-magnetic-ring       seat     retry3 digest=d94b90967321d7ad 
super-magnetic-ring       packed   retry3 digest=d94b90967321d7ad 
super-magnetic-ring       placed   retry3 digest=d94b90967321d7ad 
