[1m[33mwarning[39m[0m[1m:[0m [1m`VIRTUAL_ENV=/home/dannyb/sources/factorio-lab-to-blueprint/.venv` does not match the project environment path `.venv` and will be ignored; use `--active` to target the active environment instead[0m
72 cells, 8 at a time, 16 CP-SAT workers each, cap 900s
  X [  1/72]     3s freeform  stress   universe-matrix/no-proliferator power=1 budget=30s   REFUSED    1.6s
  X [  2/72]     3s freeform  stress   universe-matrix/all-products power=1 budget=30s      REFUSED    1.9s
  X [  3/72]     3s freeform  stress   universe-matrix/output-products power=1 budget=30s   REFUSED    0.2s
  X [  4/72]     6s sequence-pair stress   universe-matrix/no-proliferator power=1 budget=30s   REFUSED    3.6s
  X [  5/72]     6s sequence-pair stress   universe-matrix/all-products power=1 budget=30s      REFUSED    3.6s
  X [  6/72]     9s sequence-pair stress   universe-matrix/output-products power=1 budget=30s   REFUSED    3.0s
  . [  7/72]    10s freeform  large    casimir-crystal/no-proliferator power=1 budget=30s   CLEAN      3.9s
  . [  8/72]    12s freeform  stress   quantum-chip/no-proliferator power=1 budget=30s      CLEAN     11.3s  <-- 11s
  . [  9/72]    19s freeform  large    casimir-crystal/all-products power=1 budget=30s      CLEAN      9.7s
  . [ 10/72]    19s freeform  large    casimir-crystal/output-products power=1 budget=30s   CLEAN      8.9s
  . [ 11/72]    19s freeform  stress   quantum-chip/output-products power=1 budget=30s      CLEAN     18.5s  <-- 19s
  . [ 12/72]    28s sequence-pair stress   quantum-chip/all-products power=1 budget=30s         CLEAN     27.0s  <-- 27s
  . [ 13/72]    30s freeform  stress   quantum-chip/all-products power=1 budget=30s         CLEAN     29.0s  <-- 29s
  . [ 14/72]    30s sequence-pair stress   quantum-chip/output-products power=1 budget=30s      CLEAN     29.5s  <-- 29s
  . [ 15/72]    31s sequence-pair stress   quantum-chip/no-proliferator power=1 budget=30s      CLEAN     29.6s  <-- 30s
  . [ 16/72]    34s freeform  large    information-matrix/no-proliferator power=1 budget=30s CLEAN     14.8s  <-- 15s
  . [ 17/72]    43s sequence-pair large    casimir-crystal/no-proliferator power=1 budget=30s   CLEAN     30.8s  <-- 31s
  . [ 18/72]    48s sequence-pair large    casimir-crystal/all-products power=1 budget=30s      CLEAN     28.9s  <-- 29s
  . [ 19/72]    49s freeform  mid      processor/no-proliferator power=1 budget=30s         CLEAN      5.8s
  . [ 20/72]    49s sequence-pair large    casimir-crystal/output-products power=1 budget=30s   CLEAN     29.6s  <-- 30s
  . [ 21/72]    56s freeform  large    information-matrix/all-products power=1 budget=30s   CLEAN     28.4s  <-- 28s
  . [ 22/72]    57s sequence-pair large    information-matrix/all-products power=1 budget=30s   CLEAN     26.9s  <-- 27s
  . [ 23/72]    58s freeform  mid      processor/output-products power=1 budget=30s         CLEAN      9.1s
  . [ 24/72]    58s freeform  large    information-matrix/output-products power=1 budget=30s CLEAN     28.0s  <-- 28s
  . [ 25/72]    59s freeform  mid      energy-matrix/no-proliferator power=1 budget=30s     CLEAN      1.1s
  . [ 26/72]    59s freeform  mid      processor/all-products power=1 budget=30s            CLEAN     11.4s  <-- 11s
  . [ 27/72]    60s sequence-pair large    information-matrix/no-proliferator power=1 budget=30s CLEAN     29.6s  <-- 30s
  . [ 28/72]    60s freeform  mid      energy-matrix/all-products power=1 budget=30s        CLEAN      2.2s
  . [ 29/72]    61s freeform  mid      energy-matrix/output-products power=1 budget=30s     CLEAN      2.5s
  . [ 30/72]    62s sequence-pair large    information-matrix/output-products power=1 budget=30s CLEAN     28.2s  <-- 28s
  . [ 31/72]    79s sequence-pair mid      processor/no-proliferator power=1 budget=30s         CLEAN     30.6s  <-- 31s
  . [ 32/72]    85s sequence-pair mid      processor/all-products power=1 budget=30s            CLEAN     28.7s  <-- 29s
  . [ 33/72]    88s sequence-pair mid      processor/output-products power=1 budget=30s         CLEAN     30.4s  <-- 30s
  . [ 34/72]    91s sequence-pair mid      energy-matrix/no-proliferator power=1 budget=30s     CLEAN     31.2s  <-- 31s
  . [ 35/72]    91s freeform  mid      super-magnetic-ring/no-proliferator power=1 budget=30s CLEAN     29.2s  <-- 29s
  . [ 36/72]    91s sequence-pair mid      energy-matrix/output-products power=1 budget=30s     CLEAN     30.7s  <-- 31s
  . [ 37/72]    91s freeform  mid      super-magnetic-ring/all-products power=1 budget=30s  CLEAN     28.4s  <-- 28s
  . [ 38/72]    91s sequence-pair mid      energy-matrix/all-products power=1 budget=30s        CLEAN     30.9s  <-- 31s
  . [ 39/72]    92s freeform  small    graphene/no-proliferator power=1 budget=30s          CLEAN      1.1s
  . [ 40/72]    93s freeform  small    graphene/output-products power=1 budget=30s          CLEAN      2.1s
  . [ 41/72]    94s freeform  small    graphene/all-products power=1 budget=30s             CLEAN      2.6s
  . [ 42/72]    96s freeform  small    electromagnetic-matrix/no-proliferator power=1 budget=30s CLEAN      2.1s
  . [ 43/72]   107s freeform  mid      super-magnetic-ring/output-products power=1 budget=30s CLEAN     27.3s  <-- 27s
  . [ 44/72]   109s freeform  small    electromagnetic-matrix/all-products power=1 budget=30s CLEAN     13.3s  <-- 13s
  . [ 45/72]   111s freeform  small    electromagnetic-matrix/output-products power=1 budget=30s CLEAN      3.8s
  . [ 46/72]   115s sequence-pair mid      super-magnetic-ring/no-proliferator power=1 budget=30s CLEAN     29.8s  <-- 30s
  . [ 47/72]   117s sequence-pair mid      super-magnetic-ring/all-products power=1 budget=30s  CLEAN     29.6s  <-- 30s
  . [ 48/72]   119s sequence-pair small    graphene/no-proliferator power=1 budget=30s          CLEAN     28.5s  <-- 28s
  . [ 49/72]   120s freeform  small    plastic/no-proliferator power=1 budget=30s           CLEAN      2.3s
  . [ 50/72]   120s sequence-pair mid      super-magnetic-ring/output-products power=1 budget=30s CLEAN     29.4s  <-- 29s
  . [ 51/72]   122s sequence-pair small    graphene/all-products power=1 budget=30s             CLEAN     30.5s  <-- 30s
  . [ 52/72]   124s sequence-pair small    graphene/output-products power=1 budget=30s          CLEAN     30.7s  <-- 31s
  . [ 53/72]   125s freeform  small    plastic/output-products power=1 budget=30s           CLEAN      5.2s
  . [ 54/72]   125s freeform  trivial  iron-ingot/no-proliferator power=1 budget=30s        CLEAN      0.3s
  . [ 55/72]   126s freeform  trivial  iron-ingot/all-products power=1 budget=30s           CLEAN      1.0s
  . [ 56/72]   127s freeform  trivial  iron-ingot/output-products power=1 budget=30s        CLEAN      0.9s
  . [ 57/72]   127s freeform  small    plastic/all-products power=1 budget=30s              CLEAN      7.8s
  . [ 58/72]   137s sequence-pair trivial  iron-ingot/no-proliferator power=1 budget=30s        CLEAN     10.1s  <-- 10s
  . [ 59/72]   140s sequence-pair small    electromagnetic-matrix/all-products power=1 budget=30s CLEAN     29.1s  <-- 29s
  . [ 60/72]   140s sequence-pair small    electromagnetic-matrix/no-proliferator power=1 budget=30s CLEAN     31.2s  <-- 31s
  . [ 61/72]   140s freeform  trivial  magnetic-coil/no-proliferator power=1 budget=30s     CLEAN      0.5s
  . [ 62/72]   142s freeform  trivial  magnetic-coil/output-products power=1 budget=30s     CLEAN      2.2s
  . [ 63/72]   144s freeform  trivial  magnetic-coil/all-products power=1 budget=30s        CLEAN      3.8s
  . [ 64/72]   145s sequence-pair small    electromagnetic-matrix/output-products power=1 budget=30s CLEAN     30.2s  <-- 30s
  . [ 65/72]   150s sequence-pair trivial  iron-ingot/all-products power=1 budget=30s           CLEAN     23.2s  <-- 23s
  . [ 66/72]   151s sequence-pair small    plastic/no-proliferator power=1 budget=30s           CLEAN     31.2s  <-- 31s
  . [ 67/72]   152s sequence-pair small    plastic/all-products power=1 budget=30s              CLEAN     29.2s  <-- 29s
  . [ 68/72]   154s sequence-pair small    plastic/output-products power=1 budget=30s           CLEAN     29.9s  <-- 30s
  . [ 69/72]   160s sequence-pair trivial  iron-ingot/output-products power=1 budget=30s        CLEAN     23.1s  <-- 23s
  . [ 70/72]   163s sequence-pair trivial  magnetic-coil/no-proliferator power=1 budget=30s     CLEAN     21.0s  <-- 21s
  . [ 71/72]   174s sequence-pair trivial  magnetic-coil/all-products power=1 budget=30s        CLEAN     30.5s  <-- 31s
  . [ 72/72]   176s sequence-pair trivial  magnetic-coil/output-products power=1 budget=30s     CLEAN     30.5s  <-- 30s

=== freeform: 33/36 clean -- NOT CLEAN   (refused 3, invalid 0, crashed 0, not run 0)
    by check: {'<refused>': 3}
    REFUSED  universe-matrix/no-proliferator power=1 budget=30s  a producer lane has fewer tiles than the consumers it must tap, so two junctions would have to share one tile. antimatter: mass-energy-storage#23 lane is 10 tile(s) wide but must tap 15 consumer lane(s) of universe-matrix#37
    REFUSED  universe-matrix/all-products power=1 budget=30s  a producer lane has fewer tiles than the consumers it must tap, so two junctions would have to share one tile. antimatter: mass-energy-storage#23 lane is 10 tile(s) wide but must tap 12 consumer lane(s) of universe-matrix#37
    REFUSED  universe-matrix/output-products power=1 budget=30s  a producer lane has fewer tiles than the consumers it must tap, so two junctions would have to share one tile. antimatter: mass-energy-storage#23 lane is 10 tile(s) wide but must tap 12 consumer lane(s) of universe-matrix#37
    slowest: 29s freeform super-magnetic-ring/no-proliferator power=1 budget=30s, 29s freeform quantum-chip/all-products power=1 budget=30s, 28s freeform super-magnetic-ring/all-products power=1 budget=30s, 28s freeform information-matrix/all-products power=1 budget=30s, 28s freeform information-matrix/output-products power=1 budget=30s

=== sequence-pair: 33/36 clean -- NOT CLEAN   (refused 3, invalid 0, crashed 0, not run 0)
    by check: {'<refused>': 3}
    REFUSED  universe-matrix/no-proliferator power=1 budget=30s  all 4 sequence islands refused: island 0: a producer lane has fewer tiles than the consumers it must tap, so two junctions would have to share one tile. antimatter: mass-energy-storage#23 lane is 10 tile(s) wide but must tap 15 consumer lane(s) of universe-matrix#37; island 1: a producer lane has fewer tiles than the consumers it must tap, so two junctions would have to share one tile. antimatter: mass-energy-storage#23 lane is 10 tile(s) wide but must tap 15 consumer lane(s) of universe-matrix#37; island 2: a producer lane has fewer tiles than the consumers it must tap, so two junctions would have to share one tile. antimatter: mass-energy-storage#23 lane is 10 tile(s) wide but must tap 15 consumer lane(s) of universe-matrix#37; island 3: a producer lane has fewer tiles than the consumers it must tap, so two junctions would have to share one tile. antimatter: mass-energy-storage#23 lane is 10 tile(s) wide but must tap 15 consumer lane(s) of universe-matrix#37
    REFUSED  universe-matrix/all-products power=1 budget=30s  all 4 sequence islands refused: island 0: a producer lane has fewer tiles than the consumers it must tap, so two junctions would have to share one tile. antimatter: mass-energy-storage#23 lane is 10 tile(s) wide but must tap 12 consumer lane(s) of universe-matrix#37; island 1: a producer lane has fewer tiles than the consumers it must tap, so two junctions would have to share one tile. antimatter: mass-energy-storage#23 lane is 10 tile(s) wide but must tap 12 consumer lane(s) of universe-matrix#37; island 2: a producer lane has fewer tiles than the consumers it must tap, so two junctions would have to share one tile. antimatter: mass-energy-storage#23 lane is 10 tile(s) wide but must tap 12 consumer lane(s) of universe-matrix#37; island 3: a producer lane has fewer tiles than the consumers it must tap, so two junctions would have to share one tile. antimatter: mass-energy-storage#23 lane is 10 tile(s) wide but must tap 12 consumer lane(s) of universe-matrix#37
    REFUSED  universe-matrix/output-products power=1 budget=30s  all 4 sequence islands refused: island 0: a producer lane has fewer tiles than the consumers it must tap, so two junctions would have to share one tile. antimatter: mass-energy-storage#23 lane is 10 tile(s) wide but must tap 12 consumer lane(s) of universe-matrix#37; island 1: a producer lane has fewer tiles than the consumers it must tap, so two junctions would have to share one tile. antimatter: mass-energy-storage#23 lane is 10 tile(s) wide but must tap 12 consumer lane(s) of universe-matrix#37; island 2: a producer lane has fewer tiles than the consumers it must tap, so two junctions would have to share one tile. antimatter: mass-energy-storage#23 lane is 10 tile(s) wide but must tap 12 consumer lane(s) of universe-matrix#37; island 3: a producer lane has fewer tiles than the consumers it must tap, so two junctions would have to share one tile. antimatter: mass-energy-storage#23 lane is 10 tile(s) wide but must tap 12 consumer lane(s) of universe-matrix#37
    slowest: 31s sequence-pair electromagnetic-matrix/no-proliferator power=1 budget=30s, 31s sequence-pair plastic/no-proliferator power=1 budget=30s, 31s sequence-pair energy-matrix/no-proliferator power=1 budget=30s, 31s sequence-pair energy-matrix/all-products power=1 budget=30s, 31s sequence-pair casimir-crystal/no-proliferator power=1 budget=30s

176s wall, 72/72 cells
13 cells completed after their own requested search deadline; the largest completion tail was 1.2s. Emission, detailed routing already in flight, and validation finish atomically.

NOT CLEAN. An INVALID cell is worse than a REFUSED one: refusing emits nothing, while an invalid blueprint pastes and then does not run. Fix the invalid ones first.
