[1m[33mwarning[39m[0m[1m:[0m [1m`VIRTUAL_ENV=/home/dannyb/sources/factorio-lab-to-blueprint/.venv` does not match the project environment path `.venv` and will be ignored; use `--active` to target the active environment instead[0m
30 cells, 8 at a time, 16 CP-SAT workers each, cap 900s
  . [  1/30]     3s freeform  small    graphene/no-proliferator power=1 budget=30s          CLEAN      1.4s
  . [  2/30]     4s freeform  small    graphene/output-products power=1 budget=30s          CLEAN      2.5s
  . [  3/30]     4s freeform  small    graphene/all-products power=1 budget=30s             CLEAN      2.9s
  . [  4/30]     4s freeform  small    electromagnetic-matrix/no-proliferator power=1 budget=30s CLEAN      2.9s
  . [  5/30]     6s freeform  small    electromagnetic-matrix/output-products power=1 budget=30s CLEAN      3.4s
  . [  6/30]     8s freeform  small    plastic/no-proliferator power=1 budget=30s           CLEAN      2.2s
  . [  7/30]    16s freeform  small    plastic/all-products power=1 budget=30s              CLEAN      7.4s
  . [  8/30]    16s freeform  small    electromagnetic-matrix/all-products power=1 budget=30s CLEAN     14.4s  <-- 14s
  . [  9/30]    21s freeform  small    plastic/output-products power=1 budget=30s           CLEAN      5.6s
  . [ 10/30]    31s sequence-pair small    graphene/no-proliferator power=1 budget=30s          CLEAN     29.2s  <-- 29s
  . [ 11/30]    32s sequence-pair small    graphene/all-products power=1 budget=30s             CLEAN     30.7s  <-- 31s
  . [ 12/30]    32s sequence-pair small    graphene/output-products power=1 budget=30s          CLEAN     31.0s  <-- 31s
  . [ 13/30]    32s freeform  trivial  iron-ingot/no-proliferator power=1 budget=30s        CLEAN      0.3s
  . [ 14/30]    33s freeform  trivial  iron-ingot/all-products power=1 budget=30s           CLEAN      1.1s
  . [ 15/30]    33s freeform  trivial  iron-ingot/output-products power=1 budget=30s        CLEAN      1.0s
  . [ 16/30]    34s sequence-pair small    electromagnetic-matrix/all-products power=1 budget=30s CLEAN     30.1s  <-- 30s
  . [ 17/30]    35s sequence-pair small    electromagnetic-matrix/output-products power=1 budget=30s CLEAN     30.2s  <-- 30s
  . [ 18/30]    35s freeform  trivial  magnetic-coil/no-proliferator power=1 budget=30s     CLEAN      0.7s
  . [ 19/30]    35s sequence-pair small    electromagnetic-matrix/no-proliferator power=1 budget=30s CLEAN     31.4s  <-- 31s
  . [ 20/30]    37s freeform  trivial  magnetic-coil/output-products power=1 budget=30s     CLEAN      1.8s
  . [ 21/30]    38s freeform  trivial  magnetic-coil/all-products power=1 budget=30s        CLEAN      3.1s
  . [ 22/30]    44s sequence-pair trivial  iron-ingot/no-proliferator power=1 budget=30s        CLEAN     10.2s  <-- 10s
  . [ 23/30]    47s sequence-pair small    plastic/no-proliferator power=1 budget=30s           CLEAN     31.1s  <-- 31s
  . [ 24/30]    51s sequence-pair small    plastic/all-products power=1 budget=30s              CLEAN     29.4s  <-- 29s
  . [ 25/30]    56s sequence-pair trivial  iron-ingot/all-products power=1 budget=30s           CLEAN     22.5s  <-- 23s
  . [ 26/30]    57s sequence-pair trivial  iron-ingot/output-products power=1 budget=30s        CLEAN     22.6s  <-- 23s
  . [ 27/30]    57s sequence-pair trivial  magnetic-coil/no-proliferator power=1 budget=30s     CLEAN     20.4s  <-- 20s
  . [ 28/30]    61s sequence-pair small    plastic/output-products power=1 budget=30s           CLEAN     30.0s  <-- 30s
  . [ 29/30]    69s sequence-pair trivial  magnetic-coil/all-products power=1 budget=30s        CLEAN     30.7s  <-- 31s
  . [ 30/30]    74s sequence-pair trivial  magnetic-coil/output-products power=1 budget=30s     CLEAN     30.5s  <-- 31s

=== freeform: 15/15 clean -- CLEAN   (refused 0, invalid 0, crashed 0, not run 0)
    slowest: 14s freeform electromagnetic-matrix/all-products power=1 budget=30s

=== sequence-pair: 15/15 clean -- CLEAN   (refused 0, invalid 0, crashed 0, not run 0)
    slowest: 31s sequence-pair electromagnetic-matrix/no-proliferator power=1 budget=30s, 31s sequence-pair plastic/no-proliferator power=1 budget=30s, 31s sequence-pair graphene/output-products power=1 budget=30s, 31s sequence-pair magnetic-coil/all-products power=1 budget=30s, 31s sequence-pair graphene/all-products power=1 budget=30s

74s wall, 30/30 cells
8 cells completed after their own requested search deadline; the largest completion tail was 1.4s. Emission, detailed routing already in flight, and validation finish atomically.
