[1m[33mwarning[39m[0m[1m:[0m [1m`VIRTUAL_ENV=/home/dannyb/sources/factorio-lab-to-blueprint/.venv` does not match the project environment path `.venv` and will be ignored; use `--active` to target the active environment instead[0m
72 cells, 8 at a time, 16 CP-SAT workers each, cap 900s
  X [  1/72]     3s freeform  stress   universe-matrix/all-products power=1 budget=30s      REFUSED    2.0s
  X [  2/72]     4s freeform  stress   universe-matrix/no-proliferator power=1 budget=30s   REFUSED    2.7s
  X [  3/72]     4s freeform  stress   universe-matrix/output-products power=1 budget=30s   REFUSED    0.7s
  . [  4/72]    12s freeform  stress   quantum-chip/no-proliferator power=1 budget=30s      CLEAN     10.6s  <-- 11s
  . [  5/72]    20s freeform  stress   quantum-chip/output-products power=1 budget=30s      CLEAN     18.6s  <-- 19s
  . [  6/72]    24s freeform  large    casimir-crystal/no-proliferator power=1 budget=30s   CLEAN      4.0s
  . [  7/72]    28s sequence-pair stress   quantum-chip/all-products power=1 budget=30s         CLEAN     27.1s  <-- 27s
  . [  8/72]    30s sequence-pair stress   quantum-chip/no-proliferator power=1 budget=30s      CLEAN     29.0s  <-- 29s
  . [  9/72]    30s freeform  stress   quantum-chip/all-products power=1 budget=30s         CLEAN     29.4s  <-- 29s
  . [ 10/72]    31s sequence-pair stress   quantum-chip/output-products power=1 budget=30s      CLEAN     30.2s  <-- 30s
  X [ 11/72]    33s sequence-pair stress   universe-matrix/no-proliferator power=1 budget=30s   REFUSED   29.1s  <-- 29s
  . [ 12/72]    34s freeform  large    casimir-crystal/all-products power=1 budget=30s      CLEAN     10.0s  <-- 10s
  X [ 13/72]    35s sequence-pair stress   universe-matrix/all-products power=1 budget=30s      REFUSED   30.8s  <-- 31s
  . [ 14/72]    38s freeform  large    casimir-crystal/output-products power=1 budget=30s   CLEAN      9.6s
  X [ 15/72]    39s sequence-pair stress   universe-matrix/output-products power=1 budget=30s   REFUSED   27.8s  <-- 28s
  . [ 16/72]    46s freeform  large    information-matrix/no-proliferator power=1 budget=30s CLEAN     13.0s  <-- 13s
  . [ 17/72]    60s freeform  large    information-matrix/output-products power=1 budget=30s CLEAN     25.7s  <-- 26s
  . [ 18/72]    60s sequence-pair large    casimir-crystal/all-products power=1 budget=30s      CLEAN     30.0s  <-- 30s
  . [ 19/72]    61s sequence-pair large    casimir-crystal/output-products power=1 budget=30s   CLEAN     29.7s  <-- 30s
  . [ 20/72]    61s sequence-pair large    casimir-crystal/no-proliferator power=1 budget=30s   CLEAN     31.4s  <-- 31s
  . [ 21/72]    62s freeform  large    information-matrix/all-products power=1 budget=30s   CLEAN     27.8s  <-- 28s
  . [ 22/72]    66s freeform  mid      processor/no-proliferator power=1 budget=30s         CLEAN      5.5s
  . [ 23/72]    66s sequence-pair large    information-matrix/all-products power=1 budget=30s   CLEAN     26.9s  <-- 27s
  . [ 24/72]    67s sequence-pair large    information-matrix/no-proliferator power=1 budget=30s CLEAN     29.6s  <-- 30s
  . [ 25/72]    68s freeform  mid      energy-matrix/no-proliferator power=1 budget=30s     CLEAN      1.1s
  . [ 26/72]    69s freeform  mid      processor/output-products power=1 budget=30s         CLEAN      7.8s
  . [ 27/72]    69s freeform  mid      energy-matrix/output-products power=1 budget=30s     CLEAN      1.9s
  . [ 28/72]    70s freeform  mid      energy-matrix/all-products power=1 budget=30s        CLEAN      2.7s
  . [ 29/72]    72s freeform  mid      processor/all-products power=1 budget=30s            CLEAN     11.4s  <-- 11s
  . [ 30/72]    74s sequence-pair large    information-matrix/output-products power=1 budget=30s CLEAN     27.9s  <-- 28s
  . [ 31/72]    90s sequence-pair mid      processor/all-products power=1 budget=30s            CLEAN     28.6s  <-- 29s
  . [ 32/72]    93s sequence-pair mid      processor/no-proliferator power=1 budget=30s         CLEAN     31.3s  <-- 31s
  . [ 33/72]    96s sequence-pair mid      processor/output-products power=1 budget=30s         CLEAN     30.1s  <-- 30s
  . [ 34/72]   100s sequence-pair mid      energy-matrix/no-proliferator power=1 budget=30s     CLEAN     31.5s  <-- 32s
  . [ 35/72]   100s sequence-pair mid      energy-matrix/all-products power=1 budget=30s        CLEAN     31.0s  <-- 31s
  . [ 36/72]   101s freeform  mid      super-magnetic-ring/no-proliferator power=1 budget=30s CLEAN     28.6s  <-- 29s
  . [ 37/72]   101s freeform  mid      super-magnetic-ring/all-products power=1 budget=30s  CLEAN     27.2s  <-- 27s
  . [ 38/72]   101s sequence-pair mid      energy-matrix/output-products power=1 budget=30s     CLEAN     30.9s  <-- 31s
  . [ 39/72]   101s freeform  small    graphene/no-proliferator power=1 budget=30s          CLEAN      1.0s
  . [ 40/72]   103s freeform  small    graphene/output-products power=1 budget=30s          CLEAN      2.0s
  . [ 41/72]   103s freeform  small    graphene/all-products power=1 budget=30s             CLEAN      2.5s
  . [ 42/72]   105s freeform  small    electromagnetic-matrix/no-proliferator power=1 budget=30s CLEAN      2.1s
  . [ 43/72]   118s freeform  mid      super-magnetic-ring/output-products power=1 budget=30s CLEAN     27.3s  <-- 27s
  . [ 44/72]   120s freeform  small    electromagnetic-matrix/all-products power=1 budget=30s CLEAN     14.7s  <-- 15s
  . [ 45/72]   121s freeform  small    electromagnetic-matrix/output-products power=1 budget=30s CLEAN      3.5s
  . [ 46/72]   122s sequence-pair mid      super-magnetic-ring/no-proliferator power=1 budget=30s CLEAN     29.7s  <-- 30s
  . [ 47/72]   126s sequence-pair mid      super-magnetic-ring/all-products power=1 budget=30s  CLEAN     30.1s  <-- 30s
  . [ 48/72]   128s freeform  small    plastic/no-proliferator power=1 budget=30s           CLEAN      2.2s
  . [ 49/72]   130s sequence-pair small    graphene/no-proliferator power=1 budget=30s          CLEAN     28.6s  <-- 29s
  . [ 50/72]   130s sequence-pair mid      super-magnetic-ring/output-products power=1 budget=30s CLEAN     29.3s  <-- 29s
  . [ 51/72]   132s sequence-pair small    graphene/all-products power=1 budget=30s             CLEAN     30.5s  <-- 31s
  . [ 52/72]   134s sequence-pair small    graphene/output-products power=1 budget=30s          CLEAN     30.7s  <-- 31s
  . [ 53/72]   135s freeform  small    plastic/output-products power=1 budget=30s           CLEAN      5.5s
  . [ 54/72]   135s freeform  trivial  iron-ingot/no-proliferator power=1 budget=30s        CLEAN      0.3s
  . [ 55/72]   135s freeform  small    plastic/all-products power=1 budget=30s              CLEAN      7.3s
  . [ 56/72]   136s freeform  trivial  iron-ingot/all-products power=1 budget=30s           CLEAN      0.8s
  . [ 57/72]   136s freeform  trivial  iron-ingot/output-products power=1 budget=30s        CLEAN      0.8s
  . [ 58/72]   147s sequence-pair trivial  iron-ingot/no-proliferator power=1 budget=30s        CLEAN     10.4s  <-- 10s
  . [ 59/72]   150s sequence-pair small    electromagnetic-matrix/all-products power=1 budget=30s CLEAN     28.9s  <-- 29s
  . [ 60/72]   151s freeform  trivial  magnetic-coil/no-proliferator power=1 budget=30s     CLEAN      0.8s
  . [ 61/72]   151s sequence-pair small    electromagnetic-matrix/no-proliferator power=1 budget=30s CLEAN     31.2s  <-- 31s
  . [ 62/72]   152s sequence-pair small    electromagnetic-matrix/output-products power=1 budget=30s CLEAN     30.1s  <-- 30s
  . [ 63/72]   153s freeform  trivial  magnetic-coil/output-products power=1 budget=30s     CLEAN      1.5s
  . [ 64/72]   156s freeform  trivial  magnetic-coil/all-products power=1 budget=30s        CLEAN      4.9s
  . [ 65/72]   159s sequence-pair trivial  iron-ingot/all-products power=1 budget=30s           CLEAN     23.1s  <-- 23s
  . [ 66/72]   161s sequence-pair small    plastic/no-proliferator power=1 budget=30s           CLEAN     31.4s  <-- 31s
  . [ 67/72]   162s sequence-pair small    plastic/all-products power=1 budget=30s              CLEAN     29.9s  <-- 30s
  . [ 68/72]   164s sequence-pair small    plastic/output-products power=1 budget=30s           CLEAN     30.1s  <-- 30s
  . [ 69/72]   170s sequence-pair trivial  iron-ingot/output-products power=1 budget=30s        CLEAN     23.2s  <-- 23s
  . [ 70/72]   174s sequence-pair trivial  magnetic-coil/no-proliferator power=1 budget=30s     CLEAN     21.1s  <-- 21s
  . [ 71/72]   183s sequence-pair trivial  magnetic-coil/all-products power=1 budget=30s        CLEAN     30.6s  <-- 31s
  . [ 72/72]   186s sequence-pair trivial  magnetic-coil/output-products power=1 budget=30s     CLEAN     30.8s  <-- 31s

=== freeform: 33/36 clean -- NOT CLEAN   (refused 3, invalid 0, crashed 0, not run 0)
    by check: {'<refused>': 3}
    REFUSED  universe-matrix/all-products power=1 budget=30s  no pack of 53 strips was ever produced at any candidate height; all 5 pack solves ended UNKNOWN rather than INFEASIBLE, inside the 0.02-unit deterministic work bound a pack of 53 strips is given, so the SOLVE gave up before the packing was shown impossible, and 28.7s of the 30s ceiling went unspent; the sweep stopped after 5 draws that produced no new packing
    REFUSED  universe-matrix/no-proliferator power=1 budget=30s  no pack of 57 strips was ever produced at any candidate height; all 5 pack solves ended UNKNOWN rather than INFEASIBLE, inside the 0.02-unit deterministic work bound a pack of 57 strips is given, so the SOLVE gave up before the packing was shown impossible, and 28.5s of the 30s ceiling went unspent; the sweep stopped after 5 draws that produced no new packing
    REFUSED  universe-matrix/output-products power=1 budget=30s  no pack of 54 strips was ever produced at any candidate height; all 5 pack solves ended UNKNOWN rather than INFEASIBLE, inside the 0.02-unit deterministic work bound a pack of 54 strips is given, so the SOLVE gave up before the packing was shown impossible, and 29.3s of the 30s ceiling went unspent; the sweep stopped after 5 draws that produced no new packing
    slowest: 29s freeform quantum-chip/all-products power=1 budget=30s, 29s freeform super-magnetic-ring/no-proliferator power=1 budget=30s, 28s freeform information-matrix/all-products power=1 budget=30s, 27s freeform super-magnetic-ring/output-products power=1 budget=30s, 27s freeform super-magnetic-ring/all-products power=1 budget=30s

=== sequence-pair: 33/36 clean -- NOT CLEAN   (refused 3, invalid 0, crashed 0, not run 0)
    by check: {'<refused>': 3}
    REFUSED  universe-matrix/no-proliferator power=1 budget=30s  all 4 sequence islands refused: island 0: deadline exhausted before finding an exact layout; island 1: deadline exhausted before finding an exact layout; island 2: deadline exhausted before finding an exact layout; island 3: deadline exhausted before finding an exact layout
    REFUSED  universe-matrix/all-products power=1 budget=30s  all 4 sequence islands refused: island 0: deadline exhausted before finding an exact layout; island 1: deadline exhausted before finding an exact layout; island 2: deadline exhausted before finding an exact layout; island 3: deadline exhausted before finding an exact layout
    REFUSED  universe-matrix/output-products power=1 budget=30s  all 4 sequence islands refused: island 0: deadline exhausted before finding an exact layout; island 1: deadline exhausted before finding an exact layout; island 2: deadline exhausted before finding an exact layout; island 3: deadline exhausted before finding an exact layout
    slowest: 32s sequence-pair energy-matrix/no-proliferator power=1 budget=30s, 31s sequence-pair plastic/no-proliferator power=1 budget=30s, 31s sequence-pair casimir-crystal/no-proliferator power=1 budget=30s, 31s sequence-pair processor/no-proliferator power=1 budget=30s, 31s sequence-pair electromagnetic-matrix/no-proliferator power=1 budget=30s

186s wall, 72/72 cells
18 cells completed after their own requested search deadline; the largest completion tail was 1.5s. Emission, detailed routing already in flight, and validation finish atomically.

NOT CLEAN. An INVALID cell is worse than a REFUSED one: refusing emits nothing, while an invalid blueprint pastes and then does not run. Fix the invalid ones first.
