[1m[33mwarning[39m[0m[1m:[0m [1m`VIRTUAL_ENV=/home/dannyb/sources/factorio-lab-to-blueprint/.venv` does not match the project environment path `.venv` and will be ignored; use `--active` to target the active environment instead[0m
72 cells, 8 at a time, 16 CP-SAT workers each, cap 900s
  . [  1/72]    12s freeform  stress   quantum-chip/no-proliferator power=1 budget=30s      CLEAN     10.4s  <-- 10s
  . [  2/72]    23s freeform  stress   quantum-chip/output-products power=1 budget=30s      CLEAN     21.5s  <-- 21s
  . [  3/72]    28s sequence-pair stress   quantum-chip/all-products power=1 budget=30s         CLEAN     27.3s  <-- 27s
  . [  4/72]    30s freeform  stress   quantum-chip/all-products power=1 budget=30s         CLEAN     28.9s  <-- 29s
  . [  5/72]    30s sequence-pair stress   quantum-chip/output-products power=1 budget=30s      CLEAN     29.0s  <-- 29s
  . [  6/72]    31s sequence-pair stress   quantum-chip/no-proliferator power=1 budget=30s      CLEAN     29.3s  <-- 29s
  X [  7/72]    32s freeform  stress   universe-matrix/all-products power=1 budget=30s      REFUSED   30.8s  <-- 31s
  X [  8/72]    32s freeform  stress   universe-matrix/no-proliferator power=1 budget=30s   REFUSED   31.1s  <-- 31s
  . [  9/72]    35s freeform  large    casimir-crystal/no-proliferator power=1 budget=30s   CLEAN      4.4s
  X [ 10/72]    42s freeform  stress   universe-matrix/output-products power=1 budget=30s   REFUSED   30.6s  <-- 31s
  . [ 11/72]    42s freeform  large    casimir-crystal/output-products power=1 budget=30s   CLEAN     10.5s  <-- 11s
  . [ 12/72]    43s freeform  large    casimir-crystal/all-products power=1 budget=30s      CLEAN     12.0s  <-- 12s
  X [ 13/72]    53s sequence-pair stress   universe-matrix/no-proliferator power=1 budget=30s   REFUSED   30.1s  <-- 30s
  . [ 14/72]    56s freeform  large    information-matrix/no-proliferator power=1 budget=30s CLEAN     13.3s  <-- 13s
  X [ 15/72]    61s sequence-pair stress   universe-matrix/all-products power=1 budget=30s      REFUSED   32.4s  <-- 32s
  . [ 16/72]    63s sequence-pair large    casimir-crystal/no-proliferator power=1 budget=30s   CLEAN     31.0s  <-- 31s
  . [ 17/72]    64s sequence-pair large    casimir-crystal/all-products power=1 budget=30s      CLEAN     29.0s  <-- 29s
  X [ 18/72]    64s sequence-pair stress   universe-matrix/output-products power=1 budget=30s   REFUSED   34.0s  <-- 34s
  . [ 19/72]    69s freeform  mid      processor/no-proliferator power=1 budget=30s         CLEAN      5.2s
  . [ 20/72]    72s sequence-pair large    casimir-crystal/output-products power=1 budget=30s   CLEAN     29.7s  <-- 30s
  . [ 21/72]    72s freeform  large    information-matrix/all-products power=1 budget=30s   CLEAN     29.5s  <-- 30s
  . [ 22/72]    77s freeform  mid      processor/output-products power=1 budget=30s         CLEAN      7.9s
  . [ 23/72]    77s freeform  mid      processor/all-products power=1 budget=30s            CLEAN     12.9s  <-- 13s
  . [ 24/72]    78s freeform  mid      energy-matrix/no-proliferator power=1 budget=30s     CLEAN      1.2s
  . [ 25/72]    80s freeform  mid      energy-matrix/all-products power=1 budget=30s        CLEAN      2.2s
  . [ 26/72]    81s freeform  large    information-matrix/output-products power=1 budget=30s CLEAN     28.1s  <-- 28s
  . [ 27/72]    83s freeform  mid      energy-matrix/output-products power=1 budget=30s     CLEAN      2.3s
  . [ 28/72]    85s sequence-pair large    information-matrix/no-proliferator power=1 budget=30s CLEAN     29.0s  <-- 29s
  . [ 29/72]    89s sequence-pair large    information-matrix/all-products power=1 budget=30s   CLEAN     27.8s  <-- 28s
  . [ 30/72]    91s sequence-pair large    information-matrix/output-products power=1 budget=30s CLEAN     27.3s  <-- 27s
  . [ 31/72]   101s sequence-pair mid      processor/all-products power=1 budget=30s            CLEAN     28.7s  <-- 29s
  . [ 32/72]   103s sequence-pair mid      processor/no-proliferator power=1 budget=30s         CLEAN     31.3s  <-- 31s
  . [ 33/72]   107s sequence-pair mid      processor/output-products power=1 budget=30s         CLEAN     30.0s  <-- 30s
  . [ 34/72]   112s sequence-pair mid      energy-matrix/no-proliferator power=1 budget=30s     CLEAN     31.3s  <-- 31s
  . [ 35/72]   113s sequence-pair mid      energy-matrix/all-products power=1 budget=30s        CLEAN     30.5s  <-- 30s
  . [ 36/72]   114s freeform  small    graphene/no-proliferator power=1 budget=30s          CLEAN      1.0s
  . [ 37/72]   116s sequence-pair mid      energy-matrix/output-products power=1 budget=30s     CLEAN     31.0s  <-- 31s
  . [ 38/72]   116s freeform  small    graphene/all-products power=1 budget=30s             CLEAN      2.2s
  . [ 39/72]   117s freeform  mid      super-magnetic-ring/no-proliferator power=1 budget=30s CLEAN     28.4s  <-- 28s
  . [ 40/72]   118s freeform  small    graphene/output-products power=1 budget=30s          CLEAN      2.6s
  . [ 41/72]   120s freeform  mid      super-magnetic-ring/all-products power=1 budget=30s  CLEAN     29.2s  <-- 29s
  . [ 42/72]   122s freeform  small    electromagnetic-matrix/no-proliferator power=1 budget=30s CLEAN      2.1s
  . [ 43/72]   128s freeform  mid      super-magnetic-ring/output-products power=1 budget=30s CLEAN     26.8s  <-- 27s
  . [ 44/72]   131s freeform  small    electromagnetic-matrix/output-products power=1 budget=30s CLEAN      3.3s
  . [ 45/72]   133s sequence-pair mid      super-magnetic-ring/no-proliferator power=1 budget=30s CLEAN     29.9s  <-- 30s
  . [ 46/72]   136s sequence-pair mid      super-magnetic-ring/all-products power=1 budget=30s  CLEAN     29.8s  <-- 30s
  . [ 47/72]   137s freeform  small    electromagnetic-matrix/all-products power=1 budget=30s CLEAN     15.3s  <-- 15s
  . [ 48/72]   139s freeform  small    plastic/no-proliferator power=1 budget=30s           CLEAN      2.1s
  . [ 49/72]   142s sequence-pair mid      super-magnetic-ring/output-products power=1 budget=30s CLEAN     29.6s  <-- 30s
  . [ 50/72]   145s sequence-pair small    graphene/no-proliferator power=1 budget=30s          CLEAN     28.6s  <-- 29s
  . [ 51/72]   146s freeform  small    plastic/output-products power=1 budget=30s           CLEAN      4.5s
  . [ 52/72]   146s freeform  small    plastic/all-products power=1 budget=30s              CLEAN      6.8s
  . [ 53/72]   148s sequence-pair small    graphene/all-products power=1 budget=30s             CLEAN     30.8s  <-- 31s
  . [ 54/72]   148s freeform  trivial  iron-ingot/no-proliferator power=1 budget=30s        CLEAN      0.4s
  . [ 55/72]   149s freeform  trivial  iron-ingot/all-products power=1 budget=30s           CLEAN      1.1s
  . [ 56/72]   149s sequence-pair small    graphene/output-products power=1 budget=30s          CLEAN     31.0s  <-- 31s
  . [ 57/72]   150s freeform  trivial  iron-ingot/output-products power=1 budget=30s        CLEAN      1.1s
  . [ 58/72]   160s sequence-pair trivial  iron-ingot/no-proliferator power=1 budget=30s        CLEAN     10.4s  <-- 10s
  . [ 59/72]   162s sequence-pair small    electromagnetic-matrix/no-proliferator power=1 budget=30s CLEAN     31.3s  <-- 31s
  . [ 60/72]   163s sequence-pair small    electromagnetic-matrix/all-products power=1 budget=30s CLEAN     29.5s  <-- 29s
  . [ 61/72]   163s freeform  trivial  magnetic-coil/no-proliferator power=1 budget=30s     CLEAN      0.5s
  . [ 62/72]   165s freeform  trivial  magnetic-coil/output-products power=1 budget=30s     CLEAN      2.1s
  . [ 63/72]   166s sequence-pair small    electromagnetic-matrix/output-products power=1 budget=30s CLEAN     29.8s  <-- 30s
  . [ 64/72]   166s freeform  trivial  magnetic-coil/all-products power=1 budget=30s        CLEAN      4.0s
  . [ 65/72]   174s sequence-pair trivial  iron-ingot/all-products power=1 budget=30s           CLEAN     23.8s  <-- 24s
  . [ 66/72]   176s sequence-pair small    plastic/all-products power=1 budget=30s              CLEAN     29.4s  <-- 29s
  . [ 67/72]   176s sequence-pair small    plastic/no-proliferator power=1 budget=30s           CLEAN     31.4s  <-- 31s
  . [ 68/72]   177s sequence-pair small    plastic/output-products power=1 budget=30s           CLEAN     30.3s  <-- 30s
  . [ 69/72]   183s sequence-pair trivial  iron-ingot/output-products power=1 budget=30s        CLEAN     22.8s  <-- 23s
  . [ 70/72]   185s sequence-pair trivial  magnetic-coil/no-proliferator power=1 budget=30s     CLEAN     20.3s  <-- 20s
  . [ 71/72]   197s sequence-pair trivial  magnetic-coil/output-products power=1 budget=30s     CLEAN     30.0s  <-- 30s
  . [ 72/72]   197s sequence-pair trivial  magnetic-coil/all-products power=1 budget=30s        CLEAN     30.4s  <-- 30s

=== freeform: 33/36 clean -- NOT CLEAN   (refused 3, invalid 0, crashed 0, not run 0)
    by check: {'<refused>': 3}
    REFUSED  universe-matrix/all-products power=1 budget=30s  the 30s deadline passed with no completed packing of 53 strips; 1 pack was routed in that time and the best of them still left 30 nets unrouted (worst 30), so a longer clock alone would not have wired this spec; 1 other pack stopped during exact preparation. This is a REFUSAL and not a verdict on the spec
    REFUSED  universe-matrix/no-proliferator power=1 budget=30s  the 30s deadline passed with no completed packing of 57 strips; 2 packs were routed in that time and the best of them still left 3 nets unrouted (worst 5), so a longer clock alone would not have wired this spec. This is a REFUSAL and not a verdict on the spec
    REFUSED  universe-matrix/output-products power=1 budget=30s  the 30s deadline passed with no completed packing of 54 strips; 2 packs were routed in that time and the best of them still left 12 nets unrouted (worst 60), so a longer clock alone would not have wired this spec. This is a REFUSAL and not a verdict on the spec
    slowest: 31s freeform universe-matrix/no-proliferator power=1 budget=30s, 31s freeform universe-matrix/all-products power=1 budget=30s, 31s freeform universe-matrix/output-products power=1 budget=30s, 30s freeform information-matrix/all-products power=1 budget=30s, 29s freeform super-magnetic-ring/all-products power=1 budget=30s

=== sequence-pair: 33/36 clean -- NOT CLEAN   (refused 3, invalid 0, crashed 0, not run 0)
    by check: {'<refused>': 3}
    REFUSED  universe-matrix/no-proliferator power=1 budget=30s  all 4 sequence islands refused: island 0: deadline exhausted before finding an exact layout; island 1: deadline exhausted before finding an exact layout; island 2: deadline exhausted before finding an exact layout; island 3: deadline exhausted before finding an exact layout
    REFUSED  universe-matrix/all-products power=1 budget=30s  all 4 sequence islands refused: island 0: deadline exhausted before finding an exact layout; island 1: deadline exhausted before finding an exact layout; island 2: deadline exhausted before finding an exact layout; island 3: deadline exhausted before finding an exact layout
    REFUSED  universe-matrix/output-products power=1 budget=30s  all 4 sequence islands refused: island 0: deadline exhausted before finding an exact layout; island 1: deadline exhausted before finding an exact layout; island 2: deadline exhausted before finding an exact layout; island 3: deadline exhausted before finding an exact layout
    slowest: 34s sequence-pair universe-matrix/output-products power=1 budget=30s, 32s sequence-pair universe-matrix/all-products power=1 budget=30s, 31s sequence-pair plastic/no-proliferator power=1 budget=30s, 31s sequence-pair energy-matrix/no-proliferator power=1 budget=30s, 31s sequence-pair processor/no-proliferator power=1 budget=30s

197s wall, 72/72 cells
19 cells completed after their own requested search deadline; the largest completion tail was 4.0s. Emission, detailed routing already in flight, and validation finish atomically.

NOT CLEAN. An INVALID cell is worse than a REFUSED one: refusing emits nothing, while an invalid blueprint pastes and then does not run. Fix the invalid ones first.
DONE_R1=1
