warning: `VIRTUAL_ENV=/home/dannyb/sources/factorio-lab-to-blueprint/.venv` does not match the project environment path `.venv` and will be ignored; use `--active` to target the active environment instead
72 cells, 4 at a time, 12 CP-SAT workers each, cap 3600s
  . [  1/72]    16s freeform  stress   quantum-chip/no-proliferator power=1 budget=30s      CLEAN     14.7s  <-- 15s
  . [  2/72]    29s freeform  stress   quantum-chip/output-products power=1 budget=30s      CLEAN     27.4s  <-- 27s
  . [  3/72]    29s sequence-pair stress   quantum-chip/no-proliferator power=1 budget=30s      CLEAN     28.0s  <-- 28s
  . [  4/72]    30s freeform  stress   quantum-chip/all-products power=1 budget=30s         CLEAN     28.7s  <-- 29s
  . [  5/72]    47s sequence-pair stress   quantum-chip/all-products power=1 budget=30s         CLEAN     30.9s  <-- 31s
  X [  6/72]    57s freeform  stress   universe-matrix/all-products power=1 budget=30s      REFUSED   27.1s  <-- 27s
  . [  7/72]    58s sequence-pair stress   quantum-chip/output-products power=1 budget=30s      CLEAN     29.0s  <-- 29s
  X [  8/72]    60s freeform  stress   universe-matrix/no-proliferator power=1 budget=30s   REFUSED   30.6s  <-- 31s
  X [  9/72]    77s freeform  stress   universe-matrix/output-products power=1 budget=30s   REFUSED   30.0s  <-- 30s
  . [ 10/72]    82s freeform  large    casimir-crystal/no-proliferator power=1 budget=30s   CLEAN      4.6s
  X [ 11/72]    86s sequence-pair stress   universe-matrix/no-proliferator power=1 budget=30s   REFUSED   28.9s  <-- 29s
  X [ 12/72]    87s sequence-pair stress   universe-matrix/all-products power=1 budget=30s      REFUSED   29.1s  <-- 29s
  X [ 13/72]    92s sequence-pair stress   universe-matrix/output-products power=1 budget=30s   REFUSED   32.0s  <-- 32s
  . [ 14/72]    98s freeform  large    casimir-crystal/all-products power=1 budget=30s      CLEAN     16.6s  <-- 17s
  . [ 15/72]    98s freeform  large    casimir-crystal/output-products power=1 budget=30s   CLEAN     12.4s  <-- 12s
  . [ 16/72]   113s freeform  large    information-matrix/no-proliferator power=1 budget=30s CLEAN     14.2s  <-- 14s
  . [ 17/72]   118s sequence-pair large    casimir-crystal/no-proliferator power=1 budget=30s   CLEAN     30.9s  <-- 31s
  . [ 18/72]   120s sequence-pair large    casimir-crystal/all-products power=1 budget=30s      CLEAN     27.6s  <-- 28s
  . [ 19/72]   128s sequence-pair large    casimir-crystal/output-products power=1 budget=30s   CLEAN     30.1s  <-- 30s
  . [ 20/72]   141s freeform  large    information-matrix/all-products power=1 budget=30s   CLEAN     28.3s  <-- 28s
  . [ 21/72]   147s freeform  large    information-matrix/output-products power=1 budget=30s CLEAN     29.0s  <-- 29s
  . [ 22/72]   148s sequence-pair large    information-matrix/no-proliferator power=1 budget=30s CLEAN     28.4s  <-- 28s
  . [ 23/72]   153s freeform  mid      processor/no-proliferator power=1 budget=30s         CLEAN      6.5s
  . [ 24/72]   157s sequence-pair large    information-matrix/all-products power=1 budget=30s   CLEAN     28.9s  <-- 29s
  . [ 25/72]   162s freeform  mid      processor/all-products power=1 budget=30s            CLEAN     13.5s  <-- 13s
  . [ 26/72]   166s freeform  mid      processor/output-products power=1 budget=30s         CLEAN     12.9s  <-- 13s
  . [ 27/72]   169s sequence-pair large    information-matrix/output-products power=1 budget=30s CLEAN     28.1s  <-- 28s
  . [ 28/72]   170s freeform  mid      energy-matrix/no-proliferator power=1 budget=30s     CLEAN      1.0s
  . [ 29/72]   173s freeform  mid      energy-matrix/all-products power=1 budget=30s        CLEAN      2.8s
  . [ 30/72]   175s freeform  mid      energy-matrix/output-products power=1 budget=30s     CLEAN      2.0s
  . [ 31/72]   189s sequence-pair mid      processor/no-proliferator power=1 budget=30s         CLEAN     31.3s  <-- 31s
  . [ 32/72]   191s sequence-pair mid      processor/all-products power=1 budget=30s            CLEAN     29.6s  <-- 30s
  . [ 33/72]   196s sequence-pair mid      processor/output-products power=1 budget=30s         CLEAN     29.7s  <-- 30s
  . [ 34/72]   206s sequence-pair mid      energy-matrix/no-proliferator power=1 budget=30s     CLEAN     31.2s  <-- 31s
  . [ 35/72]   220s sequence-pair mid      energy-matrix/all-products power=1 budget=30s        CLEAN     31.0s  <-- 31s
  . [ 36/72]   222s sequence-pair mid      energy-matrix/output-products power=1 budget=30s     CLEAN     30.7s  <-- 31s
  . [ 37/72]   225s freeform  mid      super-magnetic-ring/no-proliferator power=1 budget=30s CLEAN     29.2s  <-- 29s
  . [ 38/72]   232s freeform  mid      super-magnetic-ring/all-products power=1 budget=30s  CLEAN     25.5s  <-- 25s
  . [ 39/72]   247s freeform  mid      super-magnetic-ring/output-products power=1 budget=30s CLEAN     27.8s  <-- 28s
  . [ 40/72]   248s freeform  small    graphene/no-proliferator power=1 budget=30s          CLEAN      0.9s
  . [ 41/72]   251s freeform  small    graphene/all-products power=1 budget=30s             CLEAN      2.5s
  . [ 42/72]   252s sequence-pair mid      super-magnetic-ring/no-proliferator power=1 budget=30s CLEAN     29.9s  <-- 30s
  . [ 43/72]   253s freeform  small    graphene/output-products power=1 budget=30s          CLEAN      2.4s
  . [ 44/72]   254s sequence-pair mid      super-magnetic-ring/all-products power=1 budget=30s  CLEAN     28.8s  <-- 29s
  . [ 45/72]   260s sequence-pair mid      super-magnetic-ring/output-products power=1 budget=30s CLEAN     28.2s  <-- 28s
  . [ 46/72]   262s freeform  small    electromagnetic-matrix/no-proliferator power=1 budget=30s CLEAN      1.8s
  . [ 47/72]   273s freeform  small    electromagnetic-matrix/all-products power=1 budget=30s CLEAN     11.5s  <-- 11s
  . [ 48/72]   278s freeform  small    electromagnetic-matrix/output-products power=1 budget=30s CLEAN      4.6s
  . [ 49/72]   283s sequence-pair small    graphene/no-proliferator power=1 budget=30s          CLEAN     31.0s  <-- 31s
  . [ 50/72]   284s sequence-pair small    graphene/all-products power=1 budget=30s             CLEAN     30.7s  <-- 31s
  . [ 51/72]   285s sequence-pair small    graphene/output-products power=1 budget=30s          CLEAN     31.3s  <-- 31s
  . [ 52/72]   287s freeform  small    plastic/no-proliferator power=1 budget=30s           CLEAN      1.8s
  . [ 53/72]   294s freeform  small    plastic/all-products power=1 budget=30s              CLEAN      7.3s
  . [ 54/72]   299s freeform  small    plastic/output-products power=1 budget=30s           CLEAN      4.7s
  . [ 55/72]   309s sequence-pair small    electromagnetic-matrix/no-proliferator power=1 budget=30s CLEAN     31.3s  <-- 31s
  . [ 56/72]   312s sequence-pair small    electromagnetic-matrix/all-products power=1 budget=30s CLEAN     28.9s  <-- 29s
  . [ 57/72]   314s sequence-pair small    electromagnetic-matrix/output-products power=1 budget=30s CLEAN     30.1s  <-- 30s
  . [ 58/72]   314s freeform  trivial  iron-ingot/no-proliferator power=1 budget=30s        CLEAN      0.4s
  . [ 59/72]   315s freeform  trivial  iron-ingot/all-products power=1 budget=30s           CLEAN      1.0s
  . [ 60/72]   316s freeform  trivial  iron-ingot/output-products power=1 budget=30s        CLEAN      0.8s
  . [ 61/72]   327s sequence-pair trivial  iron-ingot/no-proliferator power=1 budget=30s        CLEAN     10.9s  <-- 11s
  . [ 62/72]   330s sequence-pair small    plastic/no-proliferator power=1 budget=30s           CLEAN     31.4s  <-- 31s
  . [ 63/72]   339s sequence-pair small    plastic/all-products power=1 budget=30s              CLEAN     29.6s  <-- 30s
  . [ 64/72]   339s freeform  trivial  magnetic-coil/no-proliferator power=1 budget=30s     CLEAN      0.6s
  . [ 65/72]   342s sequence-pair small    plastic/output-products power=1 budget=30s           CLEAN     30.2s  <-- 30s
  . [ 66/72]   343s freeform  trivial  magnetic-coil/all-products power=1 budget=30s        CLEAN      3.6s
  . [ 67/72]   344s freeform  trivial  magnetic-coil/output-products power=1 budget=30s     CLEAN      1.8s
  . [ 68/72]   351s sequence-pair trivial  iron-ingot/all-products power=1 budget=30s           CLEAN     24.6s  <-- 25s
  . [ 69/72]   354s sequence-pair trivial  iron-ingot/output-products power=1 budget=30s        CLEAN     23.3s  <-- 23s
  . [ 70/72]   365s sequence-pair trivial  magnetic-coil/no-proliferator power=1 budget=30s     CLEAN     22.3s  <-- 22s
  . [ 71/72]   374s sequence-pair trivial  magnetic-coil/all-products power=1 budget=30s        CLEAN     30.0s  <-- 30s
  . [ 72/72]   382s sequence-pair trivial  magnetic-coil/output-products power=1 budget=30s     CLEAN     30.7s  <-- 31s

=== freeform: 33/36 clean -- NOT CLEAN   (refused 3, invalid 0, crashed 0, not run 0)
    by check: {'<refused>': 3}
    REFUSED  universe-matrix/all-products power=1 budget=30s  every packing that wired was rejected by our own validator (prolif.sprayed_cargo_reaches_machines); a placement that fails validation is refused rather than returned, because an invalid blueprint pastes and then does not run
    REFUSED  universe-matrix/no-proliferator power=1 budget=30s  the 30s deadline passed with no completed packing of 57 strips; 2 packs were routed in that time and the best of them still left 3 nets unrouted (worst 5), so a longer clock alone would not have wired this spec. This is a REFUSAL and not a verdict on the spec
    REFUSED  universe-matrix/output-products power=1 budget=30s  no pack was ever routed: 5 lane heads could not obtain the belt approaches they need (information-matrix into universe-matrix#37 at (211, 35, 0) (wants 1, held 0, 2 free side(s)), information-matrix into universe-matrix#37 at (211, 61, 0) (wants 1, held 0, 2 free side(s)), information-matrix into universe-matrix#37 at (181, 9, 0) (wants 1, held 0, 2 free side(s))); this is a PORT-SEATING defect independent of the packing -- the failure count varied by candidate height
    slowest: 31s freeform universe-matrix/no-proliferator power=1 budget=30s, 30s freeform universe-matrix/output-products power=1 budget=30s, 29s freeform super-magnetic-ring/no-proliferator power=1 budget=30s, 29s freeform information-matrix/output-products power=1 budget=30s, 29s freeform quantum-chip/all-products power=1 budget=30s

=== sequence-pair: 33/36 clean -- NOT CLEAN   (refused 3, invalid 0, crashed 0, not run 0)
    by check: {'<refused>': 3}
    REFUSED  universe-matrix/no-proliferator power=1 budget=30s  all 3 sequence islands refused: island 0: deadline exhausted before finding an exact layout; island 1: deadline exhausted before finding an exact layout; island 2: deadline exhausted before finding an exact layout
    REFUSED  universe-matrix/all-products power=1 budget=30s  all 3 sequence islands refused: island 0: deadline exhausted before finding an exact layout; island 1: deadline exhausted before finding an exact layout; island 2: deadline exhausted before finding an exact layout
    REFUSED  universe-matrix/output-products power=1 budget=30s  all 3 sequence islands refused: island 0: deadline exhausted before finding an exact layout; island 1: deadline exhausted before finding an exact layout; island 2: deadline exhausted before finding an exact layout
    slowest: 32s sequence-pair universe-matrix/output-products power=1 budget=30s, 31s sequence-pair plastic/no-proliferator power=1 budget=30s, 31s sequence-pair processor/no-proliferator power=1 budget=30s, 31s sequence-pair graphene/output-products power=1 budget=30s, 31s sequence-pair electromagnetic-matrix/no-proliferator power=1 budget=30s

382s wall, 72/72 cells
17 cells completed after their own requested search deadline; the largest completion tail was 2.0s. Emission, detailed routing already in flight, and validation finish atomically.

NOT CLEAN. An INVALID cell is worse than a REFUSED one: refusing emits nothing, while an invalid blueprint pastes and then does not run. Fix the invalid ones first.

EXIT=1
