72 cells, 8 at a time, 16 CP-SAT workers each, cap 900s
  . [  1/72]    11s freeform  stress   quantum-chip/no-proliferator power=1 budget=30s      CLEAN     10.4s  <-- 10s
  . [  2/72]    18s freeform  stress   quantum-chip/output-products power=1 budget=30s      CLEAN     16.6s  <-- 17s
  . [  3/72]    25s freeform  stress   universe-matrix/all-products power=1 budget=30s      CLEAN     23.7s  <-- 24s
  . [  4/72]    28s sequence-pair stress   quantum-chip/all-products power=1 budget=30s         CLEAN     27.1s  <-- 27s
  . [  5/72]    29s freeform  stress   universe-matrix/no-proliferator power=1 budget=30s   CLEAN     27.8s  <-- 28s
  . [  6/72]    29s freeform  stress   quantum-chip/all-products power=1 budget=30s         CLEAN     28.3s  <-- 28s
  . [  7/72]    30s sequence-pair stress   quantum-chip/no-proliferator power=1 budget=30s      CLEAN     29.4s  <-- 29s
  . [  8/72]    33s sequence-pair stress   quantum-chip/output-products power=1 budget=30s      CLEAN     32.3s  <-- 32s
  . [  9/72]    34s freeform  large    casimir-crystal/no-proliferator power=1 budget=30s   CLEAN      5.2s
  . [ 10/72]    41s freeform  large    casimir-crystal/output-products power=1 budget=30s   CLEAN     10.1s  <-- 10s
  . [ 11/72]    41s freeform  stress   universe-matrix/output-products power=1 budget=30s   CLEAN     29.4s  <-- 29s
  . [ 12/72]    41s freeform  large    casimir-crystal/all-products power=1 budget=30s      CLEAN     11.7s  <-- 12s
  . [ 13/72]    49s sequence-pair stress   universe-matrix/no-proliferator power=1 budget=30s   CLEAN     31.7s  <-- 32s
  . [ 14/72]    56s freeform  large    information-matrix/no-proliferator power=1 budget=30s CLEAN     14.6s  <-- 15s
  . [ 15/72]    56s sequence-pair stress   universe-matrix/all-products power=1 budget=30s      CLEAN     30.7s  <-- 31s
  . [ 16/72]    60s sequence-pair stress   universe-matrix/output-products power=1 budget=30s   CLEAN     31.8s  <-- 32s
  . [ 17/72]    63s sequence-pair large    casimir-crystal/all-products power=1 budget=30s      CLEAN     29.0s  <-- 29s
  . [ 18/72]    64s sequence-pair large    casimir-crystal/no-proliferator power=1 budget=30s   CLEAN     30.7s  <-- 31s
  . [ 19/72]    69s freeform  mid      processor/no-proliferator power=1 budget=30s         CLEAN      5.6s
  . [ 20/72]    70s freeform  large    information-matrix/all-products power=1 budget=30s   CLEAN     28.9s  <-- 29s
  . [ 21/72]    71s sequence-pair large    casimir-crystal/output-products power=1 budget=30s   CLEAN     30.0s  <-- 30s
  . [ 22/72]    77s freeform  mid      processor/output-products power=1 budget=30s         CLEAN      8.5s
  . [ 23/72]    78s freeform  large    information-matrix/output-products power=1 budget=30s CLEAN     28.3s  <-- 28s
  . [ 24/72]    79s freeform  mid      energy-matrix/no-proliferator power=1 budget=30s     CLEAN      1.1s
  . [ 25/72]    79s freeform  mid      processor/all-products power=1 budget=30s            CLEAN     15.3s  <-- 15s
  . [ 26/72]    81s freeform  mid      energy-matrix/all-products power=1 budget=30s        CLEAN      2.4s
  . [ 27/72]    82s freeform  mid      energy-matrix/output-products power=1 budget=30s     CLEAN      2.4s
  . [ 28/72]    83s sequence-pair large    information-matrix/all-products power=1 budget=30s   CLEAN     27.0s  <-- 27s
  . [ 29/72]    86s sequence-pair large    information-matrix/no-proliferator power=1 budget=30s CLEAN     30.4s  <-- 30s
  . [ 30/72]    88s sequence-pair large    information-matrix/output-products power=1 budget=30s CLEAN     27.6s  <-- 28s
  . [ 31/72]    99s sequence-pair mid      processor/all-products power=1 budget=30s            CLEAN     28.4s  <-- 28s
  . [ 32/72]   101s sequence-pair mid      processor/no-proliferator power=1 budget=30s         CLEAN     31.3s  <-- 31s
  . [ 33/72]   108s sequence-pair mid      processor/output-products power=1 budget=30s         CLEAN     30.9s  <-- 31s
  . [ 34/72]   113s sequence-pair mid      energy-matrix/all-products power=1 budget=30s        CLEAN     30.8s  <-- 31s
  . [ 35/72]   113s sequence-pair mid      energy-matrix/no-proliferator power=1 budget=30s     CLEAN     31.4s  <-- 31s
  . [ 36/72]   113s freeform  mid      super-magnetic-ring/no-proliferator power=1 budget=30s CLEAN     27.3s  <-- 27s
  . [ 37/72]   114s sequence-pair mid      energy-matrix/output-products power=1 budget=30s     CLEAN     30.9s  <-- 31s
  . [ 38/72]   114s freeform  small    graphene/no-proliferator power=1 budget=30s          CLEAN      1.0s
  . [ 39/72]   115s freeform  mid      super-magnetic-ring/all-products power=1 budget=30s  CLEAN     27.2s  <-- 27s
  . [ 40/72]   116s freeform  small    graphene/all-products power=1 budget=30s             CLEAN      2.5s
  . [ 41/72]   116s freeform  small    graphene/output-products power=1 budget=30s          CLEAN      2.2s
  . [ 42/72]   118s freeform  small    electromagnetic-matrix/no-proliferator power=1 budget=30s CLEAN      2.1s
  . [ 43/72]   126s freeform  mid      super-magnetic-ring/output-products power=1 budget=30s CLEAN     26.8s  <-- 27s
  . [ 44/72]   129s freeform  small    electromagnetic-matrix/output-products power=1 budget=30s CLEAN      3.2s
  . [ 45/72]   131s sequence-pair mid      super-magnetic-ring/no-proliferator power=1 budget=30s CLEAN     29.3s  <-- 29s
  . [ 46/72]   134s freeform  small    electromagnetic-matrix/all-products power=1 budget=30s CLEAN     16.0s  <-- 16s
  . [ 47/72]   138s sequence-pair mid      super-magnetic-ring/all-products power=1 budget=30s  CLEAN     30.3s  <-- 30s
  . [ 48/72]   141s freeform  small    plastic/no-proliferator power=1 budget=30s           CLEAN      2.1s
  . [ 49/72]   142s sequence-pair mid      super-magnetic-ring/output-products power=1 budget=30s CLEAN     29.1s  <-- 29s
  . [ 50/72]   142s sequence-pair small    graphene/no-proliferator power=1 budget=30s          CLEAN     28.8s  <-- 29s
  . [ 51/72]   146s sequence-pair small    graphene/all-products power=1 budget=30s             CLEAN     30.8s  <-- 31s
  . [ 52/72]   147s sequence-pair small    graphene/output-products power=1 budget=30s          CLEAN     30.8s  <-- 31s
  . [ 53/72]   148s freeform  small    plastic/output-products power=1 budget=30s           CLEAN      6.1s
  . [ 54/72]   148s freeform  trivial  iron-ingot/no-proliferator power=1 budget=30s        CLEAN      0.2s
  . [ 55/72]   148s freeform  small    plastic/all-products power=1 budget=30s              CLEAN      7.7s
  . [ 56/72]   149s freeform  trivial  iron-ingot/all-products power=1 budget=30s           CLEAN      0.8s
  . [ 57/72]   149s freeform  trivial  iron-ingot/output-products power=1 budget=30s        CLEAN      0.9s
  . [ 58/72]   159s sequence-pair trivial  iron-ingot/no-proliferator power=1 budget=30s        CLEAN     10.3s  <-- 10s
  . [ 59/72]   160s sequence-pair small    electromagnetic-matrix/all-products power=1 budget=30s CLEAN     29.1s  <-- 29s
  . [ 60/72]   160s freeform  trivial  magnetic-coil/no-proliferator power=1 budget=30s     CLEAN      0.5s
  . [ 61/72]   160s sequence-pair small    electromagnetic-matrix/no-proliferator power=1 budget=30s CLEAN     31.3s  <-- 31s
  . [ 62/72]   162s freeform  trivial  magnetic-coil/output-products power=1 budget=30s     CLEAN      1.9s
  . [ 63/72]   164s sequence-pair small    electromagnetic-matrix/output-products power=1 budget=30s CLEAN     30.1s  <-- 30s
  . [ 64/72]   164s freeform  trivial  magnetic-coil/all-products power=1 budget=30s        CLEAN      4.0s
  . [ 65/72]   173s sequence-pair trivial  iron-ingot/all-products power=1 budget=30s           CLEAN     23.9s  <-- 24s
  . [ 66/72]   174s sequence-pair small    plastic/no-proliferator power=1 budget=30s           CLEAN     31.6s  <-- 32s
  . [ 67/72]   175s sequence-pair small    plastic/all-products power=1 budget=30s              CLEAN     29.4s  <-- 29s
  . [ 68/72]   176s sequence-pair small    plastic/output-products power=1 budget=30s           CLEAN     29.8s  <-- 30s
  . [ 69/72]   183s sequence-pair trivial  iron-ingot/output-products power=1 budget=30s        CLEAN     23.9s  <-- 24s
  . [ 70/72]   183s sequence-pair trivial  magnetic-coil/no-proliferator power=1 budget=30s     CLEAN     21.2s  <-- 21s
  . [ 71/72]   194s sequence-pair trivial  magnetic-coil/all-products power=1 budget=30s        CLEAN     30.4s  <-- 30s
  . [ 72/72]   195s sequence-pair trivial  magnetic-coil/output-products power=1 budget=30s     CLEAN     30.7s  <-- 31s

=== freeform: 36/36 clean -- CLEAN   (refused 0, invalid 0, crashed 0, not run 0)
    slowest: 29s freeform universe-matrix/output-products power=1 budget=30s, 29s freeform information-matrix/all-products power=1 budget=30s, 28s freeform information-matrix/output-products power=1 budget=30s, 28s freeform quantum-chip/all-products power=1 budget=30s, 28s freeform universe-matrix/no-proliferator power=1 budget=30s

=== sequence-pair: 36/36 clean -- CLEAN   (refused 0, invalid 0, crashed 0, not run 0)
    slowest: 32s sequence-pair quantum-chip/output-products power=1 budget=30s, 32s sequence-pair universe-matrix/output-products power=1 budget=30s, 32s sequence-pair universe-matrix/no-proliferator power=1 budget=30s, 32s sequence-pair plastic/no-proliferator power=1 budget=30s, 31s sequence-pair energy-matrix/no-proliferator power=1 budget=30s

195s wall, 72/72 cells
20 cells completed after their own requested search deadline; the largest completion tail was 2.3s. Emission, detailed routing already in flight, and validation finish atomically.
