warning: `VIRTUAL_ENV=/home/dannyb/sources/factorio-lab-to-blueprint/.venv` does not match the project environment path `.venv` and will be ignored; use `--active` to target the active environment instead
72 cells, 16 at a time, 8 CP-SAT workers each, cap 900s
  . [  1/72]     3s sequence-pair large    casimir-crystal/no-proliferator power=1 budget=30s   CLEAN      1.4s
  X [  2/72]     5s freeform  stress   universe-matrix/no-proliferator power=1 budget=30s   REFUSED    3.1s
  X [  3/72]     5s freeform  stress   universe-matrix/output-products power=1 budget=30s   REFUSED    3.8s
  . [  4/72]     6s freeform  large    casimir-crystal/no-proliferator power=1 budget=30s   CLEAN      4.8s
  X [  5/72]     9s freeform  stress   universe-matrix/all-products power=1 budget=30s      REFUSED    7.2s
  . [  6/72]    10s sequence-pair stress   quantum-chip/output-products power=1 budget=30s      CLEAN      8.5s
  . [  7/72]    12s freeform  large    casimir-crystal/all-products power=1 budget=30s      CLEAN     10.6s  <-- 11s
  . [  8/72]    13s freeform  large    casimir-crystal/output-products power=1 budget=30s   CLEAN     11.8s  <-- 12s
  . [  9/72]    14s sequence-pair stress   quantum-chip/no-proliferator power=1 budget=30s      CLEAN     12.5s  <-- 12s
  . [ 10/72]    16s freeform  stress   quantum-chip/no-proliferator power=1 budget=30s      CLEAN     14.7s  <-- 15s
  . [ 11/72]    17s freeform  stress   quantum-chip/output-products power=1 budget=30s      CLEAN     15.1s  <-- 15s
  . [ 12/72]    19s freeform  mid      processor/no-proliferator power=1 budget=30s         CLEAN      4.7s
  . [ 13/72]    22s sequence-pair large    information-matrix/no-proliferator power=1 budget=30s CLEAN     12.0s  <-- 12s
  . [ 14/72]    22s sequence-pair mid      processor/no-proliferator power=1 budget=30s         CLEAN      3.4s
  . [ 15/72]    24s freeform  mid      processor/output-products power=1 budget=30s         CLEAN      7.2s
  . [ 16/72]    24s freeform  large    information-matrix/no-proliferator power=1 budget=30s CLEAN     18.5s  <-- 19s
  . [ 17/72]    25s freeform  mid      energy-matrix/no-proliferator power=1 budget=30s     CLEAN      1.0s
  . [ 18/72]    26s freeform  mid      energy-matrix/all-products power=1 budget=30s        CLEAN      2.5s
  . [ 19/72]    27s sequence-pair stress   quantum-chip/all-products power=1 budget=30s         CLEAN     25.6s  <-- 26s
  . [ 20/72]    27s freeform  mid      energy-matrix/output-products power=1 budget=30s     CLEAN      2.7s
  . [ 21/72]    28s sequence-pair mid      processor/output-products power=1 budget=30s         CLEAN      5.5s
  . [ 22/72]    28s sequence-pair mid      energy-matrix/output-products power=1 budget=30s     CLEAN      0.4s
  . [ 23/72]    28s freeform  stress   quantum-chip/all-products power=1 budget=30s         CLEAN     26.9s  <-- 27s
  X [ 24/72]    28s sequence-pair stress   universe-matrix/all-products power=1 budget=30s      REFUSED   26.9s  <-- 27s
  . [ 25/72]    29s sequence-pair large    casimir-crystal/all-products power=1 budget=30s      CLEAN     26.2s  <-- 26s
  X [ 26/72]    29s sequence-pair stress   universe-matrix/output-products power=1 budget=30s   REFUSED   27.7s  <-- 28s
  X [ 27/72]    30s sequence-pair stress   universe-matrix/no-proliferator power=1 budget=30s   REFUSED   28.4s  <-- 28s
  . [ 28/72]    30s freeform  mid      processor/all-products power=1 budget=30s            CLEAN     14.0s  <-- 14s
  . [ 29/72]    31s freeform  small    graphene/no-proliferator power=1 budget=30s          CLEAN      1.1s
  . [ 30/72]    32s sequence-pair mid      energy-matrix/no-proliferator power=1 budget=30s     CLEAN      5.2s
  . [ 31/72]    32s sequence-pair large    casimir-crystal/output-products power=1 budget=30s   CLEAN     27.4s  <-- 27s
  . [ 32/72]    32s sequence-pair small    graphene/no-proliferator power=1 budget=30s          CLEAN      0.7s
  . [ 33/72]    32s freeform  large    information-matrix/all-products power=1 budget=30s   CLEAN     26.1s  <-- 26s
  . [ 34/72]    33s freeform  small    graphene/all-products power=1 budget=30s             CLEAN      2.6s
  . [ 35/72]    34s freeform  small    graphene/output-products power=1 budget=30s          CLEAN      2.7s
  . [ 36/72]    34s freeform  small    electromagnetic-matrix/no-proliferator power=1 budget=30s CLEAN      2.1s
  . [ 37/72]    35s sequence-pair small    graphene/output-products power=1 budget=30s          CLEAN      2.5s
  . [ 38/72]    35s freeform  large    information-matrix/output-products power=1 budget=30s CLEAN     26.8s  <-- 27s
  . [ 39/72]    36s sequence-pair large    information-matrix/output-products power=1 budget=30s CLEAN     22.5s  <-- 23s
  . [ 40/72]    36s sequence-pair large    information-matrix/all-products power=1 budget=30s   CLEAN     23.9s  <-- 24s
  . [ 41/72]    37s sequence-pair small    electromagnetic-matrix/no-proliferator power=1 budget=30s CLEAN      2.3s
  . [ 42/72]    38s freeform  small    plastic/no-proliferator power=1 budget=30s           CLEAN      1.7s
  . [ 43/72]    38s freeform  small    electromagnetic-matrix/output-products power=1 budget=30s CLEAN      4.4s
  . [ 44/72]    41s sequence-pair small    plastic/no-proliferator power=1 budget=30s           CLEAN      3.3s
  . [ 45/72]    42s sequence-pair mid      super-magnetic-ring/output-products power=1 budget=30s CLEAN     12.4s  <-- 12s
  . [ 46/72]    42s sequence-pair small    electromagnetic-matrix/output-products power=1 budget=30s CLEAN      6.3s
  . [ 47/72]    42s freeform  trivial  iron-ingot/no-proliferator power=1 budget=30s        CLEAN      0.2s
  . [ 48/72]    43s freeform  trivial  iron-ingot/all-products power=1 budget=30s           CLEAN      1.4s
  . [ 49/72]    43s sequence-pair trivial  iron-ingot/no-proliferator power=1 budget=30s        CLEAN      0.1s
  . [ 50/72]    43s freeform  trivial  iron-ingot/output-products power=1 budget=30s        CLEAN      1.4s
  . [ 51/72]    43s freeform  small    plastic/output-products power=1 budget=30s           CLEAN      6.7s
  . [ 52/72]    43s sequence-pair small    plastic/output-products power=1 budget=30s           CLEAN      2.6s
  . [ 53/72]    44s freeform  small    plastic/all-products power=1 budget=30s              CLEAN      7.4s
  . [ 54/72]    44s sequence-pair trivial  iron-ingot/output-products power=1 budget=30s        CLEAN      0.4s
  . [ 55/72]    44s sequence-pair trivial  iron-ingot/all-products power=1 budget=30s           CLEAN      0.5s
  . [ 56/72]    44s freeform  trivial  magnetic-coil/no-proliferator power=1 budget=30s     CLEAN      0.6s
  . [ 57/72]    45s sequence-pair mid      super-magnetic-ring/no-proliferator power=1 budget=30s CLEAN     16.5s  <-- 16s
  . [ 58/72]    46s freeform  trivial  magnetic-coil/output-products power=1 budget=30s     CLEAN      2.8s
  . [ 59/72]    46s sequence-pair trivial  magnetic-coil/output-products power=1 budget=30s     CLEAN      2.5s
  . [ 60/72]    47s freeform  trivial  magnetic-coil/all-products power=1 budget=30s        CLEAN      4.0s
  . [ 61/72]    48s sequence-pair mid      processor/all-products power=1 budget=30s            CLEAN     26.1s  <-- 26s
  . [ 62/72]    48s freeform  small    electromagnetic-matrix/all-products power=1 budget=30s CLEAN     15.4s  <-- 15s
  . [ 63/72]    54s freeform  mid      super-magnetic-ring/all-products power=1 budget=30s  CLEAN     26.3s  <-- 26s
  . [ 64/72]    56s sequence-pair mid      super-magnetic-ring/all-products power=1 budget=30s  CLEAN     26.8s  <-- 27s
  . [ 65/72]    56s sequence-pair mid      energy-matrix/all-products power=1 budget=30s        CLEAN     29.0s  <-- 29s
  . [ 66/72]    56s freeform  mid      super-magnetic-ring/no-proliferator power=1 budget=30s CLEAN     28.9s  <-- 29s
  . [ 67/72]    58s freeform  mid      super-magnetic-ring/output-products power=1 budget=30s CLEAN     29.1s  <-- 29s
  . [ 68/72]    60s sequence-pair trivial  magnetic-coil/no-proliferator power=1 budget=30s     CLEAN     16.7s  <-- 17s
  . [ 69/72]    61s sequence-pair small    graphene/all-products power=1 budget=30s             CLEAN     28.6s  <-- 29s
  . [ 70/72]    61s sequence-pair small    electromagnetic-matrix/all-products power=1 budget=30s CLEAN     26.4s  <-- 26s
  . [ 71/72]    66s sequence-pair small    plastic/all-products power=1 budget=30s              CLEAN     27.5s  <-- 28s
  . [ 72/72]    72s sequence-pair trivial  magnetic-coil/all-products power=1 budget=30s        CLEAN     28.3s  <-- 28s

=== freeform: 33/36 clean -- NOT CLEAN   (refused 3, invalid 0, crashed 0, not run 0)
    by check: {'<refused>': 3}
    REFUSED  universe-matrix/no-proliferator power=1 budget=30s  every packing that wired was rejected by our own validator (game.blueprint_area; findings: band 0 game.blueprint_area (): a 264x162 extent fits no band on a segment-200 planet: it needs 162 latitude rows in its better orientation and the tallest band (200 segments) holds 160. The game refuses this paste with EBuildCondition.BlueprintAreaCrossTropic.); a placement that fails validation is refused rather than returned, because an invalid blueprint pastes and then does not run
    REFUSED  universe-matrix/output-products power=1 budget=30s  no packing of 43 strips could be wired at any candidate height; every pack the sweep produced left nets unrouted. That is a PACKER defect -- it is producing packs its own router cannot wire -- and it is reported rather than papered over with a looser packing
    REFUSED  universe-matrix/all-products power=1 budget=30s  no packing of 42 strips could be wired at any candidate height; every pack the sweep produced left nets unrouted. That is a PACKER defect -- it is producing packs its own router cannot wire -- and it is reported rather than papered over with a looser packing
    slowest: 29s freeform super-magnetic-ring/output-products power=1 budget=30s, 29s freeform super-magnetic-ring/no-proliferator power=1 budget=30s, 27s freeform quantum-chip/all-products power=1 budget=30s, 27s freeform information-matrix/output-products power=1 budget=30s, 26s freeform super-magnetic-ring/all-products power=1 budget=30s

=== sequence-pair: 33/36 clean -- NOT CLEAN   (refused 3, invalid 0, crashed 0, not run 0)
    by check: {'<refused>': 3}
    REFUSED  universe-matrix/all-products power=1 budget=30s  deadline exhausted before finding an exact layout
    REFUSED  universe-matrix/output-products power=1 budget=30s  deadline exhausted before finding an exact layout
    REFUSED  universe-matrix/no-proliferator power=1 budget=30s  deadline exhausted before finding an exact layout
    slowest: 29s sequence-pair energy-matrix/all-products power=1 budget=30s, 29s sequence-pair graphene/all-products power=1 budget=30s, 28s sequence-pair universe-matrix/no-proliferator power=1 budget=30s, 28s sequence-pair magnetic-coil/all-products power=1 budget=30s, 28s sequence-pair universe-matrix/output-products power=1 budget=30s

72s wall, 72/72 cells

NOT CLEAN. An INVALID cell is worse than a REFUSED one: refusing emits nothing, while an invalid blueprint pastes and then does not run. Fix the invalid ones first.
exit=1
