warning: `VIRTUAL_ENV=/home/dannyb/sources/factorio-lab-to-blueprint/.venv` does not match the project environment path `.venv` and will be ignored; use `--active` to target the active environment instead
72 cells, 4 at a time, 12 CP-SAT workers each, cap 3600s
  . [  1/72]    13s freeform  stress   quantum-chip/no-proliferator power=1 budget=30s      CLEAN     11.4s  <-- 11s
  . [  2/72]    26s freeform  stress   quantum-chip/output-products power=1 budget=30s      CLEAN     24.6s  <-- 25s
  . [  3/72]    31s sequence-pair stress   quantum-chip/no-proliferator power=1 budget=30s      CLEAN     29.0s  <-- 29s
  . [  4/72]    31s freeform  stress   quantum-chip/all-products power=1 budget=30s         CLEAN     29.6s  <-- 30s
  . [  5/72]    42s sequence-pair stress   quantum-chip/all-products power=1 budget=30s         CLEAN     28.5s  <-- 29s
  X [  6/72]    56s freeform  stress   universe-matrix/all-products power=1 budget=30s      REFUSED   24.5s  <-- 24s
  . [  7/72]    57s sequence-pair stress   quantum-chip/output-products power=1 budget=30s      CLEAN     30.3s  <-- 30s
  X [  8/72]    61s freeform  stress   universe-matrix/no-proliferator power=1 budget=30s   REFUSED   30.7s  <-- 31s
  X [  9/72]    71s freeform  stress   universe-matrix/output-products power=1 budget=30s   REFUSED   29.7s  <-- 30s
  . [ 10/72]    75s freeform  large    casimir-crystal/no-proliferator power=1 budget=30s   CLEAN      4.0s
  X [ 11/72]    84s sequence-pair stress   universe-matrix/no-proliferator power=1 budget=30s   REFUSED   28.3s  <-- 28s
  X [ 12/72]    86s sequence-pair stress   universe-matrix/all-products power=1 budget=30s      REFUSED   29.6s  <-- 30s
  . [ 13/72]    90s freeform  large    casimir-crystal/all-products power=1 budget=30s      CLEAN     14.3s  <-- 14s
  X [ 14/72]    94s sequence-pair stress   universe-matrix/output-products power=1 budget=30s   REFUSED   32.2s  <-- 32s
  . [ 15/72]    95s freeform  large    casimir-crystal/output-products power=1 budget=30s   CLEAN     10.6s  <-- 11s
  . [ 16/72]   109s freeform  large    information-matrix/no-proliferator power=1 budget=30s CLEAN     14.7s  <-- 15s
  . [ 17/72]   117s sequence-pair large    casimir-crystal/no-proliferator power=1 budget=30s   CLEAN     31.2s  <-- 31s
  . [ 18/72]   118s sequence-pair large    casimir-crystal/all-products power=1 budget=30s      CLEAN     28.5s  <-- 28s
  . [ 19/72]   123s sequence-pair large    casimir-crystal/output-products power=1 budget=30s   CLEAN     29.8s  <-- 30s
  . [ 20/72]   137s freeform  large    information-matrix/all-products power=1 budget=30s   CLEAN     27.3s  <-- 27s
  . [ 21/72]   145s freeform  large    information-matrix/output-products power=1 budget=30s CLEAN     27.9s  <-- 28s
  . [ 22/72]   149s sequence-pair large    information-matrix/no-proliferator power=1 budget=30s CLEAN     31.0s  <-- 31s
  . [ 23/72]   151s sequence-pair large    information-matrix/all-products power=1 budget=30s   CLEAN     27.6s  <-- 28s
  . [ 24/72]   152s freeform  mid      processor/no-proliferator power=1 budget=30s         CLEAN      6.3s
  . [ 25/72]   161s freeform  mid      processor/output-products power=1 budget=30s         CLEAN     10.0s  <-- 10s
  . [ 26/72]   166s sequence-pair large    information-matrix/output-products power=1 budget=30s CLEAN     29.2s  <-- 29s
  . [ 27/72]   168s freeform  mid      processor/all-products power=1 budget=30s            CLEAN     19.4s  <-- 19s
  . [ 28/72]   170s freeform  mid      energy-matrix/no-proliferator power=1 budget=30s     CLEAN      1.4s
  . [ 29/72]   172s freeform  mid      energy-matrix/all-products power=1 budget=30s        CLEAN      2.4s
  . [ 30/72]   174s freeform  mid      energy-matrix/output-products power=1 budget=30s     CLEAN      2.0s
  . [ 31/72]   183s sequence-pair mid      processor/no-proliferator power=1 budget=30s         CLEAN     31.1s  <-- 31s
  . [ 32/72]   190s sequence-pair mid      processor/all-products power=1 budget=30s            CLEAN     28.8s  <-- 29s
  . [ 33/72]   196s sequence-pair mid      processor/output-products power=1 budget=30s         CLEAN     30.4s  <-- 30s
  . [ 34/72]   206s sequence-pair mid      energy-matrix/no-proliferator power=1 budget=30s     CLEAN     31.6s  <-- 32s
  . [ 35/72]   213s sequence-pair mid      energy-matrix/all-products power=1 budget=30s        CLEAN     30.8s  <-- 31s
  . [ 36/72]   222s sequence-pair mid      energy-matrix/output-products power=1 budget=30s     CLEAN     31.9s  <-- 32s
  . [ 37/72]   223s freeform  mid      super-magnetic-ring/no-proliferator power=1 budget=30s CLEAN     27.3s  <-- 27s
  . [ 38/72]   235s freeform  mid      super-magnetic-ring/all-products power=1 budget=30s  CLEAN     28.8s  <-- 29s
  . [ 39/72]   240s freeform  mid      super-magnetic-ring/output-products power=1 budget=30s CLEAN     26.6s  <-- 27s
  . [ 40/72]   241s freeform  small    graphene/no-proliferator power=1 budget=30s          CLEAN      0.8s
  . [ 41/72]   243s freeform  small    graphene/all-products power=1 budget=30s             CLEAN      2.3s
  . [ 42/72]   245s freeform  small    graphene/output-products power=1 budget=30s          CLEAN      2.0s
  . [ 43/72]   251s sequence-pair mid      super-magnetic-ring/no-proliferator power=1 budget=30s CLEAN     29.6s  <-- 30s
  . [ 44/72]   254s sequence-pair mid      super-magnetic-ring/all-products power=1 budget=30s  CLEAN     30.7s  <-- 31s
  . [ 45/72]   264s sequence-pair mid      super-magnetic-ring/output-products power=1 budget=30s CLEAN     29.4s  <-- 29s
  . [ 46/72]   266s freeform  small    electromagnetic-matrix/no-proliferator power=1 budget=30s CLEAN      2.1s
  . [ 47/72]   275s sequence-pair small    graphene/no-proliferator power=1 budget=30s          CLEAN     30.0s  <-- 30s
  . [ 48/72]   280s freeform  small    electromagnetic-matrix/output-products power=1 budget=30s CLEAN      4.4s
  . [ 49/72]   280s freeform  small    electromagnetic-matrix/all-products power=1 budget=30s CLEAN     13.6s  <-- 14s
  . [ 50/72]   282s sequence-pair small    graphene/all-products power=1 budget=30s             CLEAN     31.1s  <-- 31s
  . [ 51/72]   285s sequence-pair small    graphene/output-products power=1 budget=30s          CLEAN     31.3s  <-- 31s
  . [ 52/72]   287s freeform  small    plastic/no-proliferator power=1 budget=30s           CLEAN      1.9s
  . [ 53/72]   294s freeform  small    plastic/all-products power=1 budget=30s              CLEAN      6.7s
  . [ 54/72]   299s freeform  small    plastic/output-products power=1 budget=30s           CLEAN      5.0s
  . [ 55/72]   308s sequence-pair small    electromagnetic-matrix/all-products power=1 budget=30s CLEAN     28.7s  <-- 29s
  . [ 56/72]   311s sequence-pair small    electromagnetic-matrix/no-proliferator power=1 budget=30s CLEAN     31.6s  <-- 32s
  . [ 57/72]   313s sequence-pair small    electromagnetic-matrix/output-products power=1 budget=30s CLEAN     30.3s  <-- 30s
  . [ 58/72]   313s freeform  trivial  iron-ingot/no-proliferator power=1 budget=30s        CLEAN      0.3s
  . [ 59/72]   314s freeform  trivial  iron-ingot/all-products power=1 budget=30s           CLEAN      0.8s
  . [ 60/72]   315s freeform  trivial  iron-ingot/output-products power=1 budget=30s        CLEAN      0.8s
  . [ 61/72]   326s sequence-pair trivial  iron-ingot/no-proliferator power=1 budget=30s        CLEAN     11.5s  <-- 11s
  . [ 62/72]   330s sequence-pair small    plastic/no-proliferator power=1 budget=30s           CLEAN     31.2s  <-- 31s
  . [ 63/72]   338s sequence-pair small    plastic/all-products power=1 budget=30s              CLEAN     29.9s  <-- 30s
  . [ 64/72]   339s freeform  trivial  magnetic-coil/no-proliferator power=1 budget=30s     CLEAN      0.7s
  . [ 65/72]   341s sequence-pair small    plastic/output-products power=1 budget=30s           CLEAN     30.3s  <-- 30s
  . [ 66/72]   343s freeform  trivial  magnetic-coil/all-products power=1 budget=30s        CLEAN      3.6s
  . [ 67/72]   344s freeform  trivial  magnetic-coil/output-products power=1 budget=30s     CLEAN      2.1s
  . [ 68/72]   350s sequence-pair trivial  iron-ingot/all-products power=1 budget=30s           CLEAN     23.8s  <-- 24s
  . [ 69/72]   354s sequence-pair trivial  iron-ingot/output-products power=1 budget=30s        CLEAN     23.9s  <-- 24s
  . [ 70/72]   367s sequence-pair trivial  magnetic-coil/no-proliferator power=1 budget=30s     CLEAN     24.8s  <-- 25s
  . [ 71/72]   374s sequence-pair trivial  magnetic-coil/all-products power=1 budget=30s        CLEAN     30.4s  <-- 30s
  . [ 72/72]   381s sequence-pair trivial  magnetic-coil/output-products power=1 budget=30s     CLEAN     31.2s  <-- 31s

=== freeform: 33/36 clean -- NOT CLEAN   (refused 3, invalid 0, crashed 0, not run 0)
    by check: {'<refused>': 3}
    REFUSED  universe-matrix/all-products power=1 budget=30s  every packing that wired was rejected by our own validator (prolif.sprayed_cargo_reaches_machines); a placement that fails validation is refused rather than returned, because an invalid blueprint pastes and then does not run
    REFUSED  universe-matrix/no-proliferator power=1 budget=30s  the 30s deadline passed with no completed packing of 57 strips; 2 packs were routed in that time and the best of them still left 3 nets unrouted (worst 71), so a longer clock alone would not have wired this spec. This is a REFUSAL and not a verdict on the spec
    REFUSED  universe-matrix/output-products power=1 budget=30s  no pack was ever routed: 5 lane heads could not obtain the belt approaches they need (information-matrix into universe-matrix#37 at (211, 35, 0) (wants 1, held 0, 2 free side(s)), information-matrix into universe-matrix#37 at (211, 61, 0) (wants 1, held 0, 2 free side(s)), information-matrix into universe-matrix#37 at (181, 9, 0) (wants 1, held 0, 2 free side(s))); this is a PORT-SEATING defect independent of the packing -- the failure count varied by candidate height
    slowest: 31s freeform universe-matrix/no-proliferator power=1 budget=30s, 30s freeform universe-matrix/output-products power=1 budget=30s, 30s freeform quantum-chip/all-products power=1 budget=30s, 29s freeform super-magnetic-ring/all-products power=1 budget=30s, 28s freeform information-matrix/output-products power=1 budget=30s

=== sequence-pair: 33/36 clean -- NOT CLEAN   (refused 3, invalid 0, crashed 0, not run 0)
    by check: {'<refused>': 3}
    REFUSED  universe-matrix/no-proliferator power=1 budget=30s  all 3 sequence islands refused: island 0: deadline exhausted before finding an exact layout; island 1: deadline exhausted before finding an exact layout; island 2: deadline exhausted before finding an exact layout
    REFUSED  universe-matrix/all-products power=1 budget=30s  all 3 sequence islands refused: island 0: deadline exhausted before finding an exact layout; island 1: deadline exhausted before finding an exact layout; island 2: deadline exhausted before finding an exact layout
    REFUSED  universe-matrix/output-products power=1 budget=30s  all 3 sequence islands refused: island 0: deadline exhausted before finding an exact layout; island 1: deadline exhausted before finding an exact layout; island 2: deadline exhausted before finding an exact layout
    slowest: 32s sequence-pair universe-matrix/output-products power=1 budget=30s, 32s sequence-pair energy-matrix/output-products power=1 budget=30s, 32s sequence-pair electromagnetic-matrix/no-proliferator power=1 budget=30s, 32s sequence-pair energy-matrix/no-proliferator power=1 budget=30s, 31s sequence-pair graphene/output-products power=1 budget=30s

381s wall, 72/72 cells
20 cells completed after their own requested search deadline; the largest completion tail was 2.2s. Emission, detailed routing already in flight, and validation finish atomically.

NOT CLEAN. An INVALID cell is worse than a REFUSED one: refusing emits nothing, while an invalid blueprint pastes and then does not run. Fix the invalid ones first.

EXIT=1
