warning: `VIRTUAL_ENV=/home/dannyb/sources/factorio-lab-to-blueprint/.venv` does not match the project environment path `.venv` and will be ignored; use `--active` to target the active environment instead
72 cells, 1 at a time, 128 CP-SAT workers each, cap 7200s
  . [  1/72]    11s freeform  stress   quantum-chip/no-proliferator power=1 budget=30s      CLEAN     11.1s  <-- 11s
  . [  2/72]    38s freeform  stress   quantum-chip/all-products power=1 budget=30s         CLEAN     27.0s  <-- 27s
  . [  3/72]    55s freeform  stress   quantum-chip/output-products power=1 budget=30s      CLEAN     16.7s  <-- 17s
  . [  4/72]    84s sequence-pair stress   quantum-chip/no-proliferator power=1 budget=30s      CLEAN     29.4s  <-- 29s
  . [  5/72]   113s sequence-pair stress   quantum-chip/all-products power=1 budget=30s         CLEAN     28.7s  <-- 29s
  . [  6/72]   142s sequence-pair stress   quantum-chip/output-products power=1 budget=30s      CLEAN     29.1s  <-- 29s
  X [  7/72]   143s freeform  stress   universe-matrix/no-proliferator power=1 budget=30s   REFUSED    1.0s
  X [  8/72]   144s freeform  stress   universe-matrix/all-products power=1 budget=30s      REFUSED    0.5s
  X [  9/72]   144s freeform  stress   universe-matrix/output-products power=1 budget=30s   REFUSED    0.2s
  X [ 10/72]   148s sequence-pair stress   universe-matrix/no-proliferator power=1 budget=30s   REFUSED    3.8s
  X [ 11/72]   151s sequence-pair stress   universe-matrix/all-products power=1 budget=30s      REFUSED    3.6s
  X [ 12/72]   155s sequence-pair stress   universe-matrix/output-products power=1 budget=30s   REFUSED    3.8s
  . [ 13/72]   159s freeform  large    casimir-crystal/no-proliferator power=1 budget=30s   CLEAN      3.8s
  . [ 14/72]   167s freeform  large    casimir-crystal/all-products power=1 budget=30s      CLEAN      8.5s
  . [ 15/72]   179s freeform  large    casimir-crystal/output-products power=1 budget=30s   CLEAN     11.1s  <-- 11s
  . [ 16/72]   210s sequence-pair large    casimir-crystal/no-proliferator power=1 budget=30s   CLEAN     31.5s  <-- 32s
  . [ 17/72]   239s sequence-pair large    casimir-crystal/all-products power=1 budget=30s      CLEAN     28.6s  <-- 29s
  . [ 18/72]   269s sequence-pair large    casimir-crystal/output-products power=1 budget=30s   CLEAN     30.0s  <-- 30s
  . [ 19/72]   283s freeform  large    information-matrix/no-proliferator power=1 budget=30s CLEAN     14.8s  <-- 15s
  . [ 20/72]   312s freeform  large    information-matrix/all-products power=1 budget=30s   CLEAN     28.2s  <-- 28s
  . [ 21/72]   338s freeform  large    information-matrix/output-products power=1 budget=30s CLEAN     26.5s  <-- 26s
  . [ 22/72]   366s sequence-pair large    information-matrix/no-proliferator power=1 budget=30s CLEAN     28.2s  <-- 28s
  . [ 23/72]   394s sequence-pair large    information-matrix/all-products power=1 budget=30s   CLEAN     27.8s  <-- 28s
  . [ 24/72]   422s sequence-pair large    information-matrix/output-products power=1 budget=30s CLEAN     27.9s  <-- 28s
  . [ 25/72]   428s freeform  mid      processor/no-proliferator power=1 budget=30s         CLEAN      5.6s
  . [ 26/72]   440s freeform  mid      processor/all-products power=1 budget=30s            CLEAN     12.3s  <-- 12s
  . [ 27/72]   450s freeform  mid      processor/output-products power=1 budget=30s         CLEAN      9.7s
  . [ 28/72]   481s sequence-pair mid      processor/no-proliferator power=1 budget=30s         CLEAN     31.0s  <-- 31s
  . [ 29/72]   509s sequence-pair mid      processor/all-products power=1 budget=30s            CLEAN     28.8s  <-- 29s
  . [ 30/72]   539s sequence-pair mid      processor/output-products power=1 budget=30s         CLEAN     29.9s  <-- 30s
  . [ 31/72]   541s freeform  mid      energy-matrix/no-proliferator power=1 budget=30s     CLEAN      1.3s
  . [ 32/72]   543s freeform  mid      energy-matrix/all-products power=1 budget=30s        CLEAN      2.8s
  . [ 33/72]   546s freeform  mid      energy-matrix/output-products power=1 budget=30s     CLEAN      2.5s
  . [ 34/72]   578s sequence-pair mid      energy-matrix/no-proliferator power=1 budget=30s     CLEAN     31.7s  <-- 32s
  . [ 35/72]   608s sequence-pair mid      energy-matrix/all-products power=1 budget=30s        CLEAN     30.9s  <-- 31s
  . [ 36/72]   641s sequence-pair mid      energy-matrix/output-products power=1 budget=30s     CLEAN     32.2s  <-- 32s
  . [ 37/72]   668s freeform  mid      super-magnetic-ring/no-proliferator power=1 budget=30s CLEAN     27.7s  <-- 28s
  . [ 38/72]   696s freeform  mid      super-magnetic-ring/all-products power=1 budget=30s  CLEAN     28.1s  <-- 28s
  . [ 39/72]   722s freeform  mid      super-magnetic-ring/output-products power=1 budget=30s CLEAN     25.4s  <-- 25s
  . [ 40/72]   752s sequence-pair mid      super-magnetic-ring/no-proliferator power=1 budget=30s CLEAN     30.7s  <-- 31s
  . [ 41/72]   782s sequence-pair mid      super-magnetic-ring/all-products power=1 budget=30s  CLEAN     29.1s  <-- 29s
  . [ 42/72]   812s sequence-pair mid      super-magnetic-ring/output-products power=1 budget=30s CLEAN     31.0s  <-- 31s
  . [ 43/72]   813s freeform  small    graphene/no-proliferator power=1 budget=30s          CLEAN      1.0s
  . [ 44/72]   816s freeform  small    graphene/all-products power=1 budget=30s             CLEAN      2.5s
  . [ 45/72]   818s freeform  small    graphene/output-products power=1 budget=30s          CLEAN      2.4s
  . [ 46/72]   850s sequence-pair small    graphene/no-proliferator power=1 budget=30s          CLEAN     31.5s  <-- 32s
  . [ 47/72]   880s sequence-pair small    graphene/all-products power=1 budget=30s             CLEAN     30.1s  <-- 30s
  . [ 48/72]   911s sequence-pair small    graphene/output-products power=1 budget=30s          CLEAN     30.9s  <-- 31s
  . [ 49/72]   913s freeform  small    electromagnetic-matrix/no-proliferator power=1 budget=30s CLEAN      2.2s
  . [ 50/72]   929s freeform  small    electromagnetic-matrix/all-products power=1 budget=30s CLEAN     16.1s  <-- 16s
  . [ 51/72]   936s freeform  small    electromagnetic-matrix/output-products power=1 budget=30s CLEAN      6.6s
  . [ 52/72]   966s sequence-pair small    electromagnetic-matrix/no-proliferator power=1 budget=30s CLEAN     30.6s  <-- 31s
  . [ 53/72]   995s sequence-pair small    electromagnetic-matrix/all-products power=1 budget=30s CLEAN     28.5s  <-- 29s
  . [ 54/72]  1025s sequence-pair small    electromagnetic-matrix/output-products power=1 budget=30s CLEAN     30.4s  <-- 30s
  . [ 55/72]  1028s freeform  small    plastic/no-proliferator power=1 budget=30s           CLEAN      2.9s
  . [ 56/72]  1041s freeform  small    plastic/all-products power=1 budget=30s              CLEAN     12.6s  <-- 13s
  . [ 57/72]  1054s freeform  small    plastic/output-products power=1 budget=30s           CLEAN     12.8s  <-- 13s
  . [ 58/72]  1083s sequence-pair small    plastic/no-proliferator power=1 budget=30s           CLEAN     29.3s  <-- 29s
  . [ 59/72]  1112s sequence-pair small    plastic/all-products power=1 budget=30s              CLEAN     28.9s  <-- 29s
  . [ 60/72]  1141s sequence-pair small    plastic/output-products power=1 budget=30s           CLEAN     29.1s  <-- 29s
  . [ 61/72]  1141s freeform  trivial  iron-ingot/no-proliferator power=1 budget=30s        CLEAN      0.3s
  . [ 62/72]  1142s freeform  trivial  iron-ingot/all-products power=1 budget=30s           CLEAN      1.1s
  . [ 63/72]  1143s freeform  trivial  iron-ingot/output-products power=1 budget=30s        CLEAN      0.8s
  . [ 64/72]  1154s sequence-pair trivial  iron-ingot/no-proliferator power=1 budget=30s        CLEAN     10.5s  <-- 10s
  . [ 65/72]  1178s sequence-pair trivial  iron-ingot/all-products power=1 budget=30s           CLEAN     24.4s  <-- 24s
  . [ 66/72]  1201s sequence-pair trivial  iron-ingot/output-products power=1 budget=30s        CLEAN     23.1s  <-- 23s
  . [ 67/72]  1202s freeform  trivial  magnetic-coil/no-proliferator power=1 budget=30s     CLEAN      0.7s
  . [ 68/72]  1205s freeform  trivial  magnetic-coil/all-products power=1 budget=30s        CLEAN      2.7s
  . [ 69/72]  1207s freeform  trivial  magnetic-coil/output-products power=1 budget=30s     CLEAN      2.0s
  . [ 70/72]  1228s sequence-pair trivial  magnetic-coil/no-proliferator power=1 budget=30s     CLEAN     21.4s  <-- 21s
  . [ 71/72]  1258s sequence-pair trivial  magnetic-coil/all-products power=1 budget=30s        CLEAN     30.5s  <-- 30s
  . [ 72/72]  1289s sequence-pair trivial  magnetic-coil/output-products power=1 budget=30s     CLEAN     30.6s  <-- 31s

=== freeform: 33/36 clean -- NOT CLEAN   (refused 3, invalid 0, crashed 0, not run 0)
    by check: {'<refused>': 3}
    REFUSED  universe-matrix/no-proliferator power=1 budget=30s  a producer lane has fewer tiles than the consumers it must tap, so two junctions would have to share one tile. antimatter: mass-energy-storage#23 lane is 10 tile(s) wide but must tap 15 consumer lane(s) of universe-matrix#37
    REFUSED  universe-matrix/all-products power=1 budget=30s  a producer lane has fewer tiles than the consumers it must tap, so two junctions would have to share one tile. antimatter: mass-energy-storage#23 lane is 10 tile(s) wide but must tap 12 consumer lane(s) of universe-matrix#37
    REFUSED  universe-matrix/output-products power=1 budget=30s  a producer lane has fewer tiles than the consumers it must tap, so two junctions would have to share one tile. antimatter: mass-energy-storage#23 lane is 10 tile(s) wide but must tap 12 consumer lane(s) of universe-matrix#37
    slowest: 28s freeform information-matrix/all-products power=1 budget=30s, 28s freeform super-magnetic-ring/all-products power=1 budget=30s, 28s freeform super-magnetic-ring/no-proliferator power=1 budget=30s, 27s freeform quantum-chip/all-products power=1 budget=30s, 26s freeform information-matrix/output-products power=1 budget=30s

=== sequence-pair: 33/36 clean -- NOT CLEAN   (refused 3, invalid 0, crashed 0, not run 0)
    by check: {'<refused>': 3}
    REFUSED  universe-matrix/no-proliferator power=1 budget=30s  all 4 sequence islands refused: island 0: a producer lane has fewer tiles than the consumers it must tap, so two junctions would have to share one tile. antimatter: mass-energy-storage#23 lane is 10 tile(s) wide but must tap 15 consumer lane(s) of universe-matrix#37; island 1: a producer lane has fewer tiles than the consumers it must tap, so two junctions would have to share one tile. antimatter: mass-energy-storage#23 lane is 10 tile(s) wide but must tap 15 consumer lane(s) of universe-matrix#37; island 2: a producer lane has fewer tiles than the consumers it must tap, so two junctions would have to share one tile. antimatter: mass-energy-storage#23 lane is 10 tile(s) wide but must tap 15 consumer lane(s) of universe-matrix#37; island 3: a producer lane has fewer tiles than the consumers it must tap, so two junctions would have to share one tile. antimatter: mass-energy-storage#23 lane is 10 tile(s) wide but must tap 15 consumer lane(s) of universe-matrix#37
    REFUSED  universe-matrix/all-products power=1 budget=30s  all 4 sequence islands refused: island 0: a producer lane has fewer tiles than the consumers it must tap, so two junctions would have to share one tile. antimatter: mass-energy-storage#23 lane is 10 tile(s) wide but must tap 12 consumer lane(s) of universe-matrix#37; island 1: a producer lane has fewer tiles than the consumers it must tap, so two junctions would have to share one tile. antimatter: mass-energy-storage#23 lane is 10 tile(s) wide but must tap 12 consumer lane(s) of universe-matrix#37; island 2: a producer lane has fewer tiles than the consumers it must tap, so two junctions would have to share one tile. antimatter: mass-energy-storage#23 lane is 10 tile(s) wide but must tap 12 consumer lane(s) of universe-matrix#37; island 3: a producer lane has fewer tiles than the consumers it must tap, so two junctions would have to share one tile. antimatter: mass-energy-storage#23 lane is 10 tile(s) wide but must tap 12 consumer lane(s) of universe-matrix#37
    REFUSED  universe-matrix/output-products power=1 budget=30s  all 4 sequence islands refused: island 0: a producer lane has fewer tiles than the consumers it must tap, so two junctions would have to share one tile. antimatter: mass-energy-storage#23 lane is 10 tile(s) wide but must tap 12 consumer lane(s) of universe-matrix#37; island 1: a producer lane has fewer tiles than the consumers it must tap, so two junctions would have to share one tile. antimatter: mass-energy-storage#23 lane is 10 tile(s) wide but must tap 12 consumer lane(s) of universe-matrix#37; island 2: a producer lane has fewer tiles than the consumers it must tap, so two junctions would have to share one tile. antimatter: mass-energy-storage#23 lane is 10 tile(s) wide but must tap 12 consumer lane(s) of universe-matrix#37; island 3: a producer lane has fewer tiles than the consumers it must tap, so two junctions would have to share one tile. antimatter: mass-energy-storage#23 lane is 10 tile(s) wide but must tap 12 consumer lane(s) of universe-matrix#37
    slowest: 32s sequence-pair energy-matrix/output-products power=1 budget=30s, 32s sequence-pair energy-matrix/no-proliferator power=1 budget=30s, 32s sequence-pair casimir-crystal/no-proliferator power=1 budget=30s, 32s sequence-pair graphene/no-proliferator power=1 budget=30s, 31s sequence-pair processor/no-proliferator power=1 budget=30s

1289s wall, 72/72 cells
15 cells completed after their own requested search deadline; the largest completion tail was 2.2s. Emission, detailed routing already in flight, and validation finish atomically.

NOT CLEAN. An INVALID cell is worse than a REFUSED one: refusing emits nothing, while an invalid blueprint pastes and then does not run. Fix the invalid ones first.

EXIT=1
