warning: `VIRTUAL_ENV=/home/dannyb/sources/factorio-lab-to-blueprint/.venv` does not match the project environment path `.venv` and will be ignored; use `--active` to target the active environment instead
72 cells, 1 at a time, 128 CP-SAT workers each, cap 7200s
  . [  1/72]    16s freeform  stress   quantum-chip/no-proliferator power=1 budget=30s      CLEAN     16.0s  <-- 16s
  . [  2/72]    40s freeform  stress   quantum-chip/all-products power=1 budget=30s         CLEAN     23.7s  <-- 24s
  . [  3/72]    62s freeform  stress   quantum-chip/output-products power=1 budget=30s      CLEAN     22.0s  <-- 22s
  . [  4/72]    91s sequence-pair stress   quantum-chip/no-proliferator power=1 budget=30s      CLEAN     29.3s  <-- 29s
  . [  5/72]   118s sequence-pair stress   quantum-chip/all-products power=1 budget=30s         CLEAN     27.1s  <-- 27s
  . [  6/72]   148s sequence-pair stress   quantum-chip/output-products power=1 budget=30s      CLEAN     29.5s  <-- 29s
  X [  7/72]   149s freeform  stress   universe-matrix/no-proliferator power=1 budget=30s   REFUSED    1.1s
  X [  8/72]   149s freeform  stress   universe-matrix/all-products power=1 budget=30s      REFUSED    0.4s
  X [  9/72]   149s freeform  stress   universe-matrix/output-products power=1 budget=30s   REFUSED    0.2s
  X [ 10/72]   153s sequence-pair stress   universe-matrix/no-proliferator power=1 budget=30s   REFUSED    3.7s
  X [ 11/72]   157s sequence-pair stress   universe-matrix/all-products power=1 budget=30s      REFUSED    3.5s
  X [ 12/72]   160s sequence-pair stress   universe-matrix/output-products power=1 budget=30s   REFUSED    3.4s
  . [ 13/72]   164s freeform  large    casimir-crystal/no-proliferator power=1 budget=30s   CLEAN      4.0s
  . [ 14/72]   170s freeform  large    casimir-crystal/all-products power=1 budget=30s      CLEAN      5.9s
  . [ 15/72]   177s freeform  large    casimir-crystal/output-products power=1 budget=30s   CLEAN      7.6s
  X [ 16/72]   208s sequence-pair large    casimir-crystal/no-proliferator power=1 budget=30s   REFUSED   30.7s  <-- 31s
  . [ 17/72]   238s sequence-pair large    casimir-crystal/all-products power=1 budget=30s      CLEAN     29.5s  <-- 30s
  X [ 18/72]   268s sequence-pair large    casimir-crystal/output-products power=1 budget=30s   REFUSED   30.3s  <-- 30s
  . [ 19/72]   284s freeform  large    information-matrix/no-proliferator power=1 budget=30s CLEAN     15.8s  <-- 16s
  . [ 20/72]   313s freeform  large    information-matrix/all-products power=1 budget=30s   CLEAN     29.5s  <-- 29s
  X [ 21/72]   342s freeform  large    information-matrix/output-products power=1 budget=30s REFUSED   28.8s  <-- 29s
  . [ 22/72]   371s sequence-pair large    information-matrix/no-proliferator power=1 budget=30s CLEAN     29.0s  <-- 29s
  . [ 23/72]   397s sequence-pair large    information-matrix/all-products power=1 budget=30s   CLEAN     26.3s  <-- 26s
  X [ 24/72]   427s sequence-pair large    information-matrix/output-products power=1 budget=30s REFUSED   29.6s  <-- 30s
  . [ 25/72]   432s freeform  mid      processor/no-proliferator power=1 budget=30s         CLEAN      4.7s
  . [ 26/72]   438s freeform  mid      processor/all-products power=1 budget=30s            CLEAN      6.5s
  . [ 27/72]   444s freeform  mid      processor/output-products power=1 budget=30s         CLEAN      5.5s
  . [ 28/72]   475s sequence-pair mid      processor/no-proliferator power=1 budget=30s         CLEAN     30.8s  <-- 31s
  . [ 29/72]   503s sequence-pair mid      processor/all-products power=1 budget=30s            CLEAN     28.8s  <-- 29s
  . [ 30/72]   533s sequence-pair mid      processor/output-products power=1 budget=30s         CLEAN     30.0s  <-- 30s
  . [ 31/72]   535s freeform  mid      energy-matrix/no-proliferator power=1 budget=30s     CLEAN      1.6s
  . [ 32/72]   538s freeform  mid      energy-matrix/all-products power=1 budget=30s        CLEAN      3.1s
  . [ 33/72]   541s freeform  mid      energy-matrix/output-products power=1 budget=30s     CLEAN      2.8s
  . [ 34/72]   572s sequence-pair mid      energy-matrix/no-proliferator power=1 budget=30s     CLEAN     31.6s  <-- 32s
  . [ 35/72]   603s sequence-pair mid      energy-matrix/all-products power=1 budget=30s        CLEAN     31.1s  <-- 31s
  . [ 36/72]   634s sequence-pair mid      energy-matrix/output-products power=1 budget=30s     CLEAN     30.4s  <-- 30s
  X [ 37/72]   663s freeform  mid      super-magnetic-ring/no-proliferator power=1 budget=30s REFUSED   29.3s  <-- 29s
  X [ 38/72]   693s freeform  mid      super-magnetic-ring/all-products power=1 budget=30s  REFUSED   29.5s  <-- 30s
  . [ 39/72]   720s freeform  mid      super-magnetic-ring/output-products power=1 budget=30s CLEAN     27.7s  <-- 28s
  . [ 40/72]   750s sequence-pair mid      super-magnetic-ring/no-proliferator power=1 budget=30s CLEAN     29.7s  <-- 30s
  . [ 41/72]   780s sequence-pair mid      super-magnetic-ring/all-products power=1 budget=30s  CLEAN     29.7s  <-- 30s
  . [ 42/72]   810s sequence-pair mid      super-magnetic-ring/output-products power=1 budget=30s CLEAN     30.0s  <-- 30s
  . [ 43/72]   811s freeform  small    graphene/no-proliferator power=1 budget=30s          CLEAN      1.3s
  . [ 44/72]   814s freeform  small    graphene/all-products power=1 budget=30s             CLEAN      2.4s
  . [ 45/72]   816s freeform  small    graphene/output-products power=1 budget=30s          CLEAN      2.1s
  . [ 46/72]   847s sequence-pair small    graphene/no-proliferator power=1 budget=30s          CLEAN     31.6s  <-- 32s
  . [ 47/72]   878s sequence-pair small    graphene/all-products power=1 budget=30s             CLEAN     30.5s  <-- 30s
  . [ 48/72]   908s sequence-pair small    graphene/output-products power=1 budget=30s          CLEAN     30.4s  <-- 30s
  . [ 49/72]   910s freeform  small    electromagnetic-matrix/no-proliferator power=1 budget=30s CLEAN      2.0s
  . [ 50/72]   922s freeform  small    electromagnetic-matrix/all-products power=1 budget=30s CLEAN     11.8s  <-- 12s
  . [ 51/72]   925s freeform  small    electromagnetic-matrix/output-products power=1 budget=30s CLEAN      3.3s
  . [ 52/72]   956s sequence-pair small    electromagnetic-matrix/no-proliferator power=1 budget=30s CLEAN     31.2s  <-- 31s
  . [ 53/72]   984s sequence-pair small    electromagnetic-matrix/all-products power=1 budget=30s CLEAN     27.4s  <-- 27s
  . [ 54/72]  1013s sequence-pair small    electromagnetic-matrix/output-products power=1 budget=30s CLEAN     29.1s  <-- 29s
  . [ 55/72]  1015s freeform  small    plastic/no-proliferator power=1 budget=30s           CLEAN      2.6s
  . [ 56/72]  1021s freeform  small    plastic/all-products power=1 budget=30s              CLEAN      6.0s
  . [ 57/72]  1025s freeform  small    plastic/output-products power=1 budget=30s           CLEAN      3.8s
  . [ 58/72]  1056s sequence-pair small    plastic/no-proliferator power=1 budget=30s           CLEAN     30.9s  <-- 31s
  . [ 59/72]  1084s sequence-pair small    plastic/all-products power=1 budget=30s              CLEAN     27.9s  <-- 28s
  . [ 60/72]  1116s sequence-pair small    plastic/output-products power=1 budget=30s           CLEAN     31.6s  <-- 32s
  X [ 61/72]  1117s freeform  trivial  iron-ingot/no-proliferator power=1 budget=30s        REFUSED    0.9s
  X [ 62/72]  1117s freeform  trivial  iron-ingot/all-products power=1 budget=30s           REFUSED    0.5s
  X [ 63/72]  1117s freeform  trivial  iron-ingot/output-products power=1 budget=30s        REFUSED    0.4s
  X [ 64/72]  1146s sequence-pair trivial  iron-ingot/no-proliferator power=1 budget=30s        REFUSED   28.5s  <-- 28s
  . [ 65/72]  1173s sequence-pair trivial  iron-ingot/all-products power=1 budget=30s           CLEAN     26.7s  <-- 27s
  . [ 66/72]  1203s sequence-pair trivial  iron-ingot/output-products power=1 budget=30s        CLEAN     30.5s  <-- 31s
  . [ 67/72]  1204s freeform  trivial  magnetic-coil/no-proliferator power=1 budget=30s     CLEAN      0.7s
  . [ 68/72]  1207s freeform  trivial  magnetic-coil/all-products power=1 budget=30s        CLEAN      3.2s
  . [ 69/72]  1210s freeform  trivial  magnetic-coil/output-products power=1 budget=30s     CLEAN      3.2s
  . [ 70/72]  1242s sequence-pair trivial  magnetic-coil/no-proliferator power=1 budget=30s     CLEAN     31.2s  <-- 31s
  . [ 71/72]  1271s sequence-pair trivial  magnetic-coil/all-products power=1 budget=30s        CLEAN     29.8s  <-- 30s
  . [ 72/72]  1302s sequence-pair trivial  magnetic-coil/output-products power=1 budget=30s     CLEAN     30.5s  <-- 30s

=== freeform: 27/36 clean -- NOT CLEAN   (refused 9, invalid 0, crashed 0, not run 0)
    by check: {'<refused>': 9}
    REFUSED  universe-matrix/no-proliferator power=1 budget=30s  a producer lane has fewer tiles than the consumers it must tap, so two junctions would have to share one tile. antimatter: mass-energy-storage#23 lane is 10 tile(s) wide but must tap 15 consumer lane(s) of universe-matrix#37
    REFUSED  universe-matrix/all-products power=1 budget=30s  a producer lane has fewer tiles than the consumers it must tap, so two junctions would have to share one tile. antimatter: mass-energy-storage#23 lane is 10 tile(s) wide but must tap 12 consumer lane(s) of universe-matrix#37
    REFUSED  universe-matrix/output-products power=1 budget=30s  a producer lane has fewer tiles than the consumers it must tap, so two junctions would have to share one tile. antimatter: mass-energy-storage#23 lane is 10 tile(s) wide but must tap 12 consumer lane(s) of universe-matrix#37
    REFUSED  information-matrix/output-products power=1 budget=30s  every packing that wired was rejected by our own validator (power.coverage); a placement that fails validation is refused rather than returned, because an invalid blueprint pastes and then does not run
    REFUSED  super-magnetic-ring/no-proliferator power=1 budget=30s  every packing that wired was rejected by our own validator (power.coverage); a placement that fails validation is refused rather than returned, because an invalid blueprint pastes and then does not run
    REFUSED  super-magnetic-ring/all-products power=1 budget=30s  every packing that wired was rejected by our own validator (power.coverage); a placement that fails validation is refused rather than returned, because an invalid blueprint pastes and then does not run
    REFUSED  iron-ingot/no-proliferator power=1 budget=30s  every packing that wired was rejected by our own validator (power.coverage); a placement that fails validation is refused rather than returned, because an invalid blueprint pastes and then does not run
    REFUSED  iron-ingot/all-products power=1 budget=30s  every packing that wired was rejected by our own validator (power.coverage); a placement that fails validation is refused rather than returned, because an invalid blueprint pastes and then does not run
    REFUSED  iron-ingot/output-products power=1 budget=30s  every packing that wired was rejected by our own validator (power.coverage); a placement that fails validation is refused rather than returned, because an invalid blueprint pastes and then does not run
    slowest: 30s freeform super-magnetic-ring/all-products power=1 budget=30s, 29s freeform information-matrix/all-products power=1 budget=30s, 29s freeform super-magnetic-ring/no-proliferator power=1 budget=30s, 29s freeform information-matrix/output-products power=1 budget=30s, 28s freeform super-magnetic-ring/output-products power=1 budget=30s

=== sequence-pair: 29/36 clean -- NOT CLEAN   (refused 7, invalid 0, crashed 0, not run 0)
    by check: {'<refused>': 7}
    REFUSED  universe-matrix/no-proliferator power=1 budget=30s  all 4 sequence islands refused: island 0: a producer lane has fewer tiles than the consumers it must tap, so two junctions would have to share one tile. antimatter: mass-energy-storage#23 lane is 10 tile(s) wide but must tap 15 consumer lane(s) of universe-matrix#37; island 1: a producer lane has fewer tiles than the consumers it must tap, so two junctions would have to share one tile. antimatter: mass-energy-storage#23 lane is 10 tile(s) wide but must tap 15 consumer lane(s) of universe-matrix#37; island 2: a producer lane has fewer tiles than the consumers it must tap, so two junctions would have to share one tile. antimatter: mass-energy-storage#23 lane is 10 tile(s) wide but must tap 15 consumer lane(s) of universe-matrix#37; island 3: a producer lane has fewer tiles than the consumers it must tap, so two junctions would have to share one tile. antimatter: mass-energy-storage#23 lane is 10 tile(s) wide but must tap 15 consumer lane(s) of universe-matrix#37
    REFUSED  universe-matrix/all-products power=1 budget=30s  all 4 sequence islands refused: island 0: a producer lane has fewer tiles than the consumers it must tap, so two junctions would have to share one tile. antimatter: mass-energy-storage#23 lane is 10 tile(s) wide but must tap 12 consumer lane(s) of universe-matrix#37; island 1: a producer lane has fewer tiles than the consumers it must tap, so two junctions would have to share one tile. antimatter: mass-energy-storage#23 lane is 10 tile(s) wide but must tap 12 consumer lane(s) of universe-matrix#37; island 2: a producer lane has fewer tiles than the consumers it must tap, so two junctions would have to share one tile. antimatter: mass-energy-storage#23 lane is 10 tile(s) wide but must tap 12 consumer lane(s) of universe-matrix#37; island 3: a producer lane has fewer tiles than the consumers it must tap, so two junctions would have to share one tile. antimatter: mass-energy-storage#23 lane is 10 tile(s) wide but must tap 12 consumer lane(s) of universe-matrix#37
    REFUSED  universe-matrix/output-products power=1 budget=30s  all 4 sequence islands refused: island 0: a producer lane has fewer tiles than the consumers it must tap, so two junctions would have to share one tile. antimatter: mass-energy-storage#23 lane is 10 tile(s) wide but must tap 12 consumer lane(s) of universe-matrix#37; island 1: a producer lane has fewer tiles than the consumers it must tap, so two junctions would have to share one tile. antimatter: mass-energy-storage#23 lane is 10 tile(s) wide but must tap 12 consumer lane(s) of universe-matrix#37; island 2: a producer lane has fewer tiles than the consumers it must tap, so two junctions would have to share one tile. antimatter: mass-energy-storage#23 lane is 10 tile(s) wide but must tap 12 consumer lane(s) of universe-matrix#37; island 3: a producer lane has fewer tiles than the consumers it must tap, so two junctions would have to share one tile. antimatter: mass-energy-storage#23 lane is 10 tile(s) wide but must tap 12 consumer lane(s) of universe-matrix#37
    REFUSED  casimir-crystal/no-proliferator power=1 budget=30s  all 4 sequence islands refused: island 0: deadline exhausted before finding an exact layout; island 1: deadline exhausted before finding an exact layout; island 2: deadline exhausted before finding an exact layout; island 3: deadline exhausted before finding an exact layout
    REFUSED  casimir-crystal/output-products power=1 budget=30s  all 4 sequence islands refused: island 0: deadline exhausted before finding an exact layout; island 1: deadline exhausted before finding an exact layout; island 2: deadline exhausted before finding an exact layout; island 3: deadline exhausted before finding an exact layout
    REFUSED  information-matrix/output-products power=1 budget=30s  all 4 sequence islands refused: island 0: deadline exhausted before finding an exact layout; island 1: deadline exhausted before finding an exact layout; island 2: deadline exhausted before finding an exact layout; island 3: deadline exhausted before finding an exact layout
    REFUSED  iron-ingot/no-proliferator power=1 budget=30s  all 4 sequence islands refused: island 0: feasibility continuation exhausted its restart budget after 8 batches before an exact layout; island 1: feasibility continuation exhausted its restart budget after 8 batches before an exact layout; island 2: feasibility continuation exhausted its restart budget after 8 batches before an exact layout; island 3: feasibility continuation exhausted its restart budget after 8 batches before an exact layout
    slowest: 32s sequence-pair graphene/no-proliferator power=1 budget=30s, 32s sequence-pair plastic/output-products power=1 budget=30s, 32s sequence-pair energy-matrix/no-proliferator power=1 budget=30s, 31s sequence-pair magnetic-coil/no-proliferator power=1 budget=30s, 31s sequence-pair electromagnetic-matrix/no-proliferator power=1 budget=30s

1302s wall, 72/72 cells
16 cells completed after their own requested search deadline; the largest completion tail was 1.6s. Emission, detailed routing already in flight, and validation finish atomically.

NOT CLEAN. An INVALID cell is worse than a REFUSED one: refusing emits nothing, while an invalid blueprint pastes and then does not run. Fix the invalid ones first.

EXIT=1
