=== arm=off round=1 strategy=both ===
commit: c51d9a5e
uptime before:  23:16:04 up 22 days,  5:02, 10 users,  load average: 11.05, 18.12, 23.82
2026-09-06T23:16:04-04:00
[1m[33mwarning[39m[0m[1m:[0m [1m`VIRTUAL_ENV=/home/dannyb/sources/factorio-lab-to-blueprint/.venv` does not match the project environment path `.venv` and will be ignored; use `--active` to target the active environment instead[0m
72 cells, 1 at a time, 128 CP-SAT workers each, cap 7200s
  . [  1/72]    10s freeform  stress   quantum-chip/no-proliferator power=1 budget=30s      CLEAN      9.5s
  . [  2/72]    37s freeform  stress   quantum-chip/all-products power=1 budget=30s         CLEAN     27.5s  <-- 27s
  . [  3/72]    53s freeform  stress   quantum-chip/output-products power=1 budget=30s      CLEAN     15.5s  <-- 16s
  . [  4/72]    81s sequence-pair stress   quantum-chip/no-proliferator power=1 budget=30s      CLEAN     28.6s  <-- 29s
  . [  5/72]   108s sequence-pair stress   quantum-chip/all-products power=1 budget=30s         CLEAN     27.2s  <-- 27s
  . [  6/72]   137s sequence-pair stress   quantum-chip/output-products power=1 budget=30s      CLEAN     28.3s  <-- 28s
  . [  7/72]   164s freeform  stress   universe-matrix/no-proliferator power=1 budget=30s   CLEAN     27.6s  <-- 28s
  . [  8/72]   190s freeform  stress   universe-matrix/all-products power=1 budget=30s      CLEAN     25.8s  <-- 26s
  . [  9/72]   220s freeform  stress   universe-matrix/output-products power=1 budget=30s   CLEAN     30.1s  <-- 30s
  . [ 10/72]   249s sequence-pair stress   universe-matrix/no-proliferator power=1 budget=30s   CLEAN     28.7s  <-- 29s
  . [ 11/72]   283s sequence-pair stress   universe-matrix/all-products power=1 budget=30s      CLEAN     33.9s  <-- 34s
  . [ 12/72]   315s sequence-pair stress   universe-matrix/output-products power=1 budget=30s   CLEAN     32.2s  <-- 32s
  . [ 13/72]   319s freeform  large    casimir-crystal/no-proliferator power=1 budget=30s   CLEAN      4.0s
  . [ 14/72]   331s freeform  large    casimir-crystal/all-products power=1 budget=30s      CLEAN     11.7s  <-- 12s
  . [ 15/72]   341s freeform  large    casimir-crystal/output-products power=1 budget=30s   CLEAN     10.3s  <-- 10s
  . [ 16/72]   372s sequence-pair large    casimir-crystal/no-proliferator power=1 budget=30s   CLEAN     30.9s  <-- 31s
  . [ 17/72]   401s sequence-pair large    casimir-crystal/all-products power=1 budget=30s      CLEAN     29.3s  <-- 29s
  . [ 18/72]   431s sequence-pair large    casimir-crystal/output-products power=1 budget=30s   CLEAN     30.2s  <-- 30s
  . [ 19/72]   446s freeform  large    information-matrix/no-proliferator power=1 budget=30s CLEAN     14.3s  <-- 14s
  . [ 20/72]   473s freeform  large    information-matrix/all-products power=1 budget=30s   CLEAN     27.8s  <-- 28s
  . [ 21/72]   499s freeform  large    information-matrix/output-products power=1 budget=30s CLEAN     26.0s  <-- 26s
  . [ 22/72]   528s sequence-pair large    information-matrix/no-proliferator power=1 budget=30s CLEAN     28.5s  <-- 28s
  . [ 23/72]   555s sequence-pair large    information-matrix/all-products power=1 budget=30s   CLEAN     26.7s  <-- 27s
  . [ 24/72]   583s sequence-pair large    information-matrix/output-products power=1 budget=30s CLEAN     28.2s  <-- 28s
  . [ 25/72]   587s freeform  mid      processor/no-proliferator power=1 budget=30s         CLEAN      4.7s
  . [ 26/72]   601s freeform  mid      processor/all-products power=1 budget=30s            CLEAN     13.5s  <-- 14s
  . [ 27/72]   609s freeform  mid      processor/output-products power=1 budget=30s         CLEAN      7.5s
  . [ 28/72]   640s sequence-pair mid      processor/no-proliferator power=1 budget=30s         CLEAN     30.9s  <-- 31s
  . [ 29/72]   669s sequence-pair mid      processor/all-products power=1 budget=30s            CLEAN     29.2s  <-- 29s
  . [ 30/72]   699s sequence-pair mid      processor/output-products power=1 budget=30s         CLEAN     30.0s  <-- 30s
  . [ 31/72]   700s freeform  mid      energy-matrix/no-proliferator power=1 budget=30s     CLEAN      1.6s
  . [ 32/72]   702s freeform  mid      energy-matrix/all-products power=1 budget=30s        CLEAN      1.8s
  . [ 33/72]   704s freeform  mid      energy-matrix/output-products power=1 budget=30s     CLEAN      1.9s
  . [ 34/72]   734s sequence-pair mid      energy-matrix/no-proliferator power=1 budget=30s     CLEAN     30.4s  <-- 30s
  . [ 35/72]   765s sequence-pair mid      energy-matrix/all-products power=1 budget=30s        CLEAN     30.5s  <-- 31s
  . [ 36/72]   796s sequence-pair mid      energy-matrix/output-products power=1 budget=30s     CLEAN     31.0s  <-- 31s
  . [ 37/72]   823s freeform  mid      super-magnetic-ring/no-proliferator power=1 budget=30s CLEAN     26.7s  <-- 27s
  . [ 38/72]   851s freeform  mid      super-magnetic-ring/all-products power=1 budget=30s  CLEAN     28.1s  <-- 28s
  . [ 39/72]   879s freeform  mid      super-magnetic-ring/output-products power=1 budget=30s CLEAN     27.9s  <-- 28s
  . [ 40/72]   909s sequence-pair mid      super-magnetic-ring/no-proliferator power=1 budget=30s CLEAN     30.0s  <-- 30s
  . [ 41/72]   938s sequence-pair mid      super-magnetic-ring/all-products power=1 budget=30s  CLEAN     29.5s  <-- 30s
  . [ 42/72]   967s sequence-pair mid      super-magnetic-ring/output-products power=1 budget=30s CLEAN     28.7s  <-- 29s
  . [ 43/72]   968s freeform  small    graphene/no-proliferator power=1 budget=30s          CLEAN      0.9s
  . [ 44/72]   970s freeform  small    graphene/all-products power=1 budget=30s             CLEAN      2.4s
  . [ 45/72]   972s freeform  small    graphene/output-products power=1 budget=30s          CLEAN      1.8s
  . [ 46/72]  1002s sequence-pair small    graphene/no-proliferator power=1 budget=30s          CLEAN     29.7s  <-- 30s
  . [ 47/72]  1032s sequence-pair small    graphene/all-products power=1 budget=30s             CLEAN     30.7s  <-- 31s
  . [ 48/72]  1063s sequence-pair small    graphene/output-products power=1 budget=30s          CLEAN     30.7s  <-- 31s
  . [ 49/72]  1065s freeform  small    electromagnetic-matrix/no-proliferator power=1 budget=30s CLEAN      2.1s
  . [ 50/72]  1078s freeform  small    electromagnetic-matrix/all-products power=1 budget=30s CLEAN     13.1s  <-- 13s
  . [ 51/72]  1082s freeform  small    electromagnetic-matrix/output-products power=1 budget=30s CLEAN      3.7s
  . [ 52/72]  1113s sequence-pair small    electromagnetic-matrix/no-proliferator power=1 budget=30s CLEAN     30.9s  <-- 31s
  . [ 53/72]  1142s sequence-pair small    electromagnetic-matrix/all-products power=1 budget=30s CLEAN     29.4s  <-- 29s
  . [ 54/72]  1172s sequence-pair small    electromagnetic-matrix/output-products power=1 budget=30s CLEAN     30.3s  <-- 30s
  . [ 55/72]  1175s freeform  small    plastic/no-proliferator power=1 budget=30s           CLEAN      2.6s
  . [ 56/72]  1183s freeform  small    plastic/all-products power=1 budget=30s              CLEAN      8.1s
  . [ 57/72]  1187s freeform  small    plastic/output-products power=1 budget=30s           CLEAN      3.9s
  . [ 58/72]  1218s sequence-pair small    plastic/no-proliferator power=1 budget=30s           CLEAN     31.4s  <-- 31s
  . [ 59/72]  1248s sequence-pair small    plastic/all-products power=1 budget=30s              CLEAN     30.0s  <-- 30s
  . [ 60/72]  1278s sequence-pair small    plastic/output-products power=1 budget=30s           CLEAN     29.5s  <-- 30s
  . [ 61/72]  1278s freeform  trivial  iron-ingot/no-proliferator power=1 budget=30s        CLEAN      0.2s
  . [ 62/72]  1279s freeform  trivial  iron-ingot/all-products power=1 budget=30s           CLEAN      0.7s
  . [ 63/72]  1279s freeform  trivial  iron-ingot/output-products power=1 budget=30s        CLEAN      0.7s
  . [ 64/72]  1288s sequence-pair trivial  iron-ingot/no-proliferator power=1 budget=30s        CLEAN      8.7s
  . [ 65/72]  1308s sequence-pair trivial  iron-ingot/all-products power=1 budget=30s           CLEAN     19.8s  <-- 20s
  . [ 66/72]  1327s sequence-pair trivial  iron-ingot/output-products power=1 budget=30s        CLEAN     19.2s  <-- 19s
  . [ 67/72]  1328s freeform  trivial  magnetic-coil/no-proliferator power=1 budget=30s     CLEAN      0.7s
  . [ 68/72]  1330s freeform  trivial  magnetic-coil/all-products power=1 budget=30s        CLEAN      2.1s
  . [ 69/72]  1331s freeform  trivial  magnetic-coil/output-products power=1 budget=30s     CLEAN      1.7s
  . [ 70/72]  1349s sequence-pair trivial  magnetic-coil/no-proliferator power=1 budget=30s     CLEAN     17.7s  <-- 18s
  . [ 71/72]  1380s sequence-pair trivial  magnetic-coil/all-products power=1 budget=30s        CLEAN     30.5s  <-- 31s
  . [ 72/72]  1410s sequence-pair trivial  magnetic-coil/output-products power=1 budget=30s     CLEAN     30.5s  <-- 30s

=== freeform: 36/36 clean -- CLEAN   (refused 0, invalid 0, crashed 0, not run 0)
    slowest: 30s freeform universe-matrix/output-products power=1 budget=30s, 28s freeform super-magnetic-ring/all-products power=1 budget=30s, 28s freeform super-magnetic-ring/output-products power=1 budget=30s, 28s freeform information-matrix/all-products power=1 budget=30s, 28s freeform universe-matrix/no-proliferator power=1 budget=30s

=== sequence-pair: 36/36 clean -- CLEAN   (refused 0, invalid 0, crashed 0, not run 0)
    slowest: 34s sequence-pair universe-matrix/all-products power=1 budget=30s, 32s sequence-pair universe-matrix/output-products power=1 budget=30s, 31s sequence-pair plastic/no-proliferator power=1 budget=30s, 31s sequence-pair energy-matrix/output-products power=1 budget=30s, 31s sequence-pair processor/no-proliferator power=1 budget=30s

1410s wall, 72/72 cells
16 cells completed after their own requested search deadline; the largest completion tail was 3.9s. Emission, detailed routing already in flight, and validation finish atomically.
audit exit: 0
uptime after audit:  23:39:36 up 22 days,  5:25, 10 users,  load average: 27.36, 30.80, 29.82
2026-09-06T23:39:36-04:00
uptime after reported:  23:41:51 up 22 days,  5:27, 10 users,  load average: 43.72, 39.06, 33.13
2026-09-06T23:41:51-04:00
