=== arm=placed round=1 strategy=both ===
commit: c51d9a5e
uptime before:  00:11:38 up 22 days,  5:57, 10 users,  load average: 21.26, 18.11, 20.42
2026-09-07T00:11:38-04:00
[1m[33mwarning[39m[0m[1m:[0m [1m`VIRTUAL_ENV=/home/dannyb/sources/factorio-lab-to-blueprint/.venv` does not match the project environment path `.venv` and will be ignored; use `--active` to target the active environment instead[0m
72 cells, 1 at a time, 128 CP-SAT workers each, cap 7200s
  . [  1/72]    10s freeform  stress   quantum-chip/no-proliferator power=1 budget=30s      CLEAN      9.5s
  . [  2/72]    36s freeform  stress   quantum-chip/all-products power=1 budget=30s         CLEAN     26.9s  <-- 27s
  . [  3/72]    57s freeform  stress   quantum-chip/output-products power=1 budget=30s      CLEAN     20.1s  <-- 20s
  . [  4/72]    86s sequence-pair stress   quantum-chip/no-proliferator power=1 budget=30s      CLEAN     29.7s  <-- 30s
  . [  5/72]   112s sequence-pair stress   quantum-chip/all-products power=1 budget=30s         CLEAN     25.9s  <-- 26s
  . [  6/72]   141s sequence-pair stress   quantum-chip/output-products power=1 budget=30s      CLEAN     28.7s  <-- 29s
  . [  7/72]   169s freeform  stress   universe-matrix/no-proliferator power=1 budget=30s   CLEAN     28.2s  <-- 28s
  . [  8/72]   193s freeform  stress   universe-matrix/all-products power=1 budget=30s      CLEAN     24.3s  <-- 24s
  . [  9/72]   220s freeform  stress   universe-matrix/output-products power=1 budget=30s   CLEAN     26.4s  <-- 26s
  . [ 10/72]   253s sequence-pair stress   universe-matrix/no-proliferator power=1 budget=30s   CLEAN     32.7s  <-- 33s
  . [ 11/72]   287s sequence-pair stress   universe-matrix/all-products power=1 budget=30s      CLEAN     34.7s  <-- 35s
  . [ 12/72]   321s sequence-pair stress   universe-matrix/output-products power=1 budget=30s   CLEAN     33.9s  <-- 34s
  . [ 13/72]   325s freeform  large    casimir-crystal/no-proliferator power=1 budget=30s   CLEAN      3.5s
  . [ 14/72]   338s freeform  large    casimir-crystal/all-products power=1 budget=30s      CLEAN     13.3s  <-- 13s
  . [ 15/72]   349s freeform  large    casimir-crystal/output-products power=1 budget=30s   CLEAN     10.8s  <-- 11s
  . [ 16/72]   379s sequence-pair large    casimir-crystal/no-proliferator power=1 budget=30s   CLEAN     30.7s  <-- 31s
  . [ 17/72]   408s sequence-pair large    casimir-crystal/all-products power=1 budget=30s      CLEAN     28.6s  <-- 29s
  . [ 18/72]   438s sequence-pair large    casimir-crystal/output-products power=1 budget=30s   CLEAN     29.8s  <-- 30s
  . [ 19/72]   450s freeform  large    information-matrix/no-proliferator power=1 budget=30s CLEAN     12.4s  <-- 12s
  . [ 20/72]   478s freeform  large    information-matrix/all-products power=1 budget=30s   CLEAN     27.2s  <-- 27s
  . [ 21/72]   501s freeform  large    information-matrix/output-products power=1 budget=30s CLEAN     23.4s  <-- 23s
  . [ 22/72]   530s sequence-pair large    information-matrix/no-proliferator power=1 budget=30s CLEAN     29.3s  <-- 29s
  . [ 23/72]   557s sequence-pair large    information-matrix/all-products power=1 budget=30s   CLEAN     27.2s  <-- 27s
  . [ 24/72]   587s sequence-pair large    information-matrix/output-products power=1 budget=30s CLEAN     30.0s  <-- 30s
  . [ 25/72]   592s freeform  mid      processor/no-proliferator power=1 budget=30s         CLEAN      4.8s
  . [ 26/72]   604s freeform  mid      processor/all-products power=1 budget=30s            CLEAN     12.2s  <-- 12s
  . [ 27/72]   616s freeform  mid      processor/output-products power=1 budget=30s         CLEAN     11.7s  <-- 12s
  . [ 28/72]   647s sequence-pair mid      processor/no-proliferator power=1 budget=30s         CLEAN     31.0s  <-- 31s
  . [ 29/72]   675s sequence-pair mid      processor/all-products power=1 budget=30s            CLEAN     27.9s  <-- 28s
  . [ 30/72]   705s sequence-pair mid      processor/output-products power=1 budget=30s         CLEAN     29.4s  <-- 29s
  . [ 31/72]   706s freeform  mid      energy-matrix/no-proliferator power=1 budget=30s     CLEAN      1.3s
  . [ 32/72]   709s freeform  mid      energy-matrix/all-products power=1 budget=30s        CLEAN      3.1s
  . [ 33/72]   711s freeform  mid      energy-matrix/output-products power=1 budget=30s     CLEAN      2.1s
  . [ 34/72]   742s sequence-pair mid      energy-matrix/no-proliferator power=1 budget=30s     CLEAN     31.0s  <-- 31s
  . [ 35/72]   773s sequence-pair mid      energy-matrix/all-products power=1 budget=30s        CLEAN     30.6s  <-- 31s
  . [ 36/72]   804s sequence-pair mid      energy-matrix/output-products power=1 budget=30s     CLEAN     31.0s  <-- 31s
  . [ 37/72]   831s freeform  mid      super-magnetic-ring/no-proliferator power=1 budget=30s CLEAN     27.3s  <-- 27s
  . [ 38/72]   856s freeform  mid      super-magnetic-ring/all-products power=1 budget=30s  CLEAN     24.8s  <-- 25s
  . [ 39/72]   883s freeform  mid      super-magnetic-ring/output-products power=1 budget=30s CLEAN     26.9s  <-- 27s
  . [ 40/72]   913s sequence-pair mid      super-magnetic-ring/no-proliferator power=1 budget=30s CLEAN     29.9s  <-- 30s
  . [ 41/72]   942s sequence-pair mid      super-magnetic-ring/all-products power=1 budget=30s  CLEAN     29.1s  <-- 29s
  . [ 42/72]   971s sequence-pair mid      super-magnetic-ring/output-products power=1 budget=30s CLEAN     29.2s  <-- 29s
  . [ 43/72]   972s freeform  small    graphene/no-proliferator power=1 budget=30s          CLEAN      1.1s
  . [ 44/72]   974s freeform  small    graphene/all-products power=1 budget=30s             CLEAN      2.1s
  . [ 45/72]   976s freeform  small    graphene/output-products power=1 budget=30s          CLEAN      1.9s
  . [ 46/72]  1002s sequence-pair small    graphene/no-proliferator power=1 budget=30s          CLEAN     26.4s  <-- 26s
  . [ 47/72]  1033s sequence-pair small    graphene/all-products power=1 budget=30s             CLEAN     30.3s  <-- 30s
  . [ 48/72]  1063s sequence-pair small    graphene/output-products power=1 budget=30s          CLEAN     30.4s  <-- 30s
  . [ 49/72]  1065s freeform  small    electromagnetic-matrix/no-proliferator power=1 budget=30s CLEAN      1.9s
  . [ 50/72]  1076s freeform  small    electromagnetic-matrix/all-products power=1 budget=30s CLEAN     10.9s  <-- 11s
  . [ 51/72]  1079s freeform  small    electromagnetic-matrix/output-products power=1 budget=30s CLEAN      2.8s
  . [ 52/72]  1110s sequence-pair small    electromagnetic-matrix/no-proliferator power=1 budget=30s CLEAN     31.2s  <-- 31s
  . [ 53/72]  1139s sequence-pair small    electromagnetic-matrix/all-products power=1 budget=30s CLEAN     29.0s  <-- 29s
  . [ 54/72]  1169s sequence-pair small    electromagnetic-matrix/output-products power=1 budget=30s CLEAN     30.6s  <-- 31s
  . [ 55/72]  1172s freeform  small    plastic/no-proliferator power=1 budget=30s           CLEAN      2.3s
  . [ 56/72]  1178s freeform  small    plastic/all-products power=1 budget=30s              CLEAN      6.2s
  . [ 57/72]  1183s freeform  small    plastic/output-products power=1 budget=30s           CLEAN      4.6s
  . [ 58/72]  1214s sequence-pair small    plastic/no-proliferator power=1 budget=30s           CLEAN     31.2s  <-- 31s
  . [ 59/72]  1244s sequence-pair small    plastic/all-products power=1 budget=30s              CLEAN     29.9s  <-- 30s
  . [ 60/72]  1274s sequence-pair small    plastic/output-products power=1 budget=30s           CLEAN     30.6s  <-- 31s
  . [ 61/72]  1275s freeform  trivial  iron-ingot/no-proliferator power=1 budget=30s        CLEAN      0.3s
  . [ 62/72]  1276s freeform  trivial  iron-ingot/all-products power=1 budget=30s           CLEAN      1.0s
  . [ 63/72]  1277s freeform  trivial  iron-ingot/output-products power=1 budget=30s        CLEAN      1.1s
  . [ 64/72]  1287s sequence-pair trivial  iron-ingot/no-proliferator power=1 budget=30s        CLEAN     10.3s  <-- 10s
  . [ 65/72]  1306s sequence-pair trivial  iron-ingot/all-products power=1 budget=30s           CLEAN     19.0s  <-- 19s
/home/dannyb/.local/share/uv/python/cpython-3.14.7-linux-x86_64-gnu/lib/python3.14/multiprocessing/resource_tracker.py:475: UserWarning: resource_tracker: There appear to be 5 leaked semaphore objects to clean up at shutdown: {'/mp-ycekmcnd', '/mp-b54ur5qf', '/mp-hq9j_yx2', '/mp-w07fx0eo', '/mp-oxuqtl9c'}
  warnings.warn(
