[1m[33mwarning[39m[0m[1m:[0m [1m`VIRTUAL_ENV=/home/dannyb/sources/factorio-lab-to-blueprint/.venv` does not match the project environment path `.venv` and will be ignored; use `--active` to target the active environment instead[0m
flab2bp: no valid layout for no-proliferator, all-products, output-products after 30s: freeform/no-proliferator: a producer lane has fewer tiles than the consumers it must tap, so two junctions would have to share one tile. antimatter: mass-energy-storage#23 lane is 10 tile(s) wide but must tap 15 consumer lane(s) of universe-matrix#37; sequence-pair/no-proliferator: all 4 sequence islands refused: island 0: a producer lane has fewer tiles than the consumers it must tap, so two junctions would have to share one tile. antimatter: mass-energy-storage#23 lane is 10 tile(s) wide but must tap 15 consumer lane(s) of universe-matrix#37; island 1: a producer lane has fewer tiles than the consumers it must tap, so two junctions would have to share one tile. antimatter: mass-energy-storage#23 lane is 10 tile(s) wide but must tap 15 consumer lane(s) of universe-matrix#37; island 2: a producer lane has fewer tiles than the consumers it must tap, so two junctions would have to share one tile. antimatter: mass-energy-storage#23 lane is 10 tile(s) wide but must tap 15 consumer lane(s) of universe-matrix#37; island 3: a producer lane has fewer tiles than the consumers it must tap, so two junctions would have to share one tile. antimatter: mass-energy-storage#23 lane is 10 tile(s) wide but must tap 15 consumer lane(s) of universe-matrix#37; freeform/all-products: a producer lane has fewer tiles than the consumers it must tap, so two junctions would have to share one tile. antimatter: mass-energy-storage#23 lane is 10 tile(s) wide but must tap 12 consumer lane(s) of universe-matrix#37; sequence-pair/all-products: all 4 sequence islands refused: island 0: a producer lane has fewer tiles than the consumers it must tap, so two junctions would have to share one tile. antimatter: mass-energy-storage#23 lane is 10 tile(s) wide but must tap 12 consumer lane(s) of universe-matrix#37; island 1: a producer lane has fewer tiles than the consumers it must tap, so two junctions would have to share one tile. antimatter: mass-energy-storage#23 lane is 10 tile(s) wide but must tap 12 consumer lane(s) of universe-matrix#37; island 2: a producer lane has fewer tiles than the consumers it must tap, so two junctions would have to share one tile. antimatter: mass-energy-storage#23 lane is 10 tile(s) wide but must tap 12 consumer lane(s) of universe-matrix#37; island 3: a producer lane has fewer tiles than the consumers it must tap, so two junctions would have to share one tile. antimatter: mass-energy-storage#23 lane is 10 tile(s) wide but must tap 12 consumer lane(s) of universe-matrix#37; freeform/output-products: a producer lane has fewer tiles than the consumers it must tap, so two junctions would have to share one tile. antimatter: mass-energy-storage#23 lane is 10 tile(s) wide but must tap 12 consumer lane(s) of universe-matrix#37; sequence-pair/output-products: all 4 sequence islands refused: island 0: a producer lane has fewer tiles than the consumers it must tap, so two junctions would have to share one tile. antimatter: mass-energy-storage#23 lane is 10 tile(s) wide but must tap 12 consumer lane(s) of universe-matrix#37; island 1: a producer lane has fewer tiles than the consumers it must tap, so two junctions would have to share one tile. antimatter: mass-energy-storage#23 lane is 10 tile(s) wide but must tap 12 consumer lane(s) of universe-matrix#37; island 2: a producer lane has fewer tiles than the consumers it must tap, so two junctions would have to share one tile. antimatter: mass-energy-storage#23 lane is 10 tile(s) wide but must tap 12 consumer lane(s) of universe-matrix#37; island 3: a producer lane has fewer tiles than the consumers it must tap, so two junctions would have to share one tile. antimatter: mass-energy-storage#23 lane is 10 tile(s) wide but must tap 12 consumer lane(s) of universe-matrix#37. Treat a spec that cannot be laid out in the requested budget as a layout-model defect until shown otherwise.
Command exited with non-zero status 3
	Command being timed: "uv run flab2bp https://factoriolab.github.io/dsp/list?o=universe-matrix*60&ibe=conveyor-belt-3&mmr=plane-smelter~assembling-machine-3~quantum-chemical-plant~matrix-lab&v=11 --budget 30 -v -o docs/superpowers/evidence/2026-09-06-selfloop/task3/bp-um.txt"
	User time (seconds): 180.00
	System time (seconds): 4.73
	Percent of CPU this job got: 1256%
	Elapsed (wall clock) time (h:mm:ss or m:ss): 0:14.69
	Average shared text size (kbytes): 0
	Average unshared data size (kbytes): 0
	Average stack size (kbytes): 0
	Average total size (kbytes): 0
	Maximum resident set size (kbytes): 151196
	Average resident set size (kbytes): 0
	Major (requiring I/O) page faults: 0
	Minor (reclaiming a frame) page faults: 831596
	Voluntary context switches: 2941
	Involuntary context switches: 20696
	Swaps: 0
	File system inputs: 0
	File system outputs: 0
	Socket messages sent: 0
	Socket messages received: 0
	Signals delivered: 0
	Page size (bytes): 4096
	Exit status: 3
