bringing up nodes...
bringing up nodes...

........................................................................ [  1%]
.......................................................................F [  3%]
........................................................................ [  4%]
........................................................................ [  6%]
........................................................................ [  8%]
........................................................................ [  9%]
........................................................................ [ 11%]
........................................................................ [ 13%]
........................................................................ [ 14%]
..........................s..............................s.............. [ 16%]
........................................................................ [ 18%]
........................................................................ [ 19%]
........................................................................ [ 21%]
............F.......................................F................... [ 23%]
......................................F................................. [ 24%]
.............................F............F.......................F..... [ 26%]
..................F..F...F.....F............................F........... [ 28%]
..........FFF.................F.........................F.F.......F..... [ 29%]
........F..........F.................................................... [ 31%]
....F...F...................................F........................... [ 33%]
......................................................F.............F... [ 34%]
.F...............................................................F...... [ 36%]
........F..............F.....FFF.........FFF...FFFF...FF.....F......F... [ 37%]
........................................................F............... [ 39%]
.F.............F.......F................................................ [ 41%]
...............................................................F.F...... [ 42%]
......................FFF.........................F.................F... [ 44%]
....................FF..............................................F... [ 46%]
.....F....F..F..F...........F........................................... [ 47%]
..F....F........................................F...F.....F............. [ 49%]
........................................................................ [ 51%]
..F.........F....F...................................................... [ 52%]
F....................................................................... [ 54%]
.....F........................................FF.................F..F... [ 56%]
.F....................................................F................. [ 57%]
........F.........F...FFFF.F............................................ [ 59%]
................................................................F....... [ 61%]
F...FF...............................F.................................. [ 62%]
....................................................................F.F. [ 64%]
...........F.....................................F...................... [ 66%]
........................................................................ [ 67%]
........................................................................ [ 69%]
........................................................................ [ 70%]
........................................................................ [ 72%]
..................................................................F..... [ 74%]
..........................................................F............. [ 75%]
........................................................................ [ 77%]
...................F.................................................... [ 79%]
....F.F....F............................................................ [ 80%]
.........................F.........F.................................... [ 82%]
.................................................F....F................. [ 84%]
................F....................................................... [ 85%]
........................................................................ [ 87%]
........................................................................ [ 89%]
........................................................................ [ 90%]
..............................ss........................................ [ 92%]
........................................................................ [ 94%]
...............................................................F........ [ 95%]
........................................................................ [ 97%]
........................................................................ [ 99%]
..........................