=== arm off 2026-09-05T23:55:19-04:00  23:55:19 up 21 days,  5:41, 12 users,  load average: 10.04, 10.07, 9.88
universe-matrix:output-products/off exit 0
universe-matrix:no-proliferator/off exit 0
universe-matrix:all-products/off exit 0
super-magnetic-ring:no-proliferator/off exit 0
super-magnetic-ring:output-products/off exit 0
super-magnetic-ring:all-products/off exit 0
information-matrix:no-proliferator/off exit 0
quantum-chip:no-proliferator/off exit 0
quantum-chip:output-products/off exit 0
information-matrix:output-products/off exit 0
=== arm on 2026-09-05T23:57:22-04:00  23:57:22 up 21 days,  5:43, 12 users,  load average: 9.34, 10.29, 10.00
universe-matrix:output-products/on exit 0
universe-matrix:no-proliferator/on exit 0
universe-matrix:all-products/on exit 0
super-magnetic-ring:no-proliferator/on exit 0
super-magnetic-ring:output-products/on exit 0
super-magnetic-ring:all-products/on exit 0
quantum-chip:no-proliferator/on exit 0
information-matrix:no-proliferator/on exit 0
quantum-chip:output-products/on exit 0
information-matrix:output-products/on exit 0
corpus-done  23:59:25 up 21 days,  5:45, 12 users,  load average: 9.94, 11.12, 10.41
