### packed-hpwl freeform no-proliferator
arm=packed-hpwl cell=reported/no-proliferator strategy=freeform
wall=6.9s buildings=2472 coaters=0 belts=2239 coater_merges=0
area=4125.0 belt_tiles=2239
  WARNING belt.termination: belt run 1 (head building 7 at (3,8), carrying 'advanced-mining-machine') runs 11 of its 16 tiles past its last tap and then stops; those tiles serve nothing
  WARNING belt.termination: belt run 5 (head building 64 at (14,11), carrying 'assembling-machine-3') runs 15 of its 17 tiles past its last tap and then stops; those tiles serve nothing
  WARNING belt.termination: belt run 16 (head building 447 at (78,20), carrying 'plane-smelter') runs 7 of its 8 tiles past its last tap and then stops; those tiles serve nothing
  WARNING belt.termination: belt run 21 (head building 609 at (120,19), carrying 're-composing-assembler') runs 8 of its 9 tiles past its last tap and then stops; those tiles serve nothing
  WARNING belt.termination: belt run 26 (head building 748 at (134,10), carrying 'hydrogen') runs 7 of its 98 tiles past its last tap and then stops; those tiles serve nothing
digest=f027ff6f87bf6078
### packed-hpwl freeform all-products
arm=packed-hpwl cell=reported/all-products strategy=freeform
REFUSED/CRASH NoValidLayout: no valid layout for all-products after 30s: no packing of 53 strips could be wired at any candidate height; every pack the sweep produced left nets unrouted. That is a PACKER defect -- it is producing packs its own router cannot wire -- and it is reported rather than papered over with a looser packing. Treat a spec that cannot be laid out in the requested budget as a layout-model defect until shown otherwise.
### packed-hpwl freeform output-products
arm=packed-hpwl cell=reported/output-products strategy=freeform
wall=16.3s buildings=2932 coaters=5 belts=2702 coater_merges=0
area=4144.0 belt_tiles=2702
  WARNING belt.termination: belt run 0 (head building 7 at (3,17), carrying 'advanced-mining-machine') runs 13 of its 18 tiles past its last tap and then stops; those tiles serve nothing
  WARNING belt.termination: belt run 3 (head building 64 at (113,14), carrying 'assembling-machine-3') runs 16 of its 18 tiles past its last tap and then stops; those tiles serve nothing
  WARNING belt.termination: belt run 14 (head building 400 at (27,19), carrying 'plane-smelter') runs 11 of its 12 tiles past its last tap and then stops; those tiles serve nothing
  WARNING belt.termination: belt run 20 (head building 567 at (55,17), carrying 're-composing-assembler') runs 13 of its 14 tiles past its last tap and then stops; those tiles serve nothing
  WARNING belt.termination: belt run 69 (head building 2888 at (0,25), carrying 'proliferator-2') runs 2 tiles and no sorter touches any of them; the whole lane is wasted
digest=d7e6cbcfcd2de6e9
