=== arm=packed round=roundB strategy=freeform jobs=8 ===
commit: c51d9a5e
uptime before:  01:32:39 up 22 days,  7:18, 10 users,  load average: 14.64, 22.20, 28.51
2026-09-07T01:32:39-04:00
[1m[33mwarning[39m[0m[1m:[0m [1m`VIRTUAL_ENV=/home/dannyb/sources/factorio-lab-to-blueprint/.venv` does not match the project environment path `.venv` and will be ignored; use `--active` to target the active environment instead[0m
3 cells of stress, 8 at a time, 16 CP-SAT workers each, cap 3600s
  . [  1/3]     2s freeform  trivial  iron-ingot/no-proliferator power=1 budget=30s        CLEAN      0.5s
  . [  2/3]     2s freeform  trivial  iron-ingot/all-products power=1 budget=30s           CLEAN      0.8s
  . [  3/3]     2s freeform  trivial  iron-ingot/output-products power=1 budget=30s        CLEAN      1.2s

=== freeform: 3/3 clean -- CLEAN   (refused 0, invalid 0, crashed 0, not run 0)

2s wall, 3/3 cells
  [iron-ingot exit 0]  01:32:43 up 22 days,  7:18, 10 users,  load average: 15.14, 22.18, 28.47
[1m[33mwarning[39m[0m[1m:[0m [1m`VIRTUAL_ENV=/home/dannyb/sources/factorio-lab-to-blueprint/.venv` does not match the project environment path `.venv` and will be ignored; use `--active` to target the active environment instead[0m
3 cells of stress, 8 at a time, 16 CP-SAT workers each, cap 3600s
  . [  1/3]     2s freeform  trivial  magnetic-coil/no-proliferator power=1 budget=30s     CLEAN      1.0s
  . [  2/3]     7s freeform  trivial  magnetic-coil/output-products power=1 budget=30s     CLEAN      5.3s
  . [  3/3]     8s freeform  trivial  magnetic-coil/all-products power=1 budget=30s        CLEAN      6.1s

=== freeform: 3/3 clean -- CLEAN   (refused 0, invalid 0, crashed 0, not run 0)

8s wall, 3/3 cells
  [magnetic-coil exit 0]  01:32:52 up 22 days,  7:18, 10 users,  load average: 15.61, 22.16, 28.43
[1m[33mwarning[39m[0m[1m:[0m [1m`VIRTUAL_ENV=/home/dannyb/sources/factorio-lab-to-blueprint/.venv` does not match the project environment path `.venv` and will be ignored; use `--active` to target the active environment instead[0m
3 cells of stress, 8 at a time, 16 CP-SAT workers each, cap 3600s
  . [  1/3]     2s freeform  small    graphene/no-proliferator power=1 budget=30s          CLEAN      1.3s
  . [  2/3]     6s freeform  small    graphene/output-products power=1 budget=30s          CLEAN      4.6s
  . [  3/3]     7s freeform  small    graphene/all-products power=1 budget=30s             CLEAN      6.4s

=== freeform: 3/3 clean -- CLEAN   (refused 0, invalid 0, crashed 0, not run 0)

8s wall, 3/3 cells
  [graphene exit 0]  01:33:01 up 22 days,  7:19, 10 users,  load average: 16.68, 22.16, 28.36
[1m[33mwarning[39m[0m[1m:[0m [1m`VIRTUAL_ENV=/home/dannyb/sources/factorio-lab-to-blueprint/.venv` does not match the project environment path `.venv` and will be ignored; use `--active` to target the active environment instead[0m
3 cells of stress, 8 at a time, 16 CP-SAT workers each, cap 3600s
  . [  1/3]     3s freeform  small    electromagnetic-matrix/no-proliferator power=1 budget=30s CLEAN      2.2s
  . [  2/3]     8s freeform  small    electromagnetic-matrix/output-products power=1 budget=30s CLEAN      6.7s
  . [  3/3]    19s freeform  small    electromagnetic-matrix/all-products power=1 budget=30s CLEAN     17.9s  <-- 18s

=== freeform: 3/3 clean -- CLEAN   (refused 0, invalid 0, crashed 0, not run 0)
    slowest: 18s freeform electromagnetic-matrix/all-products power=1 budget=30s

19s wall, 3/3 cells
  [electromagnetic-matrix exit 0]  01:33:22 up 22 days,  7:19, 10 users,  load average: 16.97, 21.92, 28.16
[1m[33mwarning[39m[0m[1m:[0m [1m`VIRTUAL_ENV=/home/dannyb/sources/factorio-lab-to-blueprint/.venv` does not match the project environment path `.venv` and will be ignored; use `--active` to target the active environment instead[0m
3 cells of stress, 8 at a time, 16 CP-SAT workers each, cap 3600s
  . [  1/3]     4s freeform  small    plastic/no-proliferator power=1 budget=30s           CLEAN      2.8s
  . [  2/3]     9s freeform  small    plastic/output-products power=1 budget=30s           CLEAN      7.6s
  . [  3/3]    10s freeform  small    plastic/all-products power=1 budget=30s              CLEAN      9.2s

=== freeform: 3/3 clean -- CLEAN   (refused 0, invalid 0, crashed 0, not run 0)

10s wall, 3/3 cells
  [plastic exit 0]  01:33:34 up 22 days,  7:19, 10 users,  load average: 14.96, 21.24, 27.83
[1m[33mwarning[39m[0m[1m:[0m [1m`VIRTUAL_ENV=/home/dannyb/sources/factorio-lab-to-blueprint/.venv` does not match the project environment path `.venv` and will be ignored; use `--active` to target the active environment instead[0m
3 cells of stress, 8 at a time, 16 CP-SAT workers each, cap 3600s
  . [  1/3]     8s freeform  mid      processor/no-proliferator power=1 budget=30s         CLEAN      6.5s
  . [  2/3]    13s freeform  mid      processor/output-products power=1 budget=30s         CLEAN     11.9s  <-- 12s
  . [  3/3]    19s freeform  mid      processor/all-products power=1 budget=30s            CLEAN     18.0s  <-- 18s

=== freeform: 3/3 clean -- CLEAN   (refused 0, invalid 0, crashed 0, not run 0)
    slowest: 18s freeform processor/all-products power=1 budget=30s, 12s freeform processor/output-products power=1 budget=30s

19s wall, 3/3 cells
  [processor exit 0]  01:33:55 up 22 days,  7:19, 10 users,  load average: 16.45, 21.16, 27.66
[1m[33mwarning[39m[0m[1m:[0m [1m`VIRTUAL_ENV=/home/dannyb/sources/factorio-lab-to-blueprint/.venv` does not match the project environment path `.venv` and will be ignored; use `--active` to target the active environment instead[0m
3 cells of stress, 8 at a time, 16 CP-SAT workers each, cap 3600s
  . [  1/3]     2s freeform  mid      energy-matrix/no-proliferator power=1 budget=30s     CLEAN      1.2s
  . [  2/3]     6s freeform  mid      energy-matrix/all-products power=1 budget=30s        CLEAN      4.5s
  . [  3/3]     6s freeform  mid      energy-matrix/output-products power=1 budget=30s     CLEAN      5.0s

=== freeform: 3/3 clean -- CLEAN   (refused 0, invalid 0, crashed 0, not run 0)

6s wall, 3/3 cells
  [energy-matrix exit 0]  01:34:03 up 22 days,  7:20, 10 users,  load average: 16.97, 21.19, 27.64
[1m[33mwarning[39m[0m[1m:[0m [1m`VIRTUAL_ENV=/home/dannyb/sources/factorio-lab-to-blueprint/.venv` does not match the project environment path `.venv` and will be ignored; use `--active` to target the active environment instead[0m
3 cells of stress, 8 at a time, 16 CP-SAT workers each, cap 3600s
  . [  1/3]    22s freeform  mid      super-magnetic-ring/output-products power=1 budget=30s CLEAN     21.2s  <-- 21s
  . [  2/3]    28s freeform  mid      super-magnetic-ring/no-proliferator power=1 budget=30s CLEAN     27.0s  <-- 27s
  . [  3/3]    29s freeform  mid      super-magnetic-ring/all-products power=1 budget=30s  CLEAN     27.7s  <-- 28s

=== freeform: 3/3 clean -- CLEAN   (refused 0, invalid 0, crashed 0, not run 0)
    slowest: 28s freeform super-magnetic-ring/all-products power=1 budget=30s, 27s freeform super-magnetic-ring/no-proliferator power=1 budget=30s, 21s freeform super-magnetic-ring/output-products power=1 budget=30s

29s wall, 3/3 cells
  [super-magnetic-ring exit 0]  01:34:33 up 22 days,  7:20, 10 users,  load average: 20.79, 21.80, 27.61
[1m[33mwarning[39m[0m[1m:[0m [1m`VIRTUAL_ENV=/home/dannyb/sources/factorio-lab-to-blueprint/.venv` does not match the project environment path `.venv` and will be ignored; use `--active` to target the active environment instead[0m
3 cells of stress, 8 at a time, 16 CP-SAT workers each, cap 3600s
  . [  1/3]     5s freeform  large    casimir-crystal/no-proliferator power=1 budget=30s   CLEAN      4.0s
  . [  2/3]    14s freeform  large    casimir-crystal/output-products power=1 budget=30s   CLEAN     13.5s  <-- 13s
  . [  3/3]    28s freeform  large    casimir-crystal/all-products power=1 budget=30s      CLEAN     27.1s  <-- 27s

=== freeform: 3/3 clean -- CLEAN   (refused 0, invalid 0, crashed 0, not run 0)
    slowest: 27s freeform casimir-crystal/all-products power=1 budget=30s, 13s freeform casimir-crystal/output-products power=1 budget=30s

28s wall, 3/3 cells
  [casimir-crystal exit 0]  01:35:03 up 22 days,  7:21, 10 users,  load average: 20.09, 21.60, 27.36
[1m[33mwarning[39m[0m[1m:[0m [1m`VIRTUAL_ENV=/home/dannyb/sources/factorio-lab-to-blueprint/.venv` does not match the project environment path `.venv` and will be ignored; use `--active` to target the active environment instead[0m
3 cells of stress, 8 at a time, 16 CP-SAT workers each, cap 3600s
  . [  1/3]    14s freeform  large    information-matrix/no-proliferator power=1 budget=30s CLEAN     12.7s  <-- 13s
  . [  2/3]    17s freeform  large    information-matrix/output-products power=1 budget=30s CLEAN     16.0s  <-- 16s
  . [  3/3]    30s freeform  large    information-matrix/all-products power=1 budget=30s   CLEAN     28.5s  <-- 28s

=== freeform: 3/3 clean -- CLEAN   (refused 0, invalid 0, crashed 0, not run 0)
    slowest: 28s freeform information-matrix/all-products power=1 budget=30s, 16s freeform information-matrix/output-products power=1 budget=30s, 13s freeform information-matrix/no-proliferator power=1 budget=30s

30s wall, 3/3 cells
  [information-matrix exit 0]  01:35:34 up 22 days,  7:21, 10 users,  load average: 16.91, 20.64, 26.86
[1m[33mwarning[39m[0m[1m:[0m [1m`VIRTUAL_ENV=/home/dannyb/sources/factorio-lab-to-blueprint/.venv` does not match the project environment path `.venv` and will be ignored; use `--active` to target the active environment instead[0m
3 cells of stress, 8 at a time, 16 CP-SAT workers each, cap 3600s
  . [  1/3]    13s freeform  stress   quantum-chip/no-proliferator power=1 budget=30s      CLEAN     11.4s  <-- 11s
  . [  2/3]    24s freeform  stress   quantum-chip/output-products power=1 budget=30s      CLEAN     22.5s  <-- 22s
  . [  3/3]    31s freeform  stress   quantum-chip/all-products power=1 budget=30s         CLEAN     29.3s  <-- 29s

=== freeform: 3/3 clean -- CLEAN   (refused 0, invalid 0, crashed 0, not run 0)
    slowest: 29s freeform quantum-chip/all-products power=1 budget=30s, 22s freeform quantum-chip/output-products power=1 budget=30s, 11s freeform quantum-chip/no-proliferator power=1 budget=30s

31s wall, 3/3 cells
  [quantum-chip exit 0]  01:36:07 up 22 days,  7:22, 10 users,  load average: 19.09, 20.92, 26.76
[1m[33mwarning[39m[0m[1m:[0m [1m`VIRTUAL_ENV=/home/dannyb/sources/factorio-lab-to-blueprint/.venv` does not match the project environment path `.venv` and will be ignored; use `--active` to target the active environment instead[0m
3 cells of stress, 8 at a time, 16 CP-SAT workers each, cap 3600s
  X [  1/3]    26s freeform  stress   universe-matrix/output-products power=1 budget=30s   REFUSED   25.1s  <-- 25s
  . [  2/3]    28s freeform  stress   universe-matrix/no-proliferator power=1 budget=30s   CLEAN     26.6s  <-- 27s
  X [  3/3]    32s freeform  stress   universe-matrix/all-products power=1 budget=30s      REFUSED   30.9s  <-- 31s

=== freeform: 1/3 clean -- NOT CLEAN   (refused 2, invalid 0, crashed 0, not run 0)
    by check: {'<refused>': 2}
    REFUSED  universe-matrix/output-products power=1 budget=30s  no packing of 49 strips could be wired at any candidate height; every pack the sweep produced left nets unrouted. That is a PACKER defect -- it is producing packs its own router cannot wire -- and it is reported rather than papered over with a looser packing
    REFUSED  universe-matrix/all-products power=1 budget=30s  the 30s deadline passed with no completed packing of 115 strips; 3 packs were routed in that time and the best of them still left 4 nets unrouted (worst 117), so a longer clock alone would not have wired this spec. This is a REFUSAL and not a verdict on the spec
    slowest: 31s freeform universe-matrix/all-products power=1 budget=30s, 27s freeform universe-matrix/no-proliferator power=1 budget=30s, 25s freeform universe-matrix/output-products power=1 budget=30s

32s wall, 3/3 cells
1 cells completed after their own requested search deadline; the largest completion tail was 0.9s. Emission, detailed routing already in flight, and validation finish atomically.

NOT CLEAN. An INVALID cell is worse than a REFUSED one: refusing emits nothing, while an invalid blueprint pastes and then does not run. Fix the invalid ones first.
  [universe-matrix exit 1]  01:36:41 up 22 days,  7:22, 10 users,  load average: 15.47, 19.80, 26.16
ARM packed DONE 2026-09-07T01:36:41-04:00
ARM packed REPORTED DONE 2026-09-07T01:37:41-04:00
