=== arm=placed round=roundB strategy=both jobs=8 ===
commit: c51d9a5e
uptime before:  01:23:32 up 22 days,  7:09, 10 users,  load average: 14.25, 28.89, 33.33
2026-09-07T01:23:32-04:00
[1m[33mwarning[39m[0m[1m:[0m [1m`VIRTUAL_ENV=/home/dannyb/sources/factorio-lab-to-blueprint/.venv` does not match the project environment path `.venv` and will be ignored; use `--active` to target the active environment instead[0m
6 cells of stress, 8 at a time, 16 CP-SAT workers each, cap 3600s
  . [  1/6]     2s freeform  trivial  iron-ingot/no-proliferator power=1 budget=30s        CLEAN      0.5s
  . [  2/6]     3s freeform  trivial  iron-ingot/all-products power=1 budget=30s           CLEAN      1.5s
  . [  3/6]     3s freeform  trivial  iron-ingot/output-products power=1 budget=30s        CLEAN      1.5s
  . [  4/6]    12s sequence-pair trivial  iron-ingot/no-proliferator power=1 budget=30s        CLEAN     10.2s  <-- 10s
  . [  5/6]    22s sequence-pair trivial  iron-ingot/all-products power=1 budget=30s           CLEAN     21.1s  <-- 21s
  . [  6/6]    23s sequence-pair trivial  iron-ingot/output-products power=1 budget=30s        CLEAN     21.8s  <-- 22s

=== freeform: 3/3 clean -- CLEAN   (refused 0, invalid 0, crashed 0, not run 0)

=== sequence-pair: 3/3 clean -- CLEAN   (refused 0, invalid 0, crashed 0, not run 0)
    slowest: 22s sequence-pair iron-ingot/output-products power=1 budget=30s, 21s sequence-pair iron-ingot/all-products power=1 budget=30s, 10s sequence-pair iron-ingot/no-proliferator power=1 budget=30s

23s wall, 6/6 cells
  [iron-ingot exit 0]  01:23:57 up 22 days,  7:10, 10 users,  load average: 14.21, 27.73, 32.83
[1m[33mwarning[39m[0m[1m:[0m [1m`VIRTUAL_ENV=/home/dannyb/sources/factorio-lab-to-blueprint/.venv` does not match the project environment path `.venv` and will be ignored; use `--active` to target the active environment instead[0m
6 cells of stress, 8 at a time, 16 CP-SAT workers each, cap 3600s
  . [  1/6]     3s freeform  trivial  magnetic-coil/no-proliferator power=1 budget=30s     CLEAN      1.2s
  . [  2/6]     4s freeform  trivial  magnetic-coil/output-products power=1 budget=30s     CLEAN      2.4s
  . [  3/6]     4s freeform  trivial  magnetic-coil/all-products power=1 budget=30s        CLEAN      3.0s
  . [  4/6]    22s sequence-pair trivial  magnetic-coil/no-proliferator power=1 budget=30s     CLEAN     21.0s  <-- 21s
  . [  5/6]    32s sequence-pair trivial  magnetic-coil/all-products power=1 budget=30s        CLEAN     30.4s  <-- 30s
  . [  6/6]    33s sequence-pair trivial  magnetic-coil/output-products power=1 budget=30s     CLEAN     31.2s  <-- 31s

=== freeform: 3/3 clean -- CLEAN   (refused 0, invalid 0, crashed 0, not run 0)

=== sequence-pair: 3/3 clean -- CLEAN   (refused 0, invalid 0, crashed 0, not run 0)
    slowest: 31s sequence-pair magnetic-coil/output-products power=1 budget=30s, 30s sequence-pair magnetic-coil/all-products power=1 budget=30s, 21s sequence-pair magnetic-coil/no-proliferator power=1 budget=30s

33s wall, 6/6 cells
2 cells completed after their own requested search deadline; the largest completion tail was 1.2s. Emission, detailed routing already in flight, and validation finish atomically.
  [magnetic-coil exit 0]  01:24:32 up 22 days,  7:10, 10 users,  load average: 16.15, 26.91, 32.39
[1m[33mwarning[39m[0m[1m:[0m [1m`VIRTUAL_ENV=/home/dannyb/sources/factorio-lab-to-blueprint/.venv` does not match the project environment path `.venv` and will be ignored; use `--active` to target the active environment instead[0m
6 cells of stress, 8 at a time, 16 CP-SAT workers each, cap 3600s
  . [  1/6]     2s freeform  small    graphene/no-proliferator power=1 budget=30s          CLEAN      1.5s
  . [  2/6]     4s freeform  small    graphene/output-products power=1 budget=30s          CLEAN      2.6s
  . [  3/6]     4s freeform  small    graphene/all-products power=1 budget=30s             CLEAN      2.6s
  . [  4/6]    29s sequence-pair small    graphene/no-proliferator power=1 budget=30s          CLEAN     27.8s  <-- 28s
  . [  5/6]    32s sequence-pair small    graphene/all-products power=1 budget=30s             CLEAN     30.8s  <-- 31s
  . [  6/6]    32s sequence-pair small    graphene/output-products power=1 budget=30s          CLEAN     31.1s  <-- 31s

=== freeform: 3/3 clean -- CLEAN   (refused 0, invalid 0, crashed 0, not run 0)

=== sequence-pair: 3/3 clean -- CLEAN   (refused 0, invalid 0, crashed 0, not run 0)
    slowest: 31s sequence-pair graphene/output-products power=1 budget=30s, 31s sequence-pair graphene/all-products power=1 budget=30s, 28s sequence-pair graphene/no-proliferator power=1 budget=30s

32s wall, 6/6 cells
2 cells completed after their own requested search deadline; the largest completion tail was 1.1s. Emission, detailed routing already in flight, and validation finish atomically.
  [graphene exit 0]  01:25:06 up 22 days,  7:11, 10 users,  load average: 20.39, 26.72, 32.12
[1m[33mwarning[39m[0m[1m:[0m [1m`VIRTUAL_ENV=/home/dannyb/sources/factorio-lab-to-blueprint/.venv` does not match the project environment path `.venv` and will be ignored; use `--active` to target the active environment instead[0m
6 cells of stress, 8 at a time, 16 CP-SAT workers each, cap 3600s
  . [  1/6]     4s freeform  small    electromagnetic-matrix/no-proliferator power=1 budget=30s CLEAN      2.4s
  . [  2/6]     5s freeform  small    electromagnetic-matrix/output-products power=1 budget=30s CLEAN      4.2s
  . [  3/6]    18s freeform  small    electromagnetic-matrix/all-products power=1 budget=30s CLEAN     16.6s  <-- 17s
  . [  4/6]    30s sequence-pair small    electromagnetic-matrix/all-products power=1 budget=30s CLEAN     29.0s  <-- 29s
  . [  5/6]    31s sequence-pair small    electromagnetic-matrix/output-products power=1 budget=30s CLEAN     30.3s  <-- 30s
  . [  6/6]    32s sequence-pair small    electromagnetic-matrix/no-proliferator power=1 budget=30s CLEAN     31.3s  <-- 31s

=== freeform: 3/3 clean -- CLEAN   (refused 0, invalid 0, crashed 0, not run 0)
    slowest: 17s freeform electromagnetic-matrix/all-products power=1 budget=30s

=== sequence-pair: 3/3 clean -- CLEAN   (refused 0, invalid 0, crashed 0, not run 0)
    slowest: 31s sequence-pair electromagnetic-matrix/no-proliferator power=1 budget=30s, 30s sequence-pair electromagnetic-matrix/output-products power=1 budget=30s, 29s sequence-pair electromagnetic-matrix/all-products power=1 budget=30s

33s wall, 6/6 cells
2 cells completed after their own requested search deadline; the largest completion tail was 1.3s. Emission, detailed routing already in flight, and validation finish atomically.
  [electromagnetic-matrix exit 0]  01:25:40 up 22 days,  7:11, 10 users,  load average: 24.50, 26.84, 31.95
[1m[33mwarning[39m[0m[1m:[0m [1m`VIRTUAL_ENV=/home/dannyb/sources/factorio-lab-to-blueprint/.venv` does not match the project environment path `.venv` and will be ignored; use `--active` to target the active environment instead[0m
6 cells of stress, 8 at a time, 16 CP-SAT workers each, cap 3600s
  . [  1/6]     4s freeform  small    plastic/no-proliferator power=1 budget=30s           CLEAN      2.4s
  . [  2/6]     7s freeform  small    plastic/output-products power=1 budget=30s           CLEAN      5.6s
  . [  3/6]     9s freeform  small    plastic/all-products power=1 budget=30s              CLEAN      7.3s
  . [  4/6]    31s sequence-pair small    plastic/all-products power=1 budget=30s              CLEAN     30.1s  <-- 30s
  . [  5/6]    32s sequence-pair small    plastic/output-products power=1 budget=30s           CLEAN     30.8s  <-- 31s
  . [  6/6]    33s sequence-pair small    plastic/no-proliferator power=1 budget=30s           CLEAN     31.6s  <-- 32s

=== freeform: 3/3 clean -- CLEAN   (refused 0, invalid 0, crashed 0, not run 0)

=== sequence-pair: 3/3 clean -- CLEAN   (refused 0, invalid 0, crashed 0, not run 0)
    slowest: 32s sequence-pair plastic/no-proliferator power=1 budget=30s, 31s sequence-pair plastic/output-products power=1 budget=30s, 30s sequence-pair plastic/all-products power=1 budget=30s

33s wall, 6/6 cells
3 cells completed after their own requested search deadline; the largest completion tail was 1.6s. Emission, detailed routing already in flight, and validation finish atomically.
  [plastic exit 0]  01:26:15 up 22 days,  7:12, 10 users,  load average: 21.37, 25.79, 31.41
[1m[33mwarning[39m[0m[1m:[0m [1m`VIRTUAL_ENV=/home/dannyb/sources/factorio-lab-to-blueprint/.venv` does not match the project environment path `.venv` and will be ignored; use `--active` to target the active environment instead[0m
6 cells of stress, 8 at a time, 16 CP-SAT workers each, cap 3600s
  . [  1/6]     7s freeform  mid      processor/no-proliferator power=1 budget=30s         CLEAN      6.0s
  . [  2/6]    12s freeform  mid      processor/output-products power=1 budget=30s         CLEAN     11.0s  <-- 11s
  . [  3/6]    13s freeform  mid      processor/all-products power=1 budget=30s            CLEAN     11.4s  <-- 11s
  . [  4/6]    31s sequence-pair mid      processor/all-products power=1 budget=30s            CLEAN     29.2s  <-- 29s
  . [  5/6]    32s sequence-pair mid      processor/output-products power=1 budget=30s         CLEAN     30.5s  <-- 31s
  . [  6/6]    33s sequence-pair mid      processor/no-proliferator power=1 budget=30s         CLEAN     31.4s  <-- 31s

=== freeform: 3/3 clean -- CLEAN   (refused 0, invalid 0, crashed 0, not run 0)
    slowest: 11s freeform processor/all-products power=1 budget=30s, 11s freeform processor/output-products power=1 budget=30s

=== sequence-pair: 3/3 clean -- CLEAN   (refused 0, invalid 0, crashed 0, not run 0)
    slowest: 31s sequence-pair processor/no-proliferator power=1 budget=30s, 31s sequence-pair processor/output-products power=1 budget=30s, 29s sequence-pair processor/all-products power=1 budget=30s

33s wall, 6/6 cells
2 cells completed after their own requested search deadline; the largest completion tail was 1.4s. Emission, detailed routing already in flight, and validation finish atomically.
  [processor exit 0]  01:26:50 up 22 days,  7:12, 10 users,  load average: 24.20, 26.04, 31.28
[1m[33mwarning[39m[0m[1m:[0m [1m`VIRTUAL_ENV=/home/dannyb/sources/factorio-lab-to-blueprint/.venv` does not match the project environment path `.venv` and will be ignored; use `--active` to target the active environment instead[0m
6 cells of stress, 8 at a time, 16 CP-SAT workers each, cap 3600s
  . [  1/6]     3s freeform  mid      energy-matrix/no-proliferator power=1 budget=30s     CLEAN      1.7s
  . [  2/6]     4s freeform  mid      energy-matrix/output-products power=1 budget=30s     CLEAN      2.6s
  . [  3/6]     4s freeform  mid      energy-matrix/all-products power=1 budget=30s        CLEAN      3.2s
  . [  4/6]    32s sequence-pair mid      energy-matrix/all-products power=1 budget=30s        CLEAN     31.1s  <-- 31s
  . [  5/6]    32s sequence-pair mid      energy-matrix/output-products power=1 budget=30s     CLEAN     31.3s  <-- 31s
  . [  6/6]    33s sequence-pair mid      energy-matrix/no-proliferator power=1 budget=30s     CLEAN     31.6s  <-- 32s

=== freeform: 3/3 clean -- CLEAN   (refused 0, invalid 0, crashed 0, not run 0)

=== sequence-pair: 3/3 clean -- CLEAN   (refused 0, invalid 0, crashed 0, not run 0)
    slowest: 32s sequence-pair energy-matrix/no-proliferator power=1 budget=30s, 31s sequence-pair energy-matrix/output-products power=1 budget=30s, 31s sequence-pair energy-matrix/all-products power=1 budget=30s

33s wall, 6/6 cells
3 cells completed after their own requested search deadline; the largest completion tail was 1.6s. Emission, detailed routing already in flight, and validation finish atomically.
  [energy-matrix exit 0]  01:27:25 up 22 days,  7:13, 10 users,  load average: 35.69, 28.02, 31.71
[1m[33mwarning[39m[0m[1m:[0m [1m`VIRTUAL_ENV=/home/dannyb/sources/factorio-lab-to-blueprint/.venv` does not match the project environment path `.venv` and will be ignored; use `--active` to target the active environment instead[0m
6 cells of stress, 8 at a time, 16 CP-SAT workers each, cap 3600s
  . [  1/6]    29s freeform  mid      super-magnetic-ring/no-proliferator power=1 budget=30s CLEAN     27.6s  <-- 28s
  . [  2/6]    29s freeform  mid      super-magnetic-ring/output-products power=1 budget=30s CLEAN     27.7s  <-- 28s
  . [  3/6]    30s freeform  mid      super-magnetic-ring/all-products power=1 budget=30s  CLEAN     28.9s  <-- 29s
  . [  4/6]    31s sequence-pair mid      super-magnetic-ring/output-products power=1 budget=30s CLEAN     30.0s  <-- 30s
  . [  5/6]    31s sequence-pair mid      super-magnetic-ring/no-proliferator power=1 budget=30s CLEAN     30.4s  <-- 30s
  . [  6/6]    32s sequence-pair mid      super-magnetic-ring/all-products power=1 budget=30s  CLEAN     30.7s  <-- 31s

=== freeform: 3/3 clean -- CLEAN   (refused 0, invalid 0, crashed 0, not run 0)
    slowest: 29s freeform super-magnetic-ring/all-products power=1 budget=30s, 28s freeform super-magnetic-ring/output-products power=1 budget=30s, 28s freeform super-magnetic-ring/no-proliferator power=1 budget=30s

=== sequence-pair: 3/3 clean -- CLEAN   (refused 0, invalid 0, crashed 0, not run 0)
    slowest: 31s sequence-pair super-magnetic-ring/all-products power=1 budget=30s, 30s sequence-pair super-magnetic-ring/no-proliferator power=1 budget=30s, 30s sequence-pair super-magnetic-ring/output-products power=1 budget=30s

32s wall, 6/6 cells
2 cells completed after their own requested search deadline; the largest completion tail was 0.7s. Emission, detailed routing already in flight, and validation finish atomically.
  [super-magnetic-ring exit 0]  01:27:59 up 22 days,  7:14, 10 users,  load average: 36.63, 29.16, 31.96
[1m[33mwarning[39m[0m[1m:[0m [1m`VIRTUAL_ENV=/home/dannyb/sources/factorio-lab-to-blueprint/.venv` does not match the project environment path `.venv` and will be ignored; use `--active` to target the active environment instead[0m
6 cells of stress, 8 at a time, 16 CP-SAT workers each, cap 3600s
  . [  1/6]     6s freeform  large    casimir-crystal/no-proliferator power=1 budget=30s   CLEAN      5.2s
  . [  2/6]    12s freeform  large    casimir-crystal/output-products power=1 budget=30s   CLEAN     11.0s  <-- 11s
  . [  3/6]    12s freeform  large    casimir-crystal/all-products power=1 budget=30s      CLEAN     11.0s  <-- 11s
  . [  4/6]    29s sequence-pair large    casimir-crystal/all-products power=1 budget=30s      CLEAN     28.4s  <-- 28s
  . [  5/6]    31s sequence-pair large    casimir-crystal/output-products power=1 budget=30s   CLEAN     30.1s  <-- 30s
  . [  6/6]    32s sequence-pair large    casimir-crystal/no-proliferator power=1 budget=30s   CLEAN     30.9s  <-- 31s

=== freeform: 3/3 clean -- CLEAN   (refused 0, invalid 0, crashed 0, not run 0)
    slowest: 11s freeform casimir-crystal/all-products power=1 budget=30s, 11s freeform casimir-crystal/output-products power=1 budget=30s

=== sequence-pair: 3/3 clean -- CLEAN   (refused 0, invalid 0, crashed 0, not run 0)
    slowest: 31s sequence-pair casimir-crystal/no-proliferator power=1 budget=30s, 30s sequence-pair casimir-crystal/output-products power=1 budget=30s, 28s sequence-pair casimir-crystal/all-products power=1 budget=30s

32s wall, 6/6 cells
2 cells completed after their own requested search deadline; the largest completion tail was 0.9s. Emission, detailed routing already in flight, and validation finish atomically.
  [casimir-crystal exit 0]  01:28:32 up 22 days,  7:14, 10 users,  load average: 29.70, 28.19, 31.55
[1m[33mwarning[39m[0m[1m:[0m [1m`VIRTUAL_ENV=/home/dannyb/sources/factorio-lab-to-blueprint/.venv` does not match the project environment path `.venv` and will be ignored; use `--active` to target the active environment instead[0m
6 cells of stress, 8 at a time, 16 CP-SAT workers each, cap 3600s
  . [  1/6]    16s freeform  large    information-matrix/no-proliferator power=1 budget=30s CLEAN     14.3s  <-- 14s
  . [  2/6]    28s freeform  large    information-matrix/output-products power=1 budget=30s CLEAN     26.4s  <-- 26s
  . [  3/6]    29s sequence-pair large    information-matrix/all-products power=1 budget=30s   CLEAN     27.4s  <-- 27s
  . [  4/6]    29s freeform  large    information-matrix/all-products power=1 budget=30s   CLEAN     27.4s  <-- 27s
  . [  5/6]    30s sequence-pair large    information-matrix/no-proliferator power=1 budget=30s CLEAN     28.6s  <-- 29s
  . [  6/6]    31s sequence-pair large    information-matrix/output-products power=1 budget=30s CLEAN     29.2s  <-- 29s

=== freeform: 3/3 clean -- CLEAN   (refused 0, invalid 0, crashed 0, not run 0)
    slowest: 27s freeform information-matrix/all-products power=1 budget=30s, 26s freeform information-matrix/output-products power=1 budget=30s, 14s freeform information-matrix/no-proliferator power=1 budget=30s

=== sequence-pair: 3/3 clean -- CLEAN   (refused 0, invalid 0, crashed 0, not run 0)
    slowest: 29s sequence-pair information-matrix/output-products power=1 budget=30s, 29s sequence-pair information-matrix/no-proliferator power=1 budget=30s, 27s sequence-pair information-matrix/all-products power=1 budget=30s

31s wall, 6/6 cells
  [information-matrix exit 0]  01:29:05 up 22 days,  7:15, 10 users,  load average: 37.72, 30.17, 32.08
[1m[33mwarning[39m[0m[1m:[0m [1m`VIRTUAL_ENV=/home/dannyb/sources/factorio-lab-to-blueprint/.venv` does not match the project environment path `.venv` and will be ignored; use `--active` to target the active environment instead[0m
6 cells of stress, 8 at a time, 16 CP-SAT workers each, cap 3600s
  . [  1/6]    12s freeform  stress   quantum-chip/no-proliferator power=1 budget=30s      CLEAN     10.7s  <-- 11s
  . [  2/6]    23s freeform  stress   quantum-chip/output-products power=1 budget=30s      CLEAN     22.0s  <-- 22s
  . [  3/6]    29s sequence-pair stress   quantum-chip/all-products power=1 budget=30s         CLEAN     28.1s  <-- 28s
  . [  4/6]    30s sequence-pair stress   quantum-chip/no-proliferator power=1 budget=30s      CLEAN     28.6s  <-- 29s
  . [  5/6]    30s sequence-pair stress   quantum-chip/output-products power=1 budget=30s      CLEAN     28.7s  <-- 29s
  . [  6/6]    30s freeform  stress   quantum-chip/all-products power=1 budget=30s         CLEAN     28.9s  <-- 29s

=== freeform: 3/3 clean -- CLEAN   (refused 0, invalid 0, crashed 0, not run 0)
    slowest: 29s freeform quantum-chip/all-products power=1 budget=30s, 22s freeform quantum-chip/output-products power=1 budget=30s, 11s freeform quantum-chip/no-proliferator power=1 budget=30s

=== sequence-pair: 3/3 clean -- CLEAN   (refused 0, invalid 0, crashed 0, not run 0)
    slowest: 29s sequence-pair quantum-chip/output-products power=1 budget=30s, 29s sequence-pair quantum-chip/no-proliferator power=1 budget=30s, 28s sequence-pair quantum-chip/all-products power=1 budget=30s

30s wall, 6/6 cells
  [quantum-chip exit 0]  01:29:37 up 22 days,  7:15, 10 users,  load average: 30.86, 29.18, 31.68
[1m[33mwarning[39m[0m[1m:[0m [1m`VIRTUAL_ENV=/home/dannyb/sources/factorio-lab-to-blueprint/.venv` does not match the project environment path `.venv` and will be ignored; use `--active` to target the active environment instead[0m
6 cells of stress, 8 at a time, 16 CP-SAT workers each, cap 3600s
  . [  1/6]    25s freeform  stress   universe-matrix/all-products power=1 budget=30s      CLEAN     24.2s  <-- 24s
  . [  2/6]    30s freeform  stress   universe-matrix/no-proliferator power=1 budget=30s   CLEAN     29.0s  <-- 29s
  . [  3/6]    31s freeform  stress   universe-matrix/output-products power=1 budget=30s   CLEAN     30.0s  <-- 30s
  . [  4/6]    33s sequence-pair stress   universe-matrix/output-products power=1 budget=30s   CLEAN     32.0s  <-- 32s
  . [  5/6]    33s sequence-pair stress   universe-matrix/no-proliferator power=1 budget=30s   CLEAN     32.3s  <-- 32s
  . [  6/6]    36s sequence-pair stress   universe-matrix/all-products power=1 budget=30s      CLEAN     35.2s  <-- 35s

=== freeform: 3/3 clean -- CLEAN   (refused 0, invalid 0, crashed 0, not run 0)
    slowest: 30s freeform universe-matrix/output-products power=1 budget=30s, 29s freeform universe-matrix/no-proliferator power=1 budget=30s, 24s freeform universe-matrix/all-products power=1 budget=30s

=== sequence-pair: 3/3 clean -- CLEAN   (refused 0, invalid 0, crashed 0, not run 0)
    slowest: 35s sequence-pair universe-matrix/all-products power=1 budget=30s, 32s sequence-pair universe-matrix/no-proliferator power=1 budget=30s, 32s sequence-pair universe-matrix/output-products power=1 budget=30s

36s wall, 6/6 cells
4 cells completed after their own requested search deadline; the largest completion tail was 5.2s. Emission, detailed routing already in flight, and validation finish atomically.
  [universe-matrix exit 0]  01:30:15 up 22 days,  7:16, 10 users,  load average: 24.60, 27.82, 31.12
ARM placed DONE 2026-09-07T01:30:15-04:00
ARM placed REPORTED DONE 2026-09-07T01:32:39-04:00
