### placed freeform no-proliferator
arm=placed cell=reported/no-proliferator strategy=freeform
wall=9.3s buildings=2472 coaters=0 belts=2239 coater_merges=0
area=4125.0 belt_tiles=2239
  WARNING belt.termination: belt run 1 (head building 7 at (3,8), carrying 'advanced-mining-machine') runs 11 of its 16 tiles past its last tap and then stops; those tiles serve nothing
  WARNING belt.termination: belt run 5 (head building 64 at (14,11), carrying 'assembling-machine-3') runs 15 of its 17 tiles past its last tap and then stops; those tiles serve nothing
  WARNING belt.termination: belt run 16 (head building 447 at (78,20), carrying 'plane-smelter') runs 7 of its 8 tiles past its last tap and then stops; those tiles serve nothing
  WARNING belt.termination: belt run 21 (head building 609 at (120,19), carrying 're-composing-assembler') runs 8 of its 9 tiles past its last tap and then stops; those tiles serve nothing
  WARNING belt.termination: belt run 26 (head building 748 at (134,10), carrying 'hydrogen') runs 7 of its 98 tiles past its last tap and then stops; those tiles serve nothing
digest=f027ff6f87bf6078
### placed freeform all-products
arm=placed cell=reported/all-products strategy=freeform
wall=28.6s buildings=4262 coaters=35 belts=3993 coater_merges=0
area=5100.0 belt_tiles=3993
  WARNING belt.termination: belt run 0 (head building 7 at (8,12), carrying 'advanced-mining-machine') runs 19 of its 24 tiles past its last tap and then stops; those tiles serve nothing
  WARNING belt.termination: belt run 3 (head building 64 at (8,33), carrying 'assembling-machine-3') runs 47 of its 49 tiles past its last tap and then stops; those tiles serve nothing
  WARNING belt.termination: belt run 13 (head building 359 at (18,49), carrying 'plane-smelter') runs 32 of its 33 tiles past its last tap and then stops; those tiles serve nothing
  WARNING belt.termination: belt run 19 (head building 477 at (44,32), carrying 're-composing-assembler') runs 36 of its 37 tiles past its last tap and then stops; those tiles serve nothing
  WARNING belt.termination: belt run 24 (head building 588 at (44,57), carrying 'hydrogen') runs 29 of its 99 tiles past its last tap and then stops; those tiles serve nothing
  WARNING belt.termination: belt run 61 (head building 4091 at (67,69), carrying 'proliferator-2') runs 2 tiles and no sorter touches any of them; the whole lane is wasted
  WARNING belt.termination: belt run 89 (head building 4133 at (0,73), carrying 'proliferator-2') runs 2 tiles and no sorter touches any of them; the whole lane is wasted
digest=248ca68195dbf468
### placed freeform output-products
arm=placed cell=reported/output-products strategy=freeform
wall=20.1s buildings=2514 coaters=5 belts=2287 coater_merges=0
area=3780.0 belt_tiles=2287
  WARNING belt.termination: belt run 0 (head building 7 at (25,37), carrying 'advanced-mining-machine') runs 40 of its 45 tiles past its last tap and then stops; those tiles serve nothing
  WARNING belt.termination: belt run 3 (head building 64 at (5,39), carrying 'assembling-machine-3') runs 21 of its 23 tiles past its last tap and then stops; those tiles serve nothing
  WARNING belt.termination: belt run 14 (head building 400 at (17,47), carrying 'plane-smelter') runs 13 of its 14 tiles past its last tap and then stops; those tiles serve nothing
  WARNING belt.termination: belt run 20 (head building 567 at (35,34), carrying 're-composing-assembler') runs 37 of its 38 tiles past its last tap and then stops; those tiles serve nothing
  WARNING belt.termination: belt run 25 (head building 706 at (3,19), carrying 'hydrogen') runs 12 of its 107 tiles past its last tap and then stops; those tiles serve nothing
  WARNING belt.termination: belt run 65 (head building 2458 at (0,52), carrying 'proliferator-2') runs 2 tiles and no sorter touches any of them; the whole lane is wasted
digest=a8f0ecfddb8e0bd5
### placed sequence-pair no-proliferator
arm=placed cell=reported/no-proliferator strategy=sequence-pair
wall=27.1s buildings=2042 coaters=0 belts=1823 coater_merges=0
area=2700.0 belt_tiles=1823
  WARNING belt.termination: belt run 1 (head building 7 at (47,26), carrying 'advanced-mining-machine') runs 8 of its 13 tiles past its last tap and then stops; those tiles serve nothing
  WARNING belt.termination: belt run 5 (head building 64 at (3,11), carrying 'assembling-machine-3') runs 10 of its 12 tiles past its last tap and then stops; those tiles serve nothing
  WARNING belt.termination: belt run 16 (head building 447 at (27,29), carrying 'plane-smelter') runs 20 of its 21 tiles past its last tap and then stops; those tiles serve nothing
  WARNING belt.termination: belt run 21 (head building 609 at (53,10), carrying 're-composing-assembler') runs 6 of its 7 tiles past its last tap and then stops; those tiles serve nothing
digest=a3c121b6d2fcae8d
### placed sequence-pair all-products
arm=placed cell=reported/all-products strategy=sequence-pair
wall=21.2s buildings=4228 coaters=35 belts=3959 coater_merges=0
area=5325.0 belt_tiles=3959
  WARNING belt.termination: belt run 0 (head building 7 at (46,39), carrying 'advanced-mining-machine') runs 38 of its 43 tiles past its last tap and then stops; those tiles serve nothing
  WARNING belt.termination: belt run 4 (head building 64 at (38,13), carrying 'assembling-machine-3') runs 24 of its 26 tiles past its last tap and then stops; those tiles serve nothing
  WARNING belt.termination: belt run 14 (head building 359 at (44,12), carrying 'plane-smelter') runs 24 of its 25 tiles past its last tap and then stops; those tiles serve nothing
  WARNING belt.termination: belt run 20 (head building 477 at (44,31), carrying 're-composing-assembler') runs 48 of its 49 tiles past its last tap and then stops; those tiles serve nothing
  WARNING belt.termination: belt run 25 (head building 588 at (15,12), carrying 'hydrogen') runs 9 of its 79 tiles past its last tap and then stops; those tiles serve nothing
  WARNING belt.termination: belt run 61 (head building 4077 at (0,73), carrying 'proliferator-2') runs 2 tiles and no sorter touches any of them; the whole lane is wasted
  WARNING belt.termination: belt run 69 (head building 4089 at (70,71), carrying 'proliferator-2') runs 2 tiles and no sorter touches any of them; the whole lane is wasted
digest=572d4d69d4a6ea35
### placed sequence-pair output-products
arm=placed cell=reported/output-products strategy=sequence-pair
wall=25.7s buildings=2467 coaters=5 belts=2248 coater_merges=0
area=2790.0 belt_tiles=2248
  WARNING belt.termination: belt run 0 (head building 7 at (22,28), carrying 'advanced-mining-machine') runs 22 of its 27 tiles past its last tap and then stops; those tiles serve nothing
  WARNING belt.termination: belt run 3 (head building 64 at (9,30), carrying 'assembling-machine-3') runs 29 of its 31 tiles past its last tap and then stops; those tiles serve nothing
  WARNING belt.termination: belt run 14 (head building 400 at (3,10), carrying 'plane-smelter') runs 16 of its 17 tiles past its last tap and then stops; those tiles serve nothing
  WARNING belt.termination: belt run 20 (head building 567 at (33,29), carrying 're-composing-assembler') runs 28 of its 29 tiles past its last tap and then stops; those tiles serve nothing
  WARNING belt.termination: belt run 25 (head building 706 at (21,20), carrying 'hydrogen') runs 14 of its 105 tiles past its last tap and then stops; those tiles serve nothing
  WARNING belt.termination: belt run 67 (head building 2420 at (0,43), carrying 'proliferator-2') runs 2 tiles and no sorter touches any of them; the whole lane is wasted
digest=5537814bf8020149
