=== arm=seat round=roundB strategy=both jobs=8 ===
commit: c51d9a5e
uptime before:  01:15:02 up 22 days,  7:01, 10 users,  load average: 49.30, 34.13, 33.78
2026-09-07T01:15:02-04:00
[1m[33mwarning[39m[0m[1m:[0m [1m`VIRTUAL_ENV=/home/dannyb/sources/factorio-lab-to-blueprint/.venv` does not match the project environment path `.venv` and will be ignored; use `--active` to target the active environment instead[0m
6 cells of stress, 8 at a time, 16 CP-SAT workers each, cap 3600s
  X [  1/6]     2s freeform  trivial  iron-ingot/all-products power=1 budget=30s           REFUSED    0.5s
  X [  2/6]     2s freeform  trivial  iron-ingot/output-products power=1 budget=30s        REFUSED    0.6s
  . [  3/6]     2s freeform  trivial  iron-ingot/no-proliferator power=1 budget=30s        CLEAN      0.6s
  . [  4/6]    12s sequence-pair trivial  iron-ingot/no-proliferator power=1 budget=30s        CLEAN     10.9s  <-- 11s
  . [  5/6]    13s sequence-pair trivial  iron-ingot/all-products power=1 budget=30s           CLEAN     12.1s  <-- 12s
  . [  6/6]    13s sequence-pair trivial  iron-ingot/output-products power=1 budget=30s        CLEAN     12.2s  <-- 12s

=== freeform: 1/3 clean -- NOT CLEAN   (refused 2, invalid 0, crashed 0, not run 0)
    by check: {'<refused>': 2}
    REFUSED  iron-ingot/all-products power=1 budget=30s  every packing that wired was rejected by our own validator (prolif.sprayed_cargo_reaches_machines); a placement that fails validation is refused rather than returned, because an invalid blueprint pastes and then does not run
    REFUSED  iron-ingot/output-products power=1 budget=30s  every packing that wired was rejected by our own validator (prolif.sprayed_cargo_reaches_machines); a placement that fails validation is refused rather than returned, because an invalid blueprint pastes and then does not run

=== sequence-pair: 3/3 clean -- CLEAN   (refused 0, invalid 0, crashed 0, not run 0)
    slowest: 12s sequence-pair iron-ingot/output-products power=1 budget=30s, 12s sequence-pair iron-ingot/all-products power=1 budget=30s, 11s sequence-pair iron-ingot/no-proliferator power=1 budget=30s

13s wall, 6/6 cells

NOT CLEAN. An INVALID cell is worse than a REFUSED one: refusing emits nothing, while an invalid blueprint pastes and then does not run. Fix the invalid ones first.
  [iron-ingot exit 1]  01:15:17 up 22 days,  7:01, 10 users,  load average: 58.58, 37.06, 34.74
[1m[33mwarning[39m[0m[1m:[0m [1m`VIRTUAL_ENV=/home/dannyb/sources/factorio-lab-to-blueprint/.venv` does not match the project environment path `.venv` and will be ignored; use `--active` to target the active environment instead[0m
6 cells of stress, 8 at a time, 16 CP-SAT workers each, cap 3600s
  X [  1/6]     2s freeform  trivial  magnetic-coil/all-products power=1 budget=30s        REFUSED    0.9s
  . [  2/6]     2s freeform  trivial  magnetic-coil/no-proliferator power=1 budget=30s     CLEAN      1.1s
  . [  3/6]     3s freeform  trivial  magnetic-coil/output-products power=1 budget=30s     CLEAN      1.9s
  . [  4/6]    25s sequence-pair trivial  magnetic-coil/no-proliferator power=1 budget=30s     CLEAN     23.7s  <-- 24s
  . [  5/6]    29s sequence-pair trivial  magnetic-coil/output-products power=1 budget=30s     CLEAN     27.4s  <-- 27s
  . [  6/6]    32s sequence-pair trivial  magnetic-coil/all-products power=1 budget=30s        CLEAN     30.4s  <-- 30s

=== freeform: 2/3 clean -- NOT CLEAN   (refused 1, invalid 0, crashed 0, not run 0)
    by check: {'<refused>': 1}
    REFUSED  magnetic-coil/all-products power=1 budget=30s  every packing that wired was rejected by our own validator (prolif.sprayed_cargo_reaches_machines); a placement that fails validation is refused rather than returned, because an invalid blueprint pastes and then does not run

=== sequence-pair: 3/3 clean -- CLEAN   (refused 0, invalid 0, crashed 0, not run 0)
    slowest: 30s sequence-pair magnetic-coil/all-products power=1 budget=30s, 27s sequence-pair magnetic-coil/output-products power=1 budget=30s, 24s sequence-pair magnetic-coil/no-proliferator power=1 budget=30s

32s wall, 6/6 cells
1 cells completed after their own requested search deadline; the largest completion tail was 0.4s. Emission, detailed routing already in flight, and validation finish atomically.

NOT CLEAN. An INVALID cell is worse than a REFUSED one: refusing emits nothing, while an invalid blueprint pastes and then does not run. Fix the invalid ones first.
  [magnetic-coil exit 1]  01:15:50 up 22 days,  7:01, 10 users,  load average: 57.89, 39.14, 35.52
[1m[33mwarning[39m[0m[1m:[0m [1m`VIRTUAL_ENV=/home/dannyb/sources/factorio-lab-to-blueprint/.venv` does not match the project environment path `.venv` and will be ignored; use `--active` to target the active environment instead[0m
6 cells of stress, 8 at a time, 16 CP-SAT workers each, cap 3600s
  X [  1/6]     2s freeform  small    graphene/all-products power=1 budget=30s             REFUSED    0.9s
  X [  2/6]     2s freeform  small    graphene/output-products power=1 budget=30s          REFUSED    1.0s
  . [  3/6]     2s freeform  small    graphene/no-proliferator power=1 budget=30s          CLEAN      1.4s
  . [  4/6]    26s sequence-pair small    graphene/all-products power=1 budget=30s             CLEAN     24.5s  <-- 25s
  . [  5/6]    28s sequence-pair small    graphene/output-products power=1 budget=30s          CLEAN     26.9s  <-- 27s
  . [  6/6]    31s sequence-pair small    graphene/no-proliferator power=1 budget=30s          CLEAN     29.8s  <-- 30s

=== freeform: 1/3 clean -- NOT CLEAN   (refused 2, invalid 0, crashed 0, not run 0)
    by check: {'<refused>': 2}
    REFUSED  graphene/all-products power=1 budget=30s  every packing that wired was rejected by our own validator (prolif.sprayed_cargo_reaches_machines); a placement that fails validation is refused rather than returned, because an invalid blueprint pastes and then does not run
    REFUSED  graphene/output-products power=1 budget=30s  every packing that wired was rejected by our own validator (prolif.sprayed_cargo_reaches_machines); a placement that fails validation is refused rather than returned, because an invalid blueprint pastes and then does not run

=== sequence-pair: 3/3 clean -- CLEAN   (refused 0, invalid 0, crashed 0, not run 0)
    slowest: 30s sequence-pair graphene/no-proliferator power=1 budget=30s, 27s sequence-pair graphene/output-products power=1 budget=30s, 25s sequence-pair graphene/all-products power=1 budget=30s

31s wall, 6/6 cells

NOT CLEAN. An INVALID cell is worse than a REFUSED one: refusing emits nothing, while an invalid blueprint pastes and then does not run. Fix the invalid ones first.
  [graphene exit 1]  01:16:23 up 22 days,  7:02, 10 users,  load average: 56.59, 40.93, 36.25
[1m[33mwarning[39m[0m[1m:[0m [1m`VIRTUAL_ENV=/home/dannyb/sources/factorio-lab-to-blueprint/.venv` does not match the project environment path `.venv` and will be ignored; use `--active` to target the active environment instead[0m
6 cells of stress, 8 at a time, 16 CP-SAT workers each, cap 3600s
  X [  1/6]     4s freeform  small    electromagnetic-matrix/output-products power=1 budget=30s REFUSED    2.5s
  . [  2/6]     4s freeform  small    electromagnetic-matrix/no-proliferator power=1 budget=30s CLEAN      2.7s
  X [  3/6]     5s freeform  small    electromagnetic-matrix/all-products power=1 budget=30s REFUSED    3.9s
  . [  4/6]    32s sequence-pair small    electromagnetic-matrix/all-products power=1 budget=30s CLEAN     30.5s  <-- 31s
  . [  5/6]    32s sequence-pair small    electromagnetic-matrix/output-products power=1 budget=30s CLEAN     30.6s  <-- 31s
  . [  6/6]    33s sequence-pair small    electromagnetic-matrix/no-proliferator power=1 budget=30s CLEAN     31.4s  <-- 31s

=== freeform: 1/3 clean -- NOT CLEAN   (refused 2, invalid 0, crashed 0, not run 0)
    by check: {'<refused>': 2}
    REFUSED  electromagnetic-matrix/output-products power=1 budget=30s  every packing that wired was rejected by our own validator (prolif.sprayed_cargo_reaches_machines); a placement that fails validation is refused rather than returned, because an invalid blueprint pastes and then does not run
    REFUSED  electromagnetic-matrix/all-products power=1 budget=30s  every packing that wired was rejected by our own validator (geom.collide, prolif.sprayed_cargo_reaches_machines; findings: band 160 geom.collide (16, 147): build colliders intersect); a placement that fails validation is refused rather than returned, because an invalid blueprint pastes and then does not run

=== sequence-pair: 3/3 clean -- CLEAN   (refused 0, invalid 0, crashed 0, not run 0)
    slowest: 31s sequence-pair electromagnetic-matrix/no-proliferator power=1 budget=30s, 31s sequence-pair electromagnetic-matrix/output-products power=1 budget=30s, 31s sequence-pair electromagnetic-matrix/all-products power=1 budget=30s

33s wall, 6/6 cells
3 cells completed after their own requested search deadline; the largest completion tail was 1.4s. Emission, detailed routing already in flight, and validation finish atomically.

NOT CLEAN. An INVALID cell is worse than a REFUSED one: refusing emits nothing, while an invalid blueprint pastes and then does not run. Fix the invalid ones first.
  [electromagnetic-matrix exit 1]  01:16:57 up 22 days,  7:03, 10 users,  load average: 47.16, 40.48, 36.29
[1m[33mwarning[39m[0m[1m:[0m [1m`VIRTUAL_ENV=/home/dannyb/sources/factorio-lab-to-blueprint/.venv` does not match the project environment path `.venv` and will be ignored; use `--active` to target the active environment instead[0m
6 cells of stress, 8 at a time, 16 CP-SAT workers each, cap 3600s
  X [  1/6]     2s freeform  small    plastic/all-products power=1 budget=30s              REFUSED    1.2s
  X [  2/6]     2s freeform  small    plastic/output-products power=1 budget=30s           REFUSED    1.4s
  . [  3/6]     3s freeform  small    plastic/no-proliferator power=1 budget=30s           CLEAN      2.4s
  . [  4/6]    28s sequence-pair small    plastic/all-products power=1 budget=30s              CLEAN     26.9s  <-- 27s
  . [  5/6]    32s sequence-pair small    plastic/output-products power=1 budget=30s           CLEAN     31.1s  <-- 31s
  . [  6/6]    32s sequence-pair small    plastic/no-proliferator power=1 budget=30s           CLEAN     31.4s  <-- 31s

=== freeform: 1/3 clean -- NOT CLEAN   (refused 2, invalid 0, crashed 0, not run 0)
    by check: {'<refused>': 2}
    REFUSED  plastic/all-products power=1 budget=30s  every packing that wired was rejected by our own validator (prolif.sprayed_cargo_reaches_machines); a placement that fails validation is refused rather than returned, because an invalid blueprint pastes and then does not run
    REFUSED  plastic/output-products power=1 budget=30s  every packing that wired was rejected by our own validator (prolif.sprayed_cargo_reaches_machines); a placement that fails validation is refused rather than returned, because an invalid blueprint pastes and then does not run

=== sequence-pair: 3/3 clean -- CLEAN   (refused 0, invalid 0, crashed 0, not run 0)
    slowest: 31s sequence-pair plastic/no-proliferator power=1 budget=30s, 31s sequence-pair plastic/output-products power=1 budget=30s, 27s sequence-pair plastic/all-products power=1 budget=30s

32s wall, 6/6 cells
2 cells completed after their own requested search deadline; the largest completion tail was 1.4s. Emission, detailed routing already in flight, and validation finish atomically.

NOT CLEAN. An INVALID cell is worse than a REFUSED one: refusing emits nothing, while an invalid blueprint pastes and then does not run. Fix the invalid ones first.
  [plastic exit 1]  01:17:31 up 22 days,  7:03, 10 users,  load average: 36.48, 38.56, 35.78
[1m[33mwarning[39m[0m[1m:[0m [1m`VIRTUAL_ENV=/home/dannyb/sources/factorio-lab-to-blueprint/.venv` does not match the project environment path `.venv` and will be ignored; use `--active` to target the active environment instead[0m
6 cells of stress, 8 at a time, 16 CP-SAT workers each, cap 3600s
  X [  1/6]     4s freeform  mid      processor/all-products power=1 budget=30s            REFUSED    3.0s
  . [  2/6]     8s freeform  mid      processor/no-proliferator power=1 budget=30s         CLEAN      6.2s
  . [  3/6]    10s freeform  mid      processor/output-products power=1 budget=30s         CLEAN      8.2s
  . [  4/6]    32s sequence-pair mid      processor/output-products power=1 budget=30s         CLEAN     30.7s  <-- 31s
  . [  5/6]    33s sequence-pair mid      processor/no-proliferator power=1 budget=30s         CLEAN     31.5s  <-- 31s
  . [  6/6]    33s sequence-pair mid      processor/all-products power=1 budget=30s            CLEAN     31.6s  <-- 32s

=== freeform: 2/3 clean -- NOT CLEAN   (refused 1, invalid 0, crashed 0, not run 0)
    by check: {'<refused>': 1}
    REFUSED  processor/all-products power=1 budget=30s  every packing that wired was rejected by our own validator (geom.collide, prolif.sprayed_cargo_reaches_machines; findings: band 160 geom.collide (16, 219): build colliders intersect); a placement that fails validation is refused rather than returned, because an invalid blueprint pastes and then does not run

=== sequence-pair: 3/3 clean -- CLEAN   (refused 0, invalid 0, crashed 0, not run 0)
    slowest: 32s sequence-pair processor/all-products power=1 budget=30s, 31s sequence-pair processor/no-proliferator power=1 budget=30s, 31s sequence-pair processor/output-products power=1 budget=30s

33s wall, 6/6 cells
3 cells completed after their own requested search deadline; the largest completion tail was 1.6s. Emission, detailed routing already in flight, and validation finish atomically.

NOT CLEAN. An INVALID cell is worse than a REFUSED one: refusing emits nothing, while an invalid blueprint pastes and then does not run. Fix the invalid ones first.
  [processor exit 1]  01:18:06 up 22 days,  7:04, 10 users,  load average: 54.35, 42.14, 37.05
[1m[33mwarning[39m[0m[1m:[0m [1m`VIRTUAL_ENV=/home/dannyb/sources/factorio-lab-to-blueprint/.venv` does not match the project environment path `.venv` and will be ignored; use `--active` to target the active environment instead[0m
6 cells of stress, 8 at a time, 16 CP-SAT workers each, cap 3600s
  X [  1/6]     2s freeform  mid      energy-matrix/all-products power=1 budget=30s        REFUSED    1.2s
  X [  2/6]     2s freeform  mid      energy-matrix/output-products power=1 budget=30s     REFUSED    1.3s
  . [  3/6]     3s freeform  mid      energy-matrix/no-proliferator power=1 budget=30s     CLEAN      1.8s
  . [  4/6]    25s sequence-pair mid      energy-matrix/all-products power=1 budget=30s        CLEAN     23.7s  <-- 24s
  . [  5/6]    29s sequence-pair mid      energy-matrix/output-products power=1 budget=30s     CLEAN     27.4s  <-- 27s
  . [  6/6]    33s sequence-pair mid      energy-matrix/no-proliferator power=1 budget=30s     CLEAN     31.6s  <-- 32s

=== freeform: 1/3 clean -- NOT CLEAN   (refused 2, invalid 0, crashed 0, not run 0)
    by check: {'<refused>': 2}
    REFUSED  energy-matrix/all-products power=1 budget=30s  every packing that wired was rejected by our own validator (prolif.sprayed_cargo_reaches_machines); a placement that fails validation is refused rather than returned, because an invalid blueprint pastes and then does not run
    REFUSED  energy-matrix/output-products power=1 budget=30s  every packing that wired was rejected by our own validator (prolif.sprayed_cargo_reaches_machines); a placement that fails validation is refused rather than returned, because an invalid blueprint pastes and then does not run

=== sequence-pair: 3/3 clean -- CLEAN   (refused 0, invalid 0, crashed 0, not run 0)
    slowest: 32s sequence-pair energy-matrix/no-proliferator power=1 budget=30s, 27s sequence-pair energy-matrix/output-products power=1 budget=30s, 24s sequence-pair energy-matrix/all-products power=1 budget=30s

33s wall, 6/6 cells
1 cells completed after their own requested search deadline; the largest completion tail was 1.6s. Emission, detailed routing already in flight, and validation finish atomically.

NOT CLEAN. An INVALID cell is worse than a REFUSED one: refusing emits nothing, while an invalid blueprint pastes and then does not run. Fix the invalid ones first.
  [energy-matrix exit 1]  01:18:41 up 22 days,  7:04, 10 users,  load average: 38.00, 39.39, 36.32
[1m[33mwarning[39m[0m[1m:[0m [1m`VIRTUAL_ENV=/home/dannyb/sources/factorio-lab-to-blueprint/.venv` does not match the project environment path `.venv` and will be ignored; use `--active` to target the active environment instead[0m
6 cells of stress, 8 at a time, 16 CP-SAT workers each, cap 3600s
  . [  1/6]    29s freeform  mid      super-magnetic-ring/output-products power=1 budget=30s CLEAN     27.2s  <-- 27s
  . [  2/6]    29s freeform  mid      super-magnetic-ring/no-proliferator power=1 budget=30s CLEAN     27.4s  <-- 27s
  . [  3/6]    30s sequence-pair mid      super-magnetic-ring/no-proliferator power=1 budget=30s CLEAN     29.1s  <-- 29s
  . [  4/6]    31s sequence-pair mid      super-magnetic-ring/all-products power=1 budget=30s  CLEAN     29.5s  <-- 30s
  X [  5/6]    31s freeform  mid      super-magnetic-ring/all-products power=1 budget=30s  REFUSED   30.0s  <-- 30s
  . [  6/6]    32s sequence-pair mid      super-magnetic-ring/output-products power=1 budget=30s CLEAN     30.2s  <-- 30s

=== freeform: 2/3 clean -- NOT CLEAN   (refused 1, invalid 0, crashed 0, not run 0)
    by check: {'<refused>': 1}
    REFUSED  super-magnetic-ring/all-products power=1 budget=30s  every packing that wired was rejected by our own validator (prolif.sprayed_cargo_reaches_machines); a placement that fails validation is refused rather than returned, because an invalid blueprint pastes and then does not run
    slowest: 30s freeform super-magnetic-ring/all-products power=1 budget=30s, 27s freeform super-magnetic-ring/no-proliferator power=1 budget=30s, 27s freeform super-magnetic-ring/output-products power=1 budget=30s

=== sequence-pair: 3/3 clean -- CLEAN   (refused 0, invalid 0, crashed 0, not run 0)
    slowest: 30s sequence-pair super-magnetic-ring/output-products power=1 budget=30s, 30s sequence-pair super-magnetic-ring/all-products power=1 budget=30s, 29s sequence-pair super-magnetic-ring/no-proliferator power=1 budget=30s

32s wall, 6/6 cells
2 cells completed after their own requested search deadline; the largest completion tail was 0.2s. Emission, detailed routing already in flight, and validation finish atomically.

NOT CLEAN. An INVALID cell is worse than a REFUSED one: refusing emits nothing, while an invalid blueprint pastes and then does not run. Fix the invalid ones first.
  [super-magnetic-ring exit 1]  01:19:15 up 22 days,  7:05, 10 users,  load average: 47.48, 41.36, 37.07
[1m[33mwarning[39m[0m[1m:[0m [1m`VIRTUAL_ENV=/home/dannyb/sources/factorio-lab-to-blueprint/.venv` does not match the project environment path `.venv` and will be ignored; use `--active` to target the active environment instead[0m
6 cells of stress, 8 at a time, 16 CP-SAT workers each, cap 3600s
  X [  1/6]     4s freeform  large    casimir-crystal/all-products power=1 budget=30s      REFUSED    2.2s
  . [  2/6]     6s freeform  large    casimir-crystal/no-proliferator power=1 budget=30s   CLEAN      4.6s
  . [  3/6]     7s freeform  large    casimir-crystal/output-products power=1 budget=30s   CLEAN      5.3s
  . [  4/6]    32s sequence-pair large    casimir-crystal/output-products power=1 budget=30s   CLEAN     31.0s  <-- 31s
  X [  5/6]    33s sequence-pair large    casimir-crystal/all-products power=1 budget=30s      REFUSED   31.3s  <-- 31s
  . [  6/6]    33s sequence-pair large    casimir-crystal/no-proliferator power=1 budget=30s   CLEAN     31.5s  <-- 31s

=== freeform: 2/3 clean -- NOT CLEAN   (refused 1, invalid 0, crashed 0, not run 0)
    by check: {'<refused>': 1}
    REFUSED  casimir-crystal/all-products power=1 budget=30s  every packing that wired was rejected by our own validator (geom.collide, prolif.sprayed_cargo_reaches_machines; findings: band 160 geom.collide (70, 276): build colliders intersect); a placement that fails validation is refused rather than returned, because an invalid blueprint pastes and then does not run

=== sequence-pair: 2/3 clean -- NOT CLEAN   (refused 1, invalid 0, crashed 0, not run 0)
    by check: {'<refused>': 1}
    REFUSED  casimir-crystal/all-products power=1 budget=30s  all 4 sequence islands refused: island 0: deadline exhausted before finding an exact layout; island 1: deadline exhausted before finding an exact layout; island 2: deadline exhausted before finding an exact layout; island 3: deadline exhausted before finding an exact layout
    slowest: 31s sequence-pair casimir-crystal/no-proliferator power=1 budget=30s, 31s sequence-pair casimir-crystal/all-products power=1 budget=30s, 31s sequence-pair casimir-crystal/output-products power=1 budget=30s

33s wall, 6/6 cells
3 cells completed after their own requested search deadline; the largest completion tail was 1.5s. Emission, detailed routing already in flight, and validation finish atomically.

NOT CLEAN. An INVALID cell is worse than a REFUSED one: refusing emits nothing, while an invalid blueprint pastes and then does not run. Fix the invalid ones first.
  [casimir-crystal exit 1]  01:19:50 up 22 days,  7:05, 10 users,  load average: 51.79, 42.79, 37.70
[1m[33mwarning[39m[0m[1m:[0m [1m`VIRTUAL_ENV=/home/dannyb/sources/factorio-lab-to-blueprint/.venv` does not match the project environment path `.venv` and will be ignored; use `--active` to target the active environment instead[0m
6 cells of stress, 8 at a time, 16 CP-SAT workers each, cap 3600s
  X [  1/6]     5s freeform  large    information-matrix/output-products power=1 budget=30s REFUSED    3.8s
  X [  2/6]     5s freeform  large    information-matrix/all-products power=1 budget=30s   REFUSED    4.0s
  . [  3/6]    15s freeform  large    information-matrix/no-proliferator power=1 budget=30s CLEAN     13.6s  <-- 14s
  . [  4/6]    30s sequence-pair large    information-matrix/no-proliferator power=1 budget=30s CLEAN     28.5s  <-- 28s
  X [  5/6]    32s sequence-pair large    information-matrix/all-products power=1 budget=30s   REFUSED   30.5s  <-- 31s
  . [  6/6]    33s sequence-pair large    information-matrix/output-products power=1 budget=30s CLEAN     31.6s  <-- 32s

=== freeform: 1/3 clean -- NOT CLEAN   (refused 2, invalid 0, crashed 0, not run 0)
    by check: {'<refused>': 2}
    REFUSED  information-matrix/output-products power=1 budget=30s  every packing that wired was rejected by our own validator (prolif.sprayed_cargo_reaches_machines); a placement that fails validation is refused rather than returned, because an invalid blueprint pastes and then does not run
    REFUSED  information-matrix/all-products power=1 budget=30s  every packing that wired was rejected by our own validator (prolif.sprayed_cargo_reaches_machines); a placement that fails validation is refused rather than returned, because an invalid blueprint pastes and then does not run
    slowest: 14s freeform information-matrix/no-proliferator power=1 budget=30s

=== sequence-pair: 2/3 clean -- NOT CLEAN   (refused 1, invalid 0, crashed 0, not run 0)
    by check: {'<refused>': 1}
    REFUSED  information-matrix/all-products power=1 budget=30s  all 4 sequence islands refused: island 0: deadline exhausted before finding an exact layout; island 1: deadline exhausted before finding an exact layout; island 2: deadline exhausted before finding an exact layout; island 3: deadline exhausted before finding an exact layout
    slowest: 32s sequence-pair information-matrix/output-products power=1 budget=30s, 31s sequence-pair information-matrix/all-products power=1 budget=30s, 28s sequence-pair information-matrix/no-proliferator power=1 budget=30s

33s wall, 6/6 cells
2 cells completed after their own requested search deadline; the largest completion tail was 1.6s. Emission, detailed routing already in flight, and validation finish atomically.

NOT CLEAN. An INVALID cell is worse than a REFUSED one: refusing emits nothing, while an invalid blueprint pastes and then does not run. Fix the invalid ones first.
  [information-matrix exit 1]  01:20:25 up 22 days,  7:06, 10 users,  load average: 43.81, 41.80, 37.55
[1m[33mwarning[39m[0m[1m:[0m [1m`VIRTUAL_ENV=/home/dannyb/sources/factorio-lab-to-blueprint/.venv` does not match the project environment path `.venv` and will be ignored; use `--active` to target the active environment instead[0m
6 cells of stress, 8 at a time, 16 CP-SAT workers each, cap 3600s
  X [  1/6]     7s freeform  stress   quantum-chip/all-products power=1 budget=30s         REFUSED    5.5s
  . [  2/6]    13s freeform  stress   quantum-chip/no-proliferator power=1 budget=30s      CLEAN     11.3s  <-- 11s
  . [  3/6]    18s freeform  stress   quantum-chip/output-products power=1 budget=30s      CLEAN     16.4s  <-- 16s
  . [  4/6]    30s sequence-pair stress   quantum-chip/no-proliferator power=1 budget=30s      CLEAN     28.9s  <-- 29s
  . [  5/6]    31s sequence-pair stress   quantum-chip/output-products power=1 budget=30s      CLEAN     29.5s  <-- 30s
  X [  6/6]    33s sequence-pair stress   quantum-chip/all-products power=1 budget=30s         REFUSED   31.1s  <-- 31s

=== freeform: 2/3 clean -- NOT CLEAN   (refused 1, invalid 0, crashed 0, not run 0)
    by check: {'<refused>': 1}
    REFUSED  quantum-chip/all-products power=1 budget=30s  every packing that wired was rejected by our own validator (geom.collide, prolif.sprayed_cargo_reaches_machines; findings: band 160 geom.collide (54, 808): build colliders intersect; band 160 geom.collide (85, 814): build colliders intersect; band 200 geom.collide (85, 814): build colliders intersect; band 200 geom.collide (54, 808): build colliders intersect); a placement that fails validation is refused rather than returned, because an invalid blueprint pastes and then does not run
    slowest: 16s freeform quantum-chip/output-products power=1 budget=30s, 11s freeform quantum-chip/no-proliferator power=1 budget=30s

=== sequence-pair: 2/3 clean -- NOT CLEAN   (refused 1, invalid 0, crashed 0, not run 0)
    by check: {'<refused>': 1}
    REFUSED  quantum-chip/all-products power=1 budget=30s  all 4 sequence islands refused: island 0: deadline exhausted before finding an exact layout; island 1: deadline exhausted before finding an exact layout; island 2: deadline exhausted before finding an exact layout; island 3: deadline exhausted before finding an exact layout
    slowest: 31s sequence-pair quantum-chip/all-products power=1 budget=30s, 30s sequence-pair quantum-chip/output-products power=1 budget=30s, 29s sequence-pair quantum-chip/no-proliferator power=1 budget=30s

33s wall, 6/6 cells
1 cells completed after their own requested search deadline; the largest completion tail was 1.1s. Emission, detailed routing already in flight, and validation finish atomically.

NOT CLEAN. An INVALID cell is worse than a REFUSED one: refusing emits nothing, while an invalid blueprint pastes and then does not run. Fix the invalid ones first.
  [quantum-chip exit 1]  01:21:00 up 22 days,  7:07, 10 users,  load average: 34.03, 39.76, 37.04
[1m[33mwarning[39m[0m[1m:[0m [1m`VIRTUAL_ENV=/home/dannyb/sources/factorio-lab-to-blueprint/.venv` does not match the project environment path `.venv` and will be ignored; use `--active` to target the active environment instead[0m
6 cells of stress, 8 at a time, 16 CP-SAT workers each, cap 3600s
  X [  1/6]     7s freeform  stress   universe-matrix/all-products power=1 budget=30s      REFUSED    5.9s
  X [  2/6]     7s freeform  stress   universe-matrix/output-products power=1 budget=30s   REFUSED    6.0s
  . [  3/6]    30s sequence-pair stress   universe-matrix/no-proliferator power=1 budget=30s   CLEAN     29.0s  <-- 29s
  X [  4/6]    32s sequence-pair stress   universe-matrix/all-products power=1 budget=30s      REFUSED   30.9s  <-- 31s
  X [  5/6]    32s sequence-pair stress   universe-matrix/output-products power=1 budget=30s   REFUSED   31.0s  <-- 31s
  . [  6/6]    34s freeform  stress   universe-matrix/no-proliferator power=1 budget=30s   CLEAN     32.7s  <-- 33s

=== freeform: 1/3 clean -- NOT CLEAN   (refused 2, invalid 0, crashed 0, not run 0)
    by check: {'<refused>': 2}
    REFUSED  universe-matrix/all-products power=1 budget=30s  every packing that wired was rejected by our own validator (prolif.sprayed_cargo_reaches_machines); a placement that fails validation is refused rather than returned, because an invalid blueprint pastes and then does not run
    REFUSED  universe-matrix/output-products power=1 budget=30s  every packing that wired was rejected by our own validator (prolif.sprayed_cargo_reaches_machines); a placement that fails validation is refused rather than returned, because an invalid blueprint pastes and then does not run
    slowest: 33s freeform universe-matrix/no-proliferator power=1 budget=30s

=== sequence-pair: 1/3 clean -- NOT CLEAN   (refused 2, invalid 0, crashed 0, not run 0)
    by check: {'<refused>': 2}
    REFUSED  universe-matrix/all-products power=1 budget=30s  all 4 sequence islands refused: island 0: deadline exhausted before finding an exact layout; island 1: deadline exhausted before finding an exact layout; island 2: deadline exhausted before finding an exact layout; island 3: deadline exhausted before finding an exact layout
    REFUSED  universe-matrix/output-products power=1 budget=30s  all 4 sequence islands refused: island 0: deadline exhausted before finding an exact layout; island 1: deadline exhausted before finding an exact layout; island 2: deadline exhausted before finding an exact layout; island 3: deadline exhausted before finding an exact layout
    slowest: 31s sequence-pair universe-matrix/output-products power=1 budget=30s, 31s sequence-pair universe-matrix/all-products power=1 budget=30s, 29s sequence-pair universe-matrix/no-proliferator power=1 budget=30s

34s wall, 6/6 cells
3 cells completed after their own requested search deadline; the largest completion tail was 2.7s. Emission, detailed routing already in flight, and validation finish atomically.

NOT CLEAN. An INVALID cell is worse than a REFUSED one: refusing emits nothing, while an invalid blueprint pastes and then does not run. Fix the invalid ones first.
  [universe-matrix exit 1]  01:21:35 up 22 days,  7:07, 10 users,  load average: 26.18, 37.16, 36.27
ARM seat DONE 2026-09-07T01:21:35-04:00
ARM seat REPORTED DONE 2026-09-07T01:23:32-04:00
