warning: `VIRTUAL_ENV=/home/dannyb/sources/factorio-lab-to-blueprint/.venv` does not match the project environment path `.venv` and will be ignored; use `--active` to target the active environment instead
72 cells, 1 at a time, 128 CP-SAT workers each, cap 7200s
  . [  1/72]    12s freeform  stress   quantum-chip/no-proliferator power=1 budget=30s      CLEAN     11.6s  <-- 12s
  . [  2/72]    39s freeform  stress   quantum-chip/all-products power=1 budget=30s         CLEAN     27.1s  <-- 27s
  . [  3/72]    57s freeform  stress   quantum-chip/output-products power=1 budget=30s      CLEAN     18.6s  <-- 19s
  . [  4/72]    86s sequence-pair stress   quantum-chip/no-proliferator power=1 budget=30s      CLEAN     28.7s  <-- 29s
  . [  5/72]   114s sequence-pair stress   quantum-chip/all-products power=1 budget=30s         CLEAN     28.6s  <-- 29s
  . [  6/72]   144s sequence-pair stress   quantum-chip/output-products power=1 budget=30s      CLEAN     29.5s  <-- 30s
  . [  7/72]   175s freeform  stress   universe-matrix/no-proliferator power=1 budget=30s   CLEAN     30.8s  <-- 31s
  . [  8/72]   207s freeform  stress   universe-matrix/all-products power=1 budget=30s      CLEAN     32.0s  <-- 32s
  . [  9/72]   243s freeform  stress   universe-matrix/output-products power=1 budget=30s   CLEAN     36.5s  <-- 36s
  . [ 10/72]   275s sequence-pair stress   universe-matrix/no-proliferator power=1 budget=30s   CLEAN     31.9s  <-- 32s
  . [ 11/72]   312s sequence-pair stress   universe-matrix/all-products power=1 budget=30s      CLEAN     36.6s  <-- 37s
  . [ 12/72]   340s sequence-pair stress   universe-matrix/output-products power=1 budget=30s   CLEAN     28.0s  <-- 28s
  . [ 13/72]   343s freeform  large    casimir-crystal/no-proliferator power=1 budget=30s   CLEAN      3.5s
  . [ 14/72]   361s freeform  large    casimir-crystal/all-products power=1 budget=30s      CLEAN     17.3s  <-- 17s
  . [ 15/72]   374s freeform  large    casimir-crystal/output-products power=1 budget=30s   CLEAN     13.6s  <-- 14s
  . [ 16/72]   405s sequence-pair large    casimir-crystal/no-proliferator power=1 budget=30s   CLEAN     30.8s  <-- 31s
  . [ 17/72]   434s sequence-pair large    casimir-crystal/all-products power=1 budget=30s      CLEAN     29.0s  <-- 29s
  . [ 18/72]   464s sequence-pair large    casimir-crystal/output-products power=1 budget=30s   CLEAN     29.8s  <-- 30s
  . [ 19/72]   497s freeform  large    information-matrix/no-proliferator power=1 budget=30s CLEAN     32.9s  <-- 33s
  . [ 20/72]   523s freeform  large    information-matrix/all-products power=1 budget=30s   CLEAN     25.7s  <-- 26s
  . [ 21/72]   550s freeform  large    information-matrix/output-products power=1 budget=30s CLEAN     27.3s  <-- 27s
  . [ 22/72]   580s sequence-pair large    information-matrix/no-proliferator power=1 budget=30s CLEAN     30.4s  <-- 30s
  . [ 23/72]   609s sequence-pair large    information-matrix/all-products power=1 budget=30s   CLEAN     28.4s  <-- 28s
  . [ 24/72]   634s sequence-pair large    information-matrix/output-products power=1 budget=30s CLEAN     25.2s  <-- 25s
  . [ 25/72]   641s freeform  mid      processor/no-proliferator power=1 budget=30s         CLEAN      7.2s
  . [ 26/72]   656s freeform  mid      processor/all-products power=1 budget=30s            CLEAN     14.5s  <-- 14s
  . [ 27/72]   667s freeform  mid      processor/output-products power=1 budget=30s         CLEAN     11.6s  <-- 12s
  . [ 28/72]   698s sequence-pair mid      processor/no-proliferator power=1 budget=30s         CLEAN     30.6s  <-- 31s
  . [ 29/72]   727s sequence-pair mid      processor/all-products power=1 budget=30s            CLEAN     29.6s  <-- 30s
  . [ 30/72]   757s sequence-pair mid      processor/output-products power=1 budget=30s         CLEAN     29.1s  <-- 29s
  . [ 31/72]   758s freeform  mid      energy-matrix/no-proliferator power=1 budget=30s     CLEAN      1.3s
  . [ 32/72]   760s freeform  mid      energy-matrix/all-products power=1 budget=30s        CLEAN      2.5s
  . [ 33/72]   764s freeform  mid      energy-matrix/output-products power=1 budget=30s     CLEAN      3.4s
  . [ 34/72]   795s sequence-pair mid      energy-matrix/no-proliferator power=1 budget=30s     CLEAN     31.4s  <-- 31s
  . [ 35/72]   826s sequence-pair mid      energy-matrix/all-products power=1 budget=30s        CLEAN     30.6s  <-- 31s
  . [ 36/72]   857s sequence-pair mid      energy-matrix/output-products power=1 budget=30s     CLEAN     31.2s  <-- 31s
  . [ 37/72]   883s freeform  mid      super-magnetic-ring/no-proliferator power=1 budget=30s CLEAN     26.1s  <-- 26s
  . [ 38/72]   911s freeform  mid      super-magnetic-ring/all-products power=1 budget=30s  CLEAN     27.5s  <-- 28s
  . [ 39/72]   938s freeform  mid      super-magnetic-ring/output-products power=1 budget=30s CLEAN     27.3s  <-- 27s
  . [ 40/72]   969s sequence-pair mid      super-magnetic-ring/no-proliferator power=1 budget=30s CLEAN     30.6s  <-- 31s
  . [ 41/72]   998s sequence-pair mid      super-magnetic-ring/all-products power=1 budget=30s  CLEAN     29.5s  <-- 30s
  . [ 42/72]  1027s sequence-pair mid      super-magnetic-ring/output-products power=1 budget=30s CLEAN     29.4s  <-- 29s
  . [ 43/72]  1028s freeform  small    graphene/no-proliferator power=1 budget=30s          CLEAN      1.0s
  . [ 44/72]  1031s freeform  small    graphene/all-products power=1 budget=30s             CLEAN      2.5s
  . [ 45/72]  1033s freeform  small    graphene/output-products power=1 budget=30s          CLEAN      1.7s
  . [ 46/72]  1061s sequence-pair small    graphene/no-proliferator power=1 budget=30s          CLEAN     29.0s  <-- 29s
  . [ 47/72]  1092s sequence-pair small    graphene/all-products power=1 budget=30s             CLEAN     30.7s  <-- 31s
  . [ 48/72]  1123s sequence-pair small    graphene/output-products power=1 budget=30s          CLEAN     31.0s  <-- 31s
  . [ 49/72]  1126s freeform  small    electromagnetic-matrix/no-proliferator power=1 budget=30s CLEAN      2.3s
  . [ 50/72]  1142s freeform  small    electromagnetic-matrix/all-products power=1 budget=30s CLEAN     16.0s  <-- 16s
  . [ 51/72]  1145s freeform  small    electromagnetic-matrix/output-products power=1 budget=30s CLEAN      3.9s
  . [ 52/72]  1177s sequence-pair small    electromagnetic-matrix/no-proliferator power=1 budget=30s CLEAN     31.3s  <-- 31s
  . [ 53/72]  1205s sequence-pair small    electromagnetic-matrix/all-products power=1 budget=30s CLEAN     28.7s  <-- 29s
  . [ 54/72]  1236s sequence-pair small    electromagnetic-matrix/output-products power=1 budget=30s CLEAN     30.4s  <-- 30s
  . [ 55/72]  1238s freeform  small    plastic/no-proliferator power=1 budget=30s           CLEAN      2.5s
  . [ 56/72]  1246s freeform  small    plastic/all-products power=1 budget=30s              CLEAN      7.8s
  . [ 57/72]  1251s freeform  small    plastic/output-products power=1 budget=30s           CLEAN      5.2s
  . [ 58/72]  1283s sequence-pair small    plastic/no-proliferator power=1 budget=30s           CLEAN     31.3s  <-- 31s
  . [ 59/72]  1312s sequence-pair small    plastic/all-products power=1 budget=30s              CLEAN     29.7s  <-- 30s
  . [ 60/72]  1343s sequence-pair small    plastic/output-products power=1 budget=30s           CLEAN     30.5s  <-- 30s
  . [ 61/72]  1343s freeform  trivial  iron-ingot/no-proliferator power=1 budget=30s        CLEAN      0.3s
  . [ 62/72]  1344s freeform  trivial  iron-ingot/all-products power=1 budget=30s           CLEAN      1.2s
  . [ 63/72]  1345s freeform  trivial  iron-ingot/output-products power=1 budget=30s        CLEAN      1.0s
  . [ 64/72]  1356s sequence-pair trivial  iron-ingot/no-proliferator power=1 budget=30s        CLEAN     10.7s  <-- 11s
  . [ 65/72]  1380s sequence-pair trivial  iron-ingot/all-products power=1 budget=30s           CLEAN     23.6s  <-- 24s
  . [ 66/72]  1403s sequence-pair trivial  iron-ingot/output-products power=1 budget=30s        CLEAN     23.9s  <-- 24s
  . [ 67/72]  1404s freeform  trivial  magnetic-coil/no-proliferator power=1 budget=30s     CLEAN      0.8s
  . [ 68/72]  1407s freeform  trivial  magnetic-coil/all-products power=1 budget=30s        CLEAN      3.2s
  . [ 69/72]  1409s freeform  trivial  magnetic-coil/output-products power=1 budget=30s     CLEAN      1.5s
  . [ 70/72]  1430s sequence-pair trivial  magnetic-coil/no-proliferator power=1 budget=30s     CLEAN     20.6s  <-- 21s
  . [ 71/72]  1460s sequence-pair trivial  magnetic-coil/all-products power=1 budget=30s        CLEAN     30.8s  <-- 31s
  . [ 72/72]  1491s sequence-pair trivial  magnetic-coil/output-products power=1 budget=30s     CLEAN     30.8s  <-- 31s

=== freeform: 36/36 clean -- CLEAN   (refused 0, invalid 0, crashed 0, not run 0)
    slowest: 36s freeform universe-matrix/output-products power=1 budget=30s, 33s freeform information-matrix/no-proliferator power=1 budget=30s, 32s freeform universe-matrix/all-products power=1 budget=30s, 31s freeform universe-matrix/no-proliferator power=1 budget=30s, 28s freeform super-magnetic-ring/all-products power=1 budget=30s

=== sequence-pair: 36/36 clean -- CLEAN   (refused 0, invalid 0, crashed 0, not run 0)
    slowest: 37s sequence-pair universe-matrix/all-products power=1 budget=30s, 32s sequence-pair universe-matrix/no-proliferator power=1 budget=30s, 31s sequence-pair energy-matrix/no-proliferator power=1 budget=30s, 31s sequence-pair electromagnetic-matrix/no-proliferator power=1 budget=30s, 31s sequence-pair plastic/no-proliferator power=1 budget=30s

1491s wall, 72/72 cells
21 cells completed after their own requested search deadline; the largest completion tail was 6.6s. Emission, detailed routing already in flight, and validation finish atomically.

EXIT=0
